Initializing document watcher...
Document watcher initialized
/User/settings.json: Using EditorConfig core...
ardyop7/README-cloudshell.txt: {}
ardyop7/README-cloudshell.txt: {}
No more open editors.
No more open editors.
/User/settings.json: Using EditorConfig core...
/User/settings.json: Using EditorConfig core...
/User/settings.json: Using EditorConfig core...
/User/settings.json: Using EditorConfig core...
/User/settings.json: Using EditorConfig core...
/User/settings.json: Using EditorConfig core...
/User/settings.json: Using EditorConfig core...
/User/settings.json: Using EditorConfig core...
ardyop7/main.py: {}
ardyop7/main.py: Using EditorConfig core...
ardyop7/main.py: Using EditorConfig core...
/User/settings.json: Using EditorConfig core...
/User/settings.json: Using EditorConfig core...
/User/settings.json: Using EditorConfig core...
/User/settings.json: Using EditorConfig core...
ardyop7/main.py: {}
ardyop7/main.py: Using EditorConfig core...
/User/settings.json: Using EditorConfig core...
ardyop7/main.py: {}
ardyop7/main.py: Using EditorConfig core...
ardyop7/main.py: Using EditorConfig core...
ardyop7/main.py: Using EditorConfig core...
ardyop7/main.py: {}
ardyop7/main.py: Using EditorConfig core...
/User/settings.json: Using EditorConfig core...
ardyop7/main.py: {}
ardyop7/main.py: Using EditorConfig core...
ardyop7/main.py: Using EditorConfig core...
/User/settings.json: Using EditorConfig core...
ardyop7/main.py: {}
ardyop7/main.py: Using EditorConfig core...
ardyop7/main.py: Using EditorConfig core...
