[Info  - 1:20:02 PM] 2024/08/18 13:20:02 Created View (#1)
	directory=/home/ardyop7
	view_type="AdHoc"
	root_dir="file:///home/ardyop7"
	go_version="go version go1.22.5 linux/amd64"
	build_flags=[]
	env={GOOS:linux GOARCH:amd64 GOCACHE:/home/ardyop7/.cache/go-build GOMODCACHE:/home/ardyop7/gopath/pkg/mod GOPATH:/home/ardyop7/gopath:/google/gopath GOPRIVATE: GOFLAGS: GO111MODULE: GOTOOLCHAIN:auto GoVersion:22 GoVersionOutput:go version go1.22.5 linux/amd64
 ExplicitGOWORK: EffectiveGOPACKAGESDRIVER:}
	env_overlay=[]

[Info  - 1:20:02 PM] 2024/08/18 13:20:02 go/packages.Load #1
	view_id="1"
	snapshot=0
	directory=/home/ardyop7
	query=[./ builtin]
	packages=2
	duration=129.986574ms

[Info  - 1:20:02 PM] 2024/08/18 13:20:02 Created View (#2)
	directory=/home/ardyop7
	view_type="AdHoc"
	root_dir="file:///home/ardyop7/golang"
	go_version="go version go1.22.5 linux/amd64"
	build_flags=[]
	env={GOOS:linux GOARCH:amd64 GOCACHE:/home/ardyop7/.cache/go-build GOMODCACHE:/home/ardyop7/gopath/pkg/mod GOPATH:/home/ardyop7/gopath:/google/gopath GOPRIVATE: GOFLAGS: GO111MODULE: GOTOOLCHAIN:auto GoVersion:22 GoVersionOutput:go version go1.22.5 linux/amd64
 ExplicitGOWORK: EffectiveGOPACKAGESDRIVER:}
	env_overlay=[]

[Info  - 1:20:03 PM] 2024/08/18 13:20:03 go/packages.Load #2
	view_id="2"
	snapshot=0
	directory=/home/ardyop7
	query=[./ builtin]
	packages=2
	duration=738.446659ms

[Info  - 1:20:32 PM] 2024/08/18 13:20:32 background imports cache refresh starting

[Info  - 1:20:32 PM] 2024/08/18 13:20:32 background refresh finished after 5.03286ms

[Info  - 1:20:32 PM] 2024/08/18 13:20:32 background imports cache refresh starting

[Info  - 1:20:32 PM] 2024/08/18 13:20:32 background refresh finished after 5.222838ms

[Info  - 1:24:03 PM] 2024/08/18 13:24:03 background imports cache refresh starting

[Info  - 1:24:03 PM] 2024/08/18 13:24:03 background refresh finished after 76.27µs

