Initializing document watcher...
Document watcher initialized
/User/settings.json: Using EditorConfig core...
/User/settings.json: Using EditorConfig core...
ardyop7/main/java/Main.java: {}
ardyop7/main/java/Main.java: {}
ardyop7/code(main)/python3/_temp_.py: {}
ardyop7/code(main)/python3/_temp_.py: Using EditorConfig core...
ardyop7/code(main)/python3/_temp_.py: Using EditorConfig core...
ardyop7/code(main)/python3/_temp_.py: Using EditorConfig core...
ardyop7/code(main)/python3/_temp_.py: Using EditorConfig core...
ardyop7/code(main)/python3/_temp_.py: Using EditorConfig core...
ardyop7/golang/main.go: {}
ardyop7/code(main)/python3/_temp_.py: {}
ardyop7/code(main)/python3/_temp_.py: Using EditorConfig core...
ardyop7/code(main)/python3/_temp_.py: Using EditorConfig core...
ardyop7/code(main)/python3/_temp_.py: Using EditorConfig core...
ardyop7/code(main)/python3/_temp_.py: Using EditorConfig core...
ardyop7/code(main)/python3/_temp_.py: Using EditorConfig core...
ardyop7/code(main)/python3/_temp_.py: Using EditorConfig core...
ardyop7/code(main)/python3/_temp_.py: Using EditorConfig core...
ardyop7/code(main)/python3/_temp_.py: Using EditorConfig core...
ardyop7/code(main)/python3/_temp_.py: Using EditorConfig core...
ardyop7/code(main)/python3/_temp_.py: Using EditorConfig core...
ardyop7/code(main)/python3/_temp_.py: Using EditorConfig core...
ardyop7/code(main)/python3/_temp_.py: Using EditorConfig core...
ardyop7/code(main)/python3/_temp_.py: Using EditorConfig core...
ardyop7/code(main)/python3/_temp_.py: Using EditorConfig core...
ardyop7/code(main)/python3/_temp_.py: Using EditorConfig core...
ardyop7/code(main)/python3/_temp_.py: Using EditorConfig core...
ardyop7/code(main)/python3/_temp_.py: Using EditorConfig core...
ardyop7/code(main)/python3/_temp_.py: Using EditorConfig core...
ardyop7/code(main)/python3/_temp_.py: Using EditorConfig core...
ardyop7/code(main)/python3/_temp_.py: Using EditorConfig core...
ardyop7/code(main)/python3/_temp_.py: Using EditorConfig core...
ardyop7/code(main)/python3/_temp_.py: {}
ardyop7/code(main)/python3/_temp_.py: Using EditorConfig core...
ardyop7/code(main)/python3/_temp_.py: Using EditorConfig core...
ardyop7/code(main)/python3/_temp_.py: Using EditorConfig core...
ardyop7/code(main)/python3/_temp_.py: Using EditorConfig core...
ardyop7/golang/main.go: {}
ardyop7/code(main)/python3/_temp_.py: {}
ardyop7/code(main)/python3/_temp_.py: {}
ardyop7/code(main)/python3/_temp_.py: {}
ardyop7/code(main)/python3/_temp_.py: {}
ardyop7/code(main)/python3/_temp_.py: {}
ardyop7/code(main)/python3/_temp_.py: {}
ardyop7/code(main)/python3/_temp_.py: {}
ardyop7/code(main)/python3/_temp_.py: {}
ardyop7/code(main)/python3/_temp_.py: {}
ardyop7/code(main)/python3/_temp_.py: Using EditorConfig core...
ardyop7/code(main)/python3/_temp_.py: Using EditorConfig core...
ardyop7/code(main)/python3/_temp_.py: Using EditorConfig core...
ardyop7/code(main)/python3/_temp_.py: Using EditorConfig core...
ardyop7/code(main)/python3/_temp_.py: Using EditorConfig core...
ardyop7/code(main)/python3/_temp_.py: Using EditorConfig core...
ardyop7/code(main)/python3/_temp_.py: Using EditorConfig core...
ardyop7/code(main)/python3/_temp_.py: Using EditorConfig core...
ardyop7/code(main)/python3/_temp_.py: {}
ardyop7/code(main)/python3/_temp_.py: {}
ardyop7/code(main)/python3/_temp_.py: {}
ardyop7/code(main)/python3/_temp_.py: {}
ardyop7/code(main)/python3/_temp_.py: {}
ardyop7/code(main)/python3/_temp_.py: {}
ardyop7/code(main)/python3/_temp_.py: {}
ardyop7/code(main)/python3/_temp_.py: {}
ardyop7/code(main)/python3/_temp_.py: {}
