WARNING: Using incubator modules: jdk.incubator.foreign, jdk.incubator.vector
Aug 29, 2024 3:42:48 PM org.apache.aries.spifly.BaseActivator log
INFO: Registered provider ch.qos.logback.classic.servlet.LogbackServletContainerInitializer of service jakarta.servlet.ServletContainerInitializer in bundle ch.qos.logback.classic
Aug 29, 2024 3:42:48 PM org.apache.aries.spifly.BaseActivator log
INFO: Registered provider ch.qos.logback.classic.spi.LogbackServiceProvider of service org.slf4j.spi.SLF4JServiceProvider in bundle ch.qos.logback.classic
Aug 29, 2024 3:43:07 PM com.microsoft.java.debug.plugin.internal.JavaDebuggerServerPlugin start
INFO: Starting com.microsoft.java.debug.plugin
[Error - 3:43:12 PM] Aug 29, 2024, 3:43:12 PM Error while handling document change. URI: file:///home/ardyop7/_temp.java
End position lies outside document range
org.eclipse.text.edits.MalformedTreeException: End position lies outside document range
	at org.eclipse.text.edits.TextEditProcessor.checkIntegrityDo(TextEditProcessor.java:180)
	at org.eclipse.text.edits.TextEdit.dispatchCheckIntegrity(TextEdit.java:746)
	at org.eclipse.text.edits.TextEditProcessor.performEdits(TextEditProcessor.java:153)
	at org.eclipse.text.edits.TextEdit.apply(TextEdit.java:714)
	at org.eclipse.jdt.ls.core.internal.handlers.BaseDocumentLifeCycleHandler.handleChanged(BaseDocumentLifeCycleHandler.java:503)
	at org.eclipse.jdt.ls.core.internal.handlers.BaseDocumentLifeCycleHandler.didChange(BaseDocumentLifeCycleHandler.java:360)
	at org.eclipse.jdt.ls.core.internal.handlers.JDTLanguageServer.didChange(JDTLanguageServer.java:882)
	at jdk.internal.reflect.GeneratedMethodAccessor11.invoke(Unknown Source)
	at java.base/jdk.internal.reflect.DelegatingMethodAccessorImpl.invoke(DelegatingMethodAccessorImpl.java:43)
	at java.base/java.lang.reflect.Method.invoke(Method.java:569)
	at org.eclipse.lsp4j.jsonrpc.services.GenericEndpoint.lambda$recursiveFindRpcMethods$0(GenericEndpoint.java:65)
	at org.eclipse.lsp4j.jsonrpc.services.GenericEndpoint.notify(GenericEndpoint.java:152)
	at org.eclipse.lsp4j.jsonrpc.RemoteEndpoint.handleNotification(RemoteEndpoint.java:231)
	at org.eclipse.lsp4j.jsonrpc.RemoteEndpoint.consume(RemoteEndpoint.java:198)
	at org.eclipse.jdt.ls.core.internal.ParentProcessWatcher.lambda$1(ParentProcessWatcher.java:144)
	at org.eclipse.lsp4j.jsonrpc.json.StreamMessageProducer.handleMessage(StreamMessageProducer.java:194)
	at org.eclipse.lsp4j.jsonrpc.json.StreamMessageProducer.listen(StreamMessageProducer.java:94)
	at org.eclipse.lsp4j.jsonrpc.json.ConcurrentMessageProcessor.run(ConcurrentMessageProcessor.java:113)
	at java.base/java.util.concurrent.Executors$RunnableAdapter.call(Executors.java:539)
	at java.base/java.util.concurrent.FutureTask.run(FutureTask.java:264)
	at java.base/java.util.concurrent.ThreadPoolExecutor.runWorker(ThreadPoolExecutor.java:1136)
	at java.base/java.util.concurrent.ThreadPoolExecutor$Worker.run(ThreadPoolExecutor.java:635)
	at java.base/java.lang.Thread.run(Thread.java:840)

[Error - 3:43:12 PM] Aug 29, 2024, 3:43:12 PM Error while handling document change. URI: file:///home/ardyop7/_temp.java
End position lies outside document range
org.eclipse.text.edits.MalformedTreeException: End position lies outside document range
	at org.eclipse.text.edits.TextEditProcessor.checkIntegrityDo(TextEditProcessor.java:180)
	at org.eclipse.text.edits.TextEdit.dispatchCheckIntegrity(TextEdit.java:746)
	at org.eclipse.text.edits.TextEditProcessor.performEdits(TextEditProcessor.java:153)
	at org.eclipse.text.edits.TextEdit.apply(TextEdit.java:714)
	at org.eclipse.jdt.ls.core.internal.handlers.BaseDocumentLifeCycleHandler.handleChanged(BaseDocumentLifeCycleHandler.java:503)
	at org.eclipse.jdt.ls.core.internal.handlers.BaseDocumentLifeCycleHandler.didChange(BaseDocumentLifeCycleHandler.java:360)
	at org.eclipse.jdt.ls.core.internal.handlers.JDTLanguageServer.didChange(JDTLanguageServer.java:882)
	at jdk.internal.reflect.GeneratedMethodAccessor11.invoke(Unknown Source)
	at java.base/jdk.internal.reflect.DelegatingMethodAccessorImpl.invoke(DelegatingMethodAccessorImpl.java:43)
	at java.base/java.lang.reflect.Method.invoke(Method.java:569)
	at org.eclipse.lsp4j.jsonrpc.services.GenericEndpoint.lambda$recursiveFindRpcMethods$0(GenericEndpoint.java:65)
	at org.eclipse.lsp4j.jsonrpc.services.GenericEndpoint.notify(GenericEndpoint.java:152)
	at org.eclipse.lsp4j.jsonrpc.RemoteEndpoint.handleNotification(RemoteEndpoint.java:231)
	at org.eclipse.lsp4j.jsonrpc.RemoteEndpoint.consume(RemoteEndpoint.java:198)
	at org.eclipse.jdt.ls.core.internal.ParentProcessWatcher.lambda$1(ParentProcessWatcher.java:144)
	at org.eclipse.lsp4j.jsonrpc.json.StreamMessageProducer.handleMessage(StreamMessageProducer.java:194)
	at org.eclipse.lsp4j.jsonrpc.json.StreamMessageProducer.listen(StreamMessageProducer.java:94)
	at org.eclipse.lsp4j.jsonrpc.json.ConcurrentMessageProcessor.run(ConcurrentMessageProcessor.java:113)
	at java.base/java.util.concurrent.Executors$RunnableAdapter.call(Executors.java:539)
	at java.base/java.util.concurrent.FutureTask.run(FutureTask.java:264)
	at java.base/java.util.concurrent.ThreadPoolExecutor.runWorker(ThreadPoolExecutor.java:1136)
	at java.base/java.util.concurrent.ThreadPoolExecutor$Worker.run(ThreadPoolExecutor.java:635)
	at java.base/java.lang.Thread.run(Thread.java:840)

[Error - 3:43:12 PM] Aug 29, 2024, 3:43:12 PM Error while handling document change. URI: file:///home/ardyop7/_temp.java
End position lies outside document range
org.eclipse.text.edits.MalformedTreeException: End position lies outside document range
	at org.eclipse.text.edits.TextEditProcessor.checkIntegrityDo(TextEditProcessor.java:180)
	at org.eclipse.text.edits.TextEdit.dispatchCheckIntegrity(TextEdit.java:746)
	at org.eclipse.text.edits.TextEditProcessor.performEdits(TextEditProcessor.java:153)
	at org.eclipse.text.edits.TextEdit.apply(TextEdit.java:714)
	at org.eclipse.jdt.ls.core.internal.handlers.BaseDocumentLifeCycleHandler.handleChanged(BaseDocumentLifeCycleHandler.java:503)
	at org.eclipse.jdt.ls.core.internal.handlers.BaseDocumentLifeCycleHandler.didChange(BaseDocumentLifeCycleHandler.java:360)
	at org.eclipse.jdt.ls.core.internal.handlers.JDTLanguageServer.didChange(JDTLanguageServer.java:882)
	at jdk.internal.reflect.GeneratedMethodAccessor11.invoke(Unknown Source)
	at java.base/jdk.internal.reflect.DelegatingMethodAccessorImpl.invoke(DelegatingMethodAccessorImpl.java:43)
	at java.base/java.lang.reflect.Method.invoke(Method.java:569)
	at org.eclipse.lsp4j.jsonrpc.services.GenericEndpoint.lambda$recursiveFindRpcMethods$0(GenericEndpoint.java:65)
	at org.eclipse.lsp4j.jsonrpc.services.GenericEndpoint.notify(GenericEndpoint.java:152)
	at org.eclipse.lsp4j.jsonrpc.RemoteEndpoint.handleNotification(RemoteEndpoint.java:231)
	at org.eclipse.lsp4j.jsonrpc.RemoteEndpoint.consume(RemoteEndpoint.java:198)
	at org.eclipse.jdt.ls.core.internal.ParentProcessWatcher.lambda$1(ParentProcessWatcher.java:144)
	at org.eclipse.lsp4j.jsonrpc.json.StreamMessageProducer.handleMessage(StreamMessageProducer.java:194)
	at org.eclipse.lsp4j.jsonrpc.json.StreamMessageProducer.listen(StreamMessageProducer.java:94)
	at org.eclipse.lsp4j.jsonrpc.json.ConcurrentMessageProcessor.run(ConcurrentMessageProcessor.java:113)
	at java.base/java.util.concurrent.Executors$RunnableAdapter.call(Executors.java:539)
	at java.base/java.util.concurrent.FutureTask.run(FutureTask.java:264)
	at java.base/java.util.concurrent.ThreadPoolExecutor.runWorker(ThreadPoolExecutor.java:1136)
	at java.base/java.util.concurrent.ThreadPoolExecutor$Worker.run(ThreadPoolExecutor.java:635)
	at java.base/java.lang.Thread.run(Thread.java:840)

Aug 29, 2024 3:43:13 PM org.eclipse.lsp4j.jsonrpc.RemoteEndpoint fallbackResponseError
SEVERE: Internal error: java.lang.NullPointerException: Cannot invoke "org.eclipse.jdt.core.dom.ASTNode.accept(org.eclipse.jdt.core.dom.ASTVisitor)" because "coveringNode" is null
java.util.concurrent.CompletionException: java.lang.NullPointerException: Cannot invoke "org.eclipse.jdt.core.dom.ASTNode.accept(org.eclipse.jdt.core.dom.ASTVisitor)" because "coveringNode" is null
	at java.base/java.util.concurrent.CompletableFuture.encodeThrowable(CompletableFuture.java:315)
	at java.base/java.util.concurrent.CompletableFuture.completeThrowable(CompletableFuture.java:320)
	at java.base/java.util.concurrent.CompletableFuture$UniApply.tryFire(CompletableFuture.java:649)
	at java.base/java.util.concurrent.CompletableFuture$Completion.run(CompletableFuture.java:482)
	at java.base/java.lang.Thread.run(Thread.java:840)
Caused by: java.lang.NullPointerException: Cannot invoke "org.eclipse.jdt.core.dom.ASTNode.accept(org.eclipse.jdt.core.dom.ASTVisitor)" because "coveringNode" is null
	at org.eclipse.jdt.ls.core.internal.text.correction.QuickAssistProcessor.getFullyCoveredNodes(QuickAssistProcessor.java:391)
	at org.eclipse.jdt.ls.core.internal.text.correction.SourceAssistProcessor.getSourceActionCommands(SourceAssistProcessor.java:123)
	at org.eclipse.jdt.ls.core.internal.handlers.CodeActionHandler.getCodeActionCommands(CodeActionHandler.java:237)
	at org.eclipse.jdt.ls.core.internal.handlers.JDTLanguageServer.lambda$14(JDTLanguageServer.java:753)
	at org.eclipse.jdt.ls.core.internal.BaseJDTLanguageServer.lambda$0(BaseJDTLanguageServer.java:87)
	at java.base/java.util.concurrent.CompletableFuture$UniApply.tryFire(CompletableFuture.java:646)
	... 2 more

[Error - 3:43:13 PM] Request textDocument/codeAction failed.
  Message: Internal error.
  Code: -32603 
java.util.concurrent.CompletionException: java.lang.NullPointerException: Cannot invoke "org.eclipse.jdt.core.dom.ASTNode.accept(org.eclipse.jdt.core.dom.ASTVisitor)" because "coveringNode" is null
	at java.base/java.util.concurrent.CompletableFuture.encodeThrowable(CompletableFuture.java:315)
	at java.base/java.util.concurrent.CompletableFuture.completeThrowable(CompletableFuture.java:320)
	at java.base/java.util.concurrent.CompletableFuture$UniApply.tryFire(CompletableFuture.java:649)
	at java.base/java.util.concurrent.CompletableFuture$Completion.run(CompletableFuture.java:482)
	at java.base/java.lang.Thread.run(Thread.java:840)
Caused by: java.lang.NullPointerException: Cannot invoke "org.eclipse.jdt.core.dom.ASTNode.accept(org.eclipse.jdt.core.dom.ASTVisitor)" because "coveringNode" is null
	at org.eclipse.jdt.ls.core.internal.text.correction.QuickAssistProcessor.getFullyCoveredNodes(QuickAssistProcessor.java:391)
	at org.eclipse.jdt.ls.core.internal.text.correction.SourceAssistProcessor.getSourceActionCommands(SourceAssistProcessor.java:123)
	at org.eclipse.jdt.ls.core.internal.handlers.CodeActionHandler.getCodeActionCommands(CodeActionHandler.java:237)
	at org.eclipse.jdt.ls.core.internal.handlers.JDTLanguageServer.lambda$14(JDTLanguageServer.java:753)
	at org.eclipse.jdt.ls.core.internal.BaseJDTLanguageServer.lambda$0(BaseJDTLanguageServer.java:87)
	at java.base/java.util.concurrent.CompletableFuture$UniApply.tryFire(CompletableFuture.java:646)
	... 2 more

[Error - 3:43:13 PM] Aug 29, 2024, 3:43:13 PM Error while handling document change. URI: file:///home/ardyop7/_temp.java
End position lies outside document range
org.eclipse.text.edits.MalformedTreeException: End position lies outside document range
	at org.eclipse.text.edits.TextEditProcessor.checkIntegrityDo(TextEditProcessor.java:180)
	at org.eclipse.text.edits.TextEdit.dispatchCheckIntegrity(TextEdit.java:746)
	at org.eclipse.text.edits.TextEditProcessor.performEdits(TextEditProcessor.java:153)
	at org.eclipse.text.edits.TextEdit.apply(TextEdit.java:714)
	at org.eclipse.jdt.ls.core.internal.handlers.BaseDocumentLifeCycleHandler.handleChanged(BaseDocumentLifeCycleHandler.java:503)
	at org.eclipse.jdt.ls.core.internal.handlers.BaseDocumentLifeCycleHandler.didChange(BaseDocumentLifeCycleHandler.java:360)
	at org.eclipse.jdt.ls.core.internal.handlers.JDTLanguageServer.didChange(JDTLanguageServer.java:882)
	at jdk.internal.reflect.GeneratedMethodAccessor11.invoke(Unknown Source)
	at java.base/jdk.internal.reflect.DelegatingMethodAccessorImpl.invoke(DelegatingMethodAccessorImpl.java:43)
	at java.base/java.lang.reflect.Method.invoke(Method.java:569)
	at org.eclipse.lsp4j.jsonrpc.services.GenericEndpoint.lambda$recursiveFindRpcMethods$0(GenericEndpoint.java:65)
	at org.eclipse.lsp4j.jsonrpc.services.GenericEndpoint.notify(GenericEndpoint.java:152)
	at org.eclipse.lsp4j.jsonrpc.RemoteEndpoint.handleNotification(RemoteEndpoint.java:231)
	at org.eclipse.lsp4j.jsonrpc.RemoteEndpoint.consume(RemoteEndpoint.java:198)
	at org.eclipse.jdt.ls.core.internal.ParentProcessWatcher.lambda$1(ParentProcessWatcher.java:144)
	at org.eclipse.lsp4j.jsonrpc.json.StreamMessageProducer.handleMessage(StreamMessageProducer.java:194)
	at org.eclipse.lsp4j.jsonrpc.json.StreamMessageProducer.listen(StreamMessageProducer.java:94)
	at org.eclipse.lsp4j.jsonrpc.json.ConcurrentMessageProcessor.run(ConcurrentMessageProcessor.java:113)
	at java.base/java.util.concurrent.Executors$RunnableAdapter.call(Executors.java:539)
	at java.base/java.util.concurrent.FutureTask.run(FutureTask.java:264)
	at java.base/java.util.concurrent.ThreadPoolExecutor.runWorker(ThreadPoolExecutor.java:1136)
	at java.base/java.util.concurrent.ThreadPoolExecutor$Worker.run(ThreadPoolExecutor.java:635)
	at java.base/java.lang.Thread.run(Thread.java:840)

[Error - 3:43:13 PM] Aug 29, 2024, 3:43:13 PM Error while handling document change. URI: file:///home/ardyop7/_temp.java
End position lies outside document range
org.eclipse.text.edits.MalformedTreeException: End position lies outside document range
	at org.eclipse.text.edits.TextEditProcessor.checkIntegrityDo(TextEditProcessor.java:180)
	at org.eclipse.text.edits.TextEdit.dispatchCheckIntegrity(TextEdit.java:746)
	at org.eclipse.text.edits.TextEditProcessor.performEdits(TextEditProcessor.java:153)
	at org.eclipse.text.edits.TextEdit.apply(TextEdit.java:714)
	at org.eclipse.jdt.ls.core.internal.handlers.BaseDocumentLifeCycleHandler.handleChanged(BaseDocumentLifeCycleHandler.java:503)
	at org.eclipse.jdt.ls.core.internal.handlers.BaseDocumentLifeCycleHandler.didChange(BaseDocumentLifeCycleHandler.java:360)
	at org.eclipse.jdt.ls.core.internal.handlers.JDTLanguageServer.didChange(JDTLanguageServer.java:882)
	at jdk.internal.reflect.GeneratedMethodAccessor11.invoke(Unknown Source)
	at java.base/jdk.internal.reflect.DelegatingMethodAccessorImpl.invoke(DelegatingMethodAccessorImpl.java:43)
	at java.base/java.lang.reflect.Method.invoke(Method.java:569)
	at org.eclipse.lsp4j.jsonrpc.services.GenericEndpoint.lambda$recursiveFindRpcMethods$0(GenericEndpoint.java:65)
	at org.eclipse.lsp4j.jsonrpc.services.GenericEndpoint.notify(GenericEndpoint.java:152)
	at org.eclipse.lsp4j.jsonrpc.RemoteEndpoint.handleNotification(RemoteEndpoint.java:231)
	at org.eclipse.lsp4j.jsonrpc.RemoteEndpoint.consume(RemoteEndpoint.java:198)
	at org.eclipse.jdt.ls.core.internal.ParentProcessWatcher.lambda$1(ParentProcessWatcher.java:144)
	at org.eclipse.lsp4j.jsonrpc.json.StreamMessageProducer.handleMessage(StreamMessageProducer.java:194)
	at org.eclipse.lsp4j.jsonrpc.json.StreamMessageProducer.listen(StreamMessageProducer.java:94)
	at org.eclipse.lsp4j.jsonrpc.json.ConcurrentMessageProcessor.run(ConcurrentMessageProcessor.java:113)
	at java.base/java.util.concurrent.Executors$RunnableAdapter.call(Executors.java:539)
	at java.base/java.util.concurrent.FutureTask.run(FutureTask.java:264)
	at java.base/java.util.concurrent.ThreadPoolExecutor.runWorker(ThreadPoolExecutor.java:1136)
	at java.base/java.util.concurrent.ThreadPoolExecutor$Worker.run(ThreadPoolExecutor.java:635)
	at java.base/java.lang.Thread.run(Thread.java:840)

[Error - 3:43:13 PM] Aug 29, 2024, 3:43:13 PM Error while handling document change. URI: file:///home/ardyop7/_temp.java
End position lies outside document range
org.eclipse.text.edits.MalformedTreeException: End position lies outside document range
	at org.eclipse.text.edits.TextEditProcessor.checkIntegrityDo(TextEditProcessor.java:180)
	at org.eclipse.text.edits.TextEdit.dispatchCheckIntegrity(TextEdit.java:746)
	at org.eclipse.text.edits.TextEditProcessor.performEdits(TextEditProcessor.java:153)
	at org.eclipse.text.edits.TextEdit.apply(TextEdit.java:714)
	at org.eclipse.jdt.ls.core.internal.handlers.BaseDocumentLifeCycleHandler.handleChanged(BaseDocumentLifeCycleHandler.java:503)
	at org.eclipse.jdt.ls.core.internal.handlers.BaseDocumentLifeCycleHandler.didChange(BaseDocumentLifeCycleHandler.java:360)
	at org.eclipse.jdt.ls.core.internal.handlers.JDTLanguageServer.didChange(JDTLanguageServer.java:882)
	at jdk.internal.reflect.GeneratedMethodAccessor11.invoke(Unknown Source)
	at java.base/jdk.internal.reflect.DelegatingMethodAccessorImpl.invoke(DelegatingMethodAccessorImpl.java:43)
	at java.base/java.lang.reflect.Method.invoke(Method.java:569)
	at org.eclipse.lsp4j.jsonrpc.services.GenericEndpoint.lambda$recursiveFindRpcMethods$0(GenericEndpoint.java:65)
	at org.eclipse.lsp4j.jsonrpc.services.GenericEndpoint.notify(GenericEndpoint.java:152)
	at org.eclipse.lsp4j.jsonrpc.RemoteEndpoint.handleNotification(RemoteEndpoint.java:231)
	at org.eclipse.lsp4j.jsonrpc.RemoteEndpoint.consume(RemoteEndpoint.java:198)
	at org.eclipse.jdt.ls.core.internal.ParentProcessWatcher.lambda$1(ParentProcessWatcher.java:144)
	at org.eclipse.lsp4j.jsonrpc.json.StreamMessageProducer.handleMessage(StreamMessageProducer.java:194)
	at org.eclipse.lsp4j.jsonrpc.json.StreamMessageProducer.listen(StreamMessageProducer.java:94)
	at org.eclipse.lsp4j.jsonrpc.json.ConcurrentMessageProcessor.run(ConcurrentMessageProcessor.java:113)
	at java.base/java.util.concurrent.Executors$RunnableAdapter.call(Executors.java:539)
	at java.base/java.util.concurrent.FutureTask.run(FutureTask.java:264)
	at java.base/java.util.concurrent.ThreadPoolExecutor.runWorker(ThreadPoolExecutor.java:1136)
	at java.base/java.util.concurrent.ThreadPoolExecutor$Worker.run(ThreadPoolExecutor.java:635)
	at java.base/java.lang.Thread.run(Thread.java:840)

[Error - 3:43:13 PM] Aug 29, 2024, 3:43:13 PM Error while handling document change. URI: file:///home/ardyop7/_temp.java
End position lies outside document range
org.eclipse.text.edits.MalformedTreeException: End position lies outside document range
	at org.eclipse.text.edits.TextEditProcessor.checkIntegrityDo(TextEditProcessor.java:180)
	at org.eclipse.text.edits.TextEdit.dispatchCheckIntegrity(TextEdit.java:746)
	at org.eclipse.text.edits.TextEditProcessor.performEdits(TextEditProcessor.java:153)
	at org.eclipse.text.edits.TextEdit.apply(TextEdit.java:714)
	at org.eclipse.jdt.ls.core.internal.handlers.BaseDocumentLifeCycleHandler.handleChanged(BaseDocumentLifeCycleHandler.java:503)
	at org.eclipse.jdt.ls.core.internal.handlers.BaseDocumentLifeCycleHandler.didChange(BaseDocumentLifeCycleHandler.java:360)
	at org.eclipse.jdt.ls.core.internal.handlers.JDTLanguageServer.didChange(JDTLanguageServer.java:882)
	at jdk.internal.reflect.GeneratedMethodAccessor11.invoke(Unknown Source)
	at java.base/jdk.internal.reflect.DelegatingMethodAccessorImpl.invoke(DelegatingMethodAccessorImpl.java:43)
	at java.base/java.lang.reflect.Method.invoke(Method.java:569)
	at org.eclipse.lsp4j.jsonrpc.services.GenericEndpoint.lambda$recursiveFindRpcMethods$0(GenericEndpoint.java:65)
	at org.eclipse.lsp4j.jsonrpc.services.GenericEndpoint.notify(GenericEndpoint.java:152)
	at org.eclipse.lsp4j.jsonrpc.RemoteEndpoint.handleNotification(RemoteEndpoint.java:231)
	at org.eclipse.lsp4j.jsonrpc.RemoteEndpoint.consume(RemoteEndpoint.java:198)
	at org.eclipse.jdt.ls.core.internal.ParentProcessWatcher.lambda$1(ParentProcessWatcher.java:144)
	at org.eclipse.lsp4j.jsonrpc.json.StreamMessageProducer.handleMessage(StreamMessageProducer.java:194)
	at org.eclipse.lsp4j.jsonrpc.json.StreamMessageProducer.listen(StreamMessageProducer.java:94)
	at org.eclipse.lsp4j.jsonrpc.json.ConcurrentMessageProcessor.run(ConcurrentMessageProcessor.java:113)
	at java.base/java.util.concurrent.Executors$RunnableAdapter.call(Executors.java:539)
	at java.base/java.util.concurrent.FutureTask.run(FutureTask.java:264)
	at java.base/java.util.concurrent.ThreadPoolExecutor.runWorker(ThreadPoolExecutor.java:1136)
	at java.base/java.util.concurrent.ThreadPoolExecutor$Worker.run(ThreadPoolExecutor.java:635)
	at java.base/java.lang.Thread.run(Thread.java:840)

[Error - 3:43:14 PM] Aug 29, 2024, 3:43:14 PM Error while handling document change. URI: file:///home/ardyop7/_temp.java
End position lies outside document range
org.eclipse.text.edits.MalformedTreeException: End position lies outside document range
	at org.eclipse.text.edits.TextEditProcessor.checkIntegrityDo(TextEditProcessor.java:180)
	at org.eclipse.text.edits.TextEdit.dispatchCheckIntegrity(TextEdit.java:746)
	at org.eclipse.text.edits.TextEditProcessor.performEdits(TextEditProcessor.java:153)
	at org.eclipse.text.edits.TextEdit.apply(TextEdit.java:714)
	at org.eclipse.jdt.ls.core.internal.handlers.BaseDocumentLifeCycleHandler.handleChanged(BaseDocumentLifeCycleHandler.java:503)
	at org.eclipse.jdt.ls.core.internal.handlers.BaseDocumentLifeCycleHandler.didChange(BaseDocumentLifeCycleHandler.java:360)
	at org.eclipse.jdt.ls.core.internal.handlers.JDTLanguageServer.didChange(JDTLanguageServer.java:882)
	at jdk.internal.reflect.GeneratedMethodAccessor11.invoke(Unknown Source)
	at java.base/jdk.internal.reflect.DelegatingMethodAccessorImpl.invoke(DelegatingMethodAccessorImpl.java:43)
	at java.base/java.lang.reflect.Method.invoke(Method.java:569)
	at org.eclipse.lsp4j.jsonrpc.services.GenericEndpoint.lambda$recursiveFindRpcMethods$0(GenericEndpoint.java:65)
	at org.eclipse.lsp4j.jsonrpc.services.GenericEndpoint.notify(GenericEndpoint.java:152)
	at org.eclipse.lsp4j.jsonrpc.RemoteEndpoint.handleNotification(RemoteEndpoint.java:231)
	at org.eclipse.lsp4j.jsonrpc.RemoteEndpoint.consume(RemoteEndpoint.java:198)
	at org.eclipse.jdt.ls.core.internal.ParentProcessWatcher.lambda$1(ParentProcessWatcher.java:144)
	at org.eclipse.lsp4j.jsonrpc.json.StreamMessageProducer.handleMessage(StreamMessageProducer.java:194)
	at org.eclipse.lsp4j.jsonrpc.json.StreamMessageProducer.listen(StreamMessageProducer.java:94)
	at org.eclipse.lsp4j.jsonrpc.json.ConcurrentMessageProcessor.run(ConcurrentMessageProcessor.java:113)
	at java.base/java.util.concurrent.Executors$RunnableAdapter.call(Executors.java:539)
	at java.base/java.util.concurrent.FutureTask.run(FutureTask.java:264)
	at java.base/java.util.concurrent.ThreadPoolExecutor.runWorker(ThreadPoolExecutor.java:1136)
	at java.base/java.util.concurrent.ThreadPoolExecutor$Worker.run(ThreadPoolExecutor.java:635)
	at java.base/java.lang.Thread.run(Thread.java:840)

[Error - 3:43:14 PM] Aug 29, 2024, 3:43:14 PM Error while handling document change. URI: file:///home/ardyop7/_temp.java
End position lies outside document range
org.eclipse.text.edits.MalformedTreeException: End position lies outside document range
	at org.eclipse.text.edits.TextEditProcessor.checkIntegrityDo(TextEditProcessor.java:180)
	at org.eclipse.text.edits.TextEdit.dispatchCheckIntegrity(TextEdit.java:746)
	at org.eclipse.text.edits.TextEditProcessor.performEdits(TextEditProcessor.java:153)
	at org.eclipse.text.edits.TextEdit.apply(TextEdit.java:714)
	at org.eclipse.jdt.ls.core.internal.handlers.BaseDocumentLifeCycleHandler.handleChanged(BaseDocumentLifeCycleHandler.java:503)
	at org.eclipse.jdt.ls.core.internal.handlers.BaseDocumentLifeCycleHandler.didChange(BaseDocumentLifeCycleHandler.java:360)
	at org.eclipse.jdt.ls.core.internal.handlers.JDTLanguageServer.didChange(JDTLanguageServer.java:882)
	at jdk.internal.reflect.GeneratedMethodAccessor11.invoke(Unknown Source)
	at java.base/jdk.internal.reflect.DelegatingMethodAccessorImpl.invoke(DelegatingMethodAccessorImpl.java:43)
	at java.base/java.lang.reflect.Method.invoke(Method.java:569)
	at org.eclipse.lsp4j.jsonrpc.services.GenericEndpoint.lambda$recursiveFindRpcMethods$0(GenericEndpoint.java:65)
	at org.eclipse.lsp4j.jsonrpc.services.GenericEndpoint.notify(GenericEndpoint.java:152)
	at org.eclipse.lsp4j.jsonrpc.RemoteEndpoint.handleNotification(RemoteEndpoint.java:231)
	at org.eclipse.lsp4j.jsonrpc.RemoteEndpoint.consume(RemoteEndpoint.java:198)
	at org.eclipse.jdt.ls.core.internal.ParentProcessWatcher.lambda$1(ParentProcessWatcher.java:144)
	at org.eclipse.lsp4j.jsonrpc.json.StreamMessageProducer.handleMessage(StreamMessageProducer.java:194)
	at org.eclipse.lsp4j.jsonrpc.json.StreamMessageProducer.listen(StreamMessageProducer.java:94)
	at org.eclipse.lsp4j.jsonrpc.json.ConcurrentMessageProcessor.run(ConcurrentMessageProcessor.java:113)
	at java.base/java.util.concurrent.Executors$RunnableAdapter.call(Executors.java:539)
	at java.base/java.util.concurrent.FutureTask.run(FutureTask.java:264)
	at java.base/java.util.concurrent.ThreadPoolExecutor.runWorker(ThreadPoolExecutor.java:1136)
	at java.base/java.util.concurrent.ThreadPoolExecutor$Worker.run(ThreadPoolExecutor.java:635)
	at java.base/java.lang.Thread.run(Thread.java:840)

[Error - 3:43:14 PM] Aug 29, 2024, 3:43:14 PM Error while handling document change. URI: file:///home/ardyop7/_temp.java
End position lies outside document range
org.eclipse.text.edits.MalformedTreeException: End position lies outside document range
	at org.eclipse.text.edits.TextEditProcessor.checkIntegrityDo(TextEditProcessor.java:180)
	at org.eclipse.text.edits.TextEdit.dispatchCheckIntegrity(TextEdit.java:746)
	at org.eclipse.text.edits.TextEditProcessor.performEdits(TextEditProcessor.java:153)
	at org.eclipse.text.edits.TextEdit.apply(TextEdit.java:714)
	at org.eclipse.jdt.ls.core.internal.handlers.BaseDocumentLifeCycleHandler.handleChanged(BaseDocumentLifeCycleHandler.java:503)
	at org.eclipse.jdt.ls.core.internal.handlers.BaseDocumentLifeCycleHandler.didChange(BaseDocumentLifeCycleHandler.java:360)
	at org.eclipse.jdt.ls.core.internal.handlers.JDTLanguageServer.didChange(JDTLanguageServer.java:882)
	at jdk.internal.reflect.GeneratedMethodAccessor11.invoke(Unknown Source)
	at java.base/jdk.internal.reflect.DelegatingMethodAccessorImpl.invoke(DelegatingMethodAccessorImpl.java:43)
	at java.base/java.lang.reflect.Method.invoke(Method.java:569)
	at org.eclipse.lsp4j.jsonrpc.services.GenericEndpoint.lambda$recursiveFindRpcMethods$0(GenericEndpoint.java:65)
	at org.eclipse.lsp4j.jsonrpc.services.GenericEndpoint.notify(GenericEndpoint.java:152)
	at org.eclipse.lsp4j.jsonrpc.RemoteEndpoint.handleNotification(RemoteEndpoint.java:231)
	at org.eclipse.lsp4j.jsonrpc.RemoteEndpoint.consume(RemoteEndpoint.java:198)
	at org.eclipse.jdt.ls.core.internal.ParentProcessWatcher.lambda$1(ParentProcessWatcher.java:144)
	at org.eclipse.lsp4j.jsonrpc.json.StreamMessageProducer.handleMessage(StreamMessageProducer.java:194)
	at org.eclipse.lsp4j.jsonrpc.json.StreamMessageProducer.listen(StreamMessageProducer.java:94)
	at org.eclipse.lsp4j.jsonrpc.json.ConcurrentMessageProcessor.run(ConcurrentMessageProcessor.java:113)
	at java.base/java.util.concurrent.Executors$RunnableAdapter.call(Executors.java:539)
	at java.base/java.util.concurrent.FutureTask.run(FutureTask.java:264)
	at java.base/java.util.concurrent.ThreadPoolExecutor.runWorker(ThreadPoolExecutor.java:1136)
	at java.base/java.util.concurrent.ThreadPoolExecutor$Worker.run(ThreadPoolExecutor.java:635)
	at java.base/java.lang.Thread.run(Thread.java:840)

Aug 29, 2024 3:43:14 PM org.eclipse.lsp4j.jsonrpc.RemoteEndpoint fallbackResponseError
SEVERE: Internal error: java.lang.NullPointerException: Cannot invoke "org.eclipse.jdt.core.dom.ASTNode.accept(org.eclipse.jdt.core.dom.ASTVisitor)" because "coveringNode" is null
java.util.concurrent.CompletionException: java.lang.NullPointerException: Cannot invoke "org.eclipse.jdt.core.dom.ASTNode.accept(org.eclipse.jdt.core.dom.ASTVisitor)" because "coveringNode" is null
	at java.base/java.util.concurrent.CompletableFuture.encodeThrowable(CompletableFuture.java:315)
	at java.base/java.util.concurrent.CompletableFuture.completeThrowable(CompletableFuture.java:320)
	at java.base/java.util.concurrent.CompletableFuture$UniApply.tryFire(CompletableFuture.java:649)
	at java.base/java.util.concurrent.CompletableFuture$Completion.run(CompletableFuture.java:482)
	at java.base/java.lang.Thread.run(Thread.java:840)
Caused by: java.lang.NullPointerException: Cannot invoke "org.eclipse.jdt.core.dom.ASTNode.accept(org.eclipse.jdt.core.dom.ASTVisitor)" because "coveringNode" is null
	at org.eclipse.jdt.ls.core.internal.text.correction.QuickAssistProcessor.getFullyCoveredNodes(QuickAssistProcessor.java:391)
	at org.eclipse.jdt.ls.core.internal.text.correction.SourceAssistProcessor.getSourceActionCommands(SourceAssistProcessor.java:123)
	at org.eclipse.jdt.ls.core.internal.handlers.CodeActionHandler.getCodeActionCommands(CodeActionHandler.java:237)
	at org.eclipse.jdt.ls.core.internal.handlers.JDTLanguageServer.lambda$14(JDTLanguageServer.java:753)
	at org.eclipse.jdt.ls.core.internal.BaseJDTLanguageServer.lambda$0(BaseJDTLanguageServer.java:87)
	at java.base/java.util.concurrent.CompletableFuture$UniApply.tryFire(CompletableFuture.java:646)
	... 2 more

[Error - 3:43:14 PM] Request textDocument/codeAction failed.
  Message: Internal error.
  Code: -32603 
java.util.concurrent.CompletionException: java.lang.NullPointerException: Cannot invoke "org.eclipse.jdt.core.dom.ASTNode.accept(org.eclipse.jdt.core.dom.ASTVisitor)" because "coveringNode" is null
	at java.base/java.util.concurrent.CompletableFuture.encodeThrowable(CompletableFuture.java:315)
	at java.base/java.util.concurrent.CompletableFuture.completeThrowable(CompletableFuture.java:320)
	at java.base/java.util.concurrent.CompletableFuture$UniApply.tryFire(CompletableFuture.java:649)
	at java.base/java.util.concurrent.CompletableFuture$Completion.run(CompletableFuture.java:482)
	at java.base/java.lang.Thread.run(Thread.java:840)
Caused by: java.lang.NullPointerException: Cannot invoke "org.eclipse.jdt.core.dom.ASTNode.accept(org.eclipse.jdt.core.dom.ASTVisitor)" because "coveringNode" is null
	at org.eclipse.jdt.ls.core.internal.text.correction.QuickAssistProcessor.getFullyCoveredNodes(QuickAssistProcessor.java:391)
	at org.eclipse.jdt.ls.core.internal.text.correction.SourceAssistProcessor.getSourceActionCommands(SourceAssistProcessor.java:123)
	at org.eclipse.jdt.ls.core.internal.handlers.CodeActionHandler.getCodeActionCommands(CodeActionHandler.java:237)
	at org.eclipse.jdt.ls.core.internal.handlers.JDTLanguageServer.lambda$14(JDTLanguageServer.java:753)
	at org.eclipse.jdt.ls.core.internal.BaseJDTLanguageServer.lambda$0(BaseJDTLanguageServer.java:87)
	at java.base/java.util.concurrent.CompletableFuture$UniApply.tryFire(CompletableFuture.java:646)
	... 2 more

[Error - 3:43:14 PM] Aug 29, 2024, 3:43:14 PM Error while handling document change. URI: file:///home/ardyop7/_temp.java
End position lies outside document range
org.eclipse.text.edits.MalformedTreeException: End position lies outside document range
	at org.eclipse.text.edits.TextEditProcessor.checkIntegrityDo(TextEditProcessor.java:180)
	at org.eclipse.text.edits.TextEdit.dispatchCheckIntegrity(TextEdit.java:746)
	at org.eclipse.text.edits.TextEditProcessor.performEdits(TextEditProcessor.java:153)
	at org.eclipse.text.edits.TextEdit.apply(TextEdit.java:714)
	at org.eclipse.jdt.ls.core.internal.handlers.BaseDocumentLifeCycleHandler.handleChanged(BaseDocumentLifeCycleHandler.java:503)
	at org.eclipse.jdt.ls.core.internal.handlers.BaseDocumentLifeCycleHandler.didChange(BaseDocumentLifeCycleHandler.java:360)
	at org.eclipse.jdt.ls.core.internal.handlers.JDTLanguageServer.didChange(JDTLanguageServer.java:882)
	at jdk.internal.reflect.GeneratedMethodAccessor11.invoke(Unknown Source)
	at java.base/jdk.internal.reflect.DelegatingMethodAccessorImpl.invoke(DelegatingMethodAccessorImpl.java:43)
	at java.base/java.lang.reflect.Method.invoke(Method.java:569)
	at org.eclipse.lsp4j.jsonrpc.services.GenericEndpoint.lambda$recursiveFindRpcMethods$0(GenericEndpoint.java:65)
	at org.eclipse.lsp4j.jsonrpc.services.GenericEndpoint.notify(GenericEndpoint.java:152)
	at org.eclipse.lsp4j.jsonrpc.RemoteEndpoint.handleNotification(RemoteEndpoint.java:231)
	at org.eclipse.lsp4j.jsonrpc.RemoteEndpoint.consume(RemoteEndpoint.java:198)
	at org.eclipse.jdt.ls.core.internal.ParentProcessWatcher.lambda$1(ParentProcessWatcher.java:144)
	at org.eclipse.lsp4j.jsonrpc.json.StreamMessageProducer.handleMessage(StreamMessageProducer.java:194)
	at org.eclipse.lsp4j.jsonrpc.json.StreamMessageProducer.listen(StreamMessageProducer.java:94)
	at org.eclipse.lsp4j.jsonrpc.json.ConcurrentMessageProcessor.run(ConcurrentMessageProcessor.java:113)
	at java.base/java.util.concurrent.Executors$RunnableAdapter.call(Executors.java:539)
	at java.base/java.util.concurrent.FutureTask.run(FutureTask.java:264)
	at java.base/java.util.concurrent.ThreadPoolExecutor.runWorker(ThreadPoolExecutor.java:1136)
	at java.base/java.util.concurrent.ThreadPoolExecutor$Worker.run(ThreadPoolExecutor.java:635)
	at java.base/java.lang.Thread.run(Thread.java:840)

Aug 29, 2024 3:43:15 PM org.eclipse.lsp4j.jsonrpc.RemoteEndpoint fallbackResponseError
SEVERE: Internal error: java.lang.NullPointerException: Cannot invoke "org.eclipse.jdt.core.dom.ASTNode.accept(org.eclipse.jdt.core.dom.ASTVisitor)" because "coveringNode" is null
java.util.concurrent.CompletionException: java.lang.NullPointerException: Cannot invoke "org.eclipse.jdt.core.dom.ASTNode.accept(org.eclipse.jdt.core.dom.ASTVisitor)" because "coveringNode" is null
	at java.base/java.util.concurrent.CompletableFuture.encodeThrowable(CompletableFuture.java:315)
	at java.base/java.util.concurrent.CompletableFuture.completeThrowable(CompletableFuture.java:320)
	at java.base/java.util.concurrent.CompletableFuture$UniApply.tryFire(CompletableFuture.java:649)
	at java.base/java.util.concurrent.CompletableFuture$Completion.run(CompletableFuture.java:482)
	at java.base/java.lang.Thread.run(Thread.java:840)
Caused by: java.lang.NullPointerException: Cannot invoke "org.eclipse.jdt.core.dom.ASTNode.accept(org.eclipse.jdt.core.dom.ASTVisitor)" because "coveringNode" is null
	at org.eclipse.jdt.ls.core.internal.text.correction.QuickAssistProcessor.getFullyCoveredNodes(QuickAssistProcessor.java:391)
	at org.eclipse.jdt.ls.core.internal.text.correction.SourceAssistProcessor.getSourceActionCommands(SourceAssistProcessor.java:123)
	at org.eclipse.jdt.ls.core.internal.handlers.CodeActionHandler.getCodeActionCommands(CodeActionHandler.java:237)
	at org.eclipse.jdt.ls.core.internal.handlers.JDTLanguageServer.lambda$14(JDTLanguageServer.java:753)
	at org.eclipse.jdt.ls.core.internal.BaseJDTLanguageServer.lambda$0(BaseJDTLanguageServer.java:87)
	at java.base/java.util.concurrent.CompletableFuture$UniApply.tryFire(CompletableFuture.java:646)
	... 2 more

[Error - 3:43:15 PM] Request textDocument/codeAction failed.
  Message: Internal error.
  Code: -32603 
java.util.concurrent.CompletionException: java.lang.NullPointerException: Cannot invoke "org.eclipse.jdt.core.dom.ASTNode.accept(org.eclipse.jdt.core.dom.ASTVisitor)" because "coveringNode" is null
	at java.base/java.util.concurrent.CompletableFuture.encodeThrowable(CompletableFuture.java:315)
	at java.base/java.util.concurrent.CompletableFuture.completeThrowable(CompletableFuture.java:320)
	at java.base/java.util.concurrent.CompletableFuture$UniApply.tryFire(CompletableFuture.java:649)
	at java.base/java.util.concurrent.CompletableFuture$Completion.run(CompletableFuture.java:482)
	at java.base/java.lang.Thread.run(Thread.java:840)
Caused by: java.lang.NullPointerException: Cannot invoke "org.eclipse.jdt.core.dom.ASTNode.accept(org.eclipse.jdt.core.dom.ASTVisitor)" because "coveringNode" is null
	at org.eclipse.jdt.ls.core.internal.text.correction.QuickAssistProcessor.getFullyCoveredNodes(QuickAssistProcessor.java:391)
	at org.eclipse.jdt.ls.core.internal.text.correction.SourceAssistProcessor.getSourceActionCommands(SourceAssistProcessor.java:123)
	at org.eclipse.jdt.ls.core.internal.handlers.CodeActionHandler.getCodeActionCommands(CodeActionHandler.java:237)
	at org.eclipse.jdt.ls.core.internal.handlers.JDTLanguageServer.lambda$14(JDTLanguageServer.java:753)
	at org.eclipse.jdt.ls.core.internal.BaseJDTLanguageServer.lambda$0(BaseJDTLanguageServer.java:87)
	at java.base/java.util.concurrent.CompletableFuture$UniApply.tryFire(CompletableFuture.java:646)
	... 2 more

[Error - 3:43:28 PM] Aug 29, 2024, 3:43:28 PM Problem resolving refactor code actions
_tem {key=L_temp~_tem;} [in [Working copy] _temp.java [in <default> [in src [in jdt.ls-java-project]]]] does not exist
Java Model Exception: Error in Java Model (code 969): _tem {key=L_temp~_tem;} [in [Working copy] _temp.java [in <default> [in src [in jdt.ls-java-project]]]] does not exist
	at org.eclipse.jdt.internal.core.JavaElement.newNotPresentException(JavaElement.java:562)
	at org.eclipse.jdt.internal.core.JavaElement.openWhenClosed(JavaElement.java:605)
	at org.eclipse.jdt.internal.core.JavaElement.getElementInfo(JavaElement.java:308)
	at org.eclipse.jdt.internal.core.JavaElement.getElementInfo(JavaElement.java:294)
	at org.eclipse.jdt.internal.core.JavaElement.getChildren(JavaElement.java:249)
	at org.eclipse.jdt.internal.core.JavaElement.getChildrenOfType(JavaElement.java:263)
	at org.eclipse.jdt.internal.core.SourceType.getMethods(SourceType.java:500)
	at org.eclipse.jdt.ls.core.internal.text.correction.RefactorProposalUtility.getUniqueMethodName(RefactorProposalUtility.java:1027)
	at org.eclipse.jdt.ls.core.internal.text.correction.RefactorProposalUtility.getExtractMethodProposal(RefactorProposalUtility.java:825)
	at org.eclipse.jdt.ls.core.internal.text.correction.RefactorProposalUtility.getExtractMethodCommandProposal(RefactorProposalUtility.java:296)
	at org.eclipse.jdt.ls.core.internal.corrections.RefactorProcessor.getExtractMethodProposal(RefactorProcessor.java:286)
	at org.eclipse.jdt.ls.core.internal.corrections.RefactorProcessor.getProposals(RefactorProcessor.java:143)
	at org.eclipse.jdt.ls.core.internal.handlers.CodeActionHandler.getCodeActionCommands(CodeActionHandler.java:201)
	at org.eclipse.jdt.ls.core.internal.handlers.JDTLanguageServer.lambda$14(JDTLanguageServer.java:753)
	at org.eclipse.jdt.ls.core.internal.BaseJDTLanguageServer.lambda$0(BaseJDTLanguageServer.java:87)
	at java.base/java.util.concurrent.CompletableFuture$UniApply.tryFire(CompletableFuture.java:646)
	at java.base/java.util.concurrent.CompletableFuture$Completion.run(CompletableFuture.java:482)
	at java.base/java.lang.Thread.run(Thread.java:840)

[Error - 3:43:30 PM] Aug 29, 2024, 3:43:30 PM Error while handling document change. URI: file:///home/ardyop7/_temp.java
End position lies outside document range
org.eclipse.text.edits.MalformedTreeException: End position lies outside document range
	at org.eclipse.text.edits.TextEditProcessor.checkIntegrityDo(TextEditProcessor.java:180)
	at org.eclipse.text.edits.TextEdit.dispatchCheckIntegrity(TextEdit.java:746)
	at org.eclipse.text.edits.TextEditProcessor.performEdits(TextEditProcessor.java:153)
	at org.eclipse.text.edits.TextEdit.apply(TextEdit.java:714)
	at org.eclipse.jdt.ls.core.internal.handlers.BaseDocumentLifeCycleHandler.handleChanged(BaseDocumentLifeCycleHandler.java:503)
	at org.eclipse.jdt.ls.core.internal.handlers.BaseDocumentLifeCycleHandler.didChange(BaseDocumentLifeCycleHandler.java:360)
	at org.eclipse.jdt.ls.core.internal.handlers.JDTLanguageServer.didChange(JDTLanguageServer.java:882)
	at jdk.internal.reflect.GeneratedMethodAccessor11.invoke(Unknown Source)
	at java.base/jdk.internal.reflect.DelegatingMethodAccessorImpl.invoke(DelegatingMethodAccessorImpl.java:43)
	at java.base/java.lang.reflect.Method.invoke(Method.java:569)
	at org.eclipse.lsp4j.jsonrpc.services.GenericEndpoint.lambda$recursiveFindRpcMethods$0(GenericEndpoint.java:65)
	at org.eclipse.lsp4j.jsonrpc.services.GenericEndpoint.notify(GenericEndpoint.java:152)
	at org.eclipse.lsp4j.jsonrpc.RemoteEndpoint.handleNotification(RemoteEndpoint.java:231)
	at org.eclipse.lsp4j.jsonrpc.RemoteEndpoint.consume(RemoteEndpoint.java:198)
	at org.eclipse.jdt.ls.core.internal.ParentProcessWatcher.lambda$1(ParentProcessWatcher.java:144)
	at org.eclipse.lsp4j.jsonrpc.json.StreamMessageProducer.handleMessage(StreamMessageProducer.java:194)
	at org.eclipse.lsp4j.jsonrpc.json.StreamMessageProducer.listen(StreamMessageProducer.java:94)
	at org.eclipse.lsp4j.jsonrpc.json.ConcurrentMessageProcessor.run(ConcurrentMessageProcessor.java:113)
	at java.base/java.util.concurrent.Executors$RunnableAdapter.call(Executors.java:539)
	at java.base/java.util.concurrent.FutureTask.run(FutureTask.java:264)
	at java.base/java.util.concurrent.ThreadPoolExecutor.runWorker(ThreadPoolExecutor.java:1136)
	at java.base/java.util.concurrent.ThreadPoolExecutor$Worker.run(ThreadPoolExecutor.java:635)
	at java.base/java.lang.Thread.run(Thread.java:840)

Aug 29, 2024 3:43:30 PM org.eclipse.lsp4j.jsonrpc.RemoteEndpoint fallbackResponseError
SEVERE: Internal error: java.lang.NullPointerException: Cannot invoke "org.eclipse.jdt.core.dom.ASTNode.accept(org.eclipse.jdt.core.dom.ASTVisitor)" because "coveringNode" is null
java.util.concurrent.CompletionException: java.lang.NullPointerException: Cannot invoke "org.eclipse.jdt.core.dom.ASTNode.accept(org.eclipse.jdt.core.dom.ASTVisitor)" because "coveringNode" is null
	at java.base/java.util.concurrent.CompletableFuture.encodeThrowable(CompletableFuture.java:315)
	at java.base/java.util.concurrent.CompletableFuture.completeThrowable(CompletableFuture.java:320)
	at java.base/java.util.concurrent.CompletableFuture$UniApply.tryFire(CompletableFuture.java:649)
	at java.base/java.util.concurrent.CompletableFuture$Completion.run(CompletableFuture.java:482)
	at java.base/java.lang.Thread.run(Thread.java:840)
Caused by: java.lang.NullPointerException: Cannot invoke "org.eclipse.jdt.core.dom.ASTNode.accept(org.eclipse.jdt.core.dom.ASTVisitor)" because "coveringNode" is null
	at org.eclipse.jdt.ls.core.internal.text.correction.QuickAssistProcessor.getFullyCoveredNodes(QuickAssistProcessor.java:391)
	at org.eclipse.jdt.ls.core.internal.text.correction.SourceAssistProcessor.getSourceActionCommands(SourceAssistProcessor.java:123)
	at org.eclipse.jdt.ls.core.internal.handlers.CodeActionHandler.getCodeActionCommands(CodeActionHandler.java:237)
	at org.eclipse.jdt.ls.core.internal.handlers.JDTLanguageServer.lambda$14(JDTLanguageServer.java:753)
	at org.eclipse.jdt.ls.core.internal.BaseJDTLanguageServer.lambda$0(BaseJDTLanguageServer.java:87)
	at java.base/java.util.concurrent.CompletableFuture$UniApply.tryFire(CompletableFuture.java:646)
	... 2 more

[Error - 3:43:30 PM] Request textDocument/codeAction failed.
  Message: Internal error.
  Code: -32603 
java.util.concurrent.CompletionException: java.lang.NullPointerException: Cannot invoke "org.eclipse.jdt.core.dom.ASTNode.accept(org.eclipse.jdt.core.dom.ASTVisitor)" because "coveringNode" is null
	at java.base/java.util.concurrent.CompletableFuture.encodeThrowable(CompletableFuture.java:315)
	at java.base/java.util.concurrent.CompletableFuture.completeThrowable(CompletableFuture.java:320)
	at java.base/java.util.concurrent.CompletableFuture$UniApply.tryFire(CompletableFuture.java:649)
	at java.base/java.util.concurrent.CompletableFuture$Completion.run(CompletableFuture.java:482)
	at java.base/java.lang.Thread.run(Thread.java:840)
Caused by: java.lang.NullPointerException: Cannot invoke "org.eclipse.jdt.core.dom.ASTNode.accept(org.eclipse.jdt.core.dom.ASTVisitor)" because "coveringNode" is null
	at org.eclipse.jdt.ls.core.internal.text.correction.QuickAssistProcessor.getFullyCoveredNodes(QuickAssistProcessor.java:391)
	at org.eclipse.jdt.ls.core.internal.text.correction.SourceAssistProcessor.getSourceActionCommands(SourceAssistProcessor.java:123)
	at org.eclipse.jdt.ls.core.internal.handlers.CodeActionHandler.getCodeActionCommands(CodeActionHandler.java:237)
	at org.eclipse.jdt.ls.core.internal.handlers.JDTLanguageServer.lambda$14(JDTLanguageServer.java:753)
	at org.eclipse.jdt.ls.core.internal.BaseJDTLanguageServer.lambda$0(BaseJDTLanguageServer.java:87)
	at java.base/java.util.concurrent.CompletableFuture$UniApply.tryFire(CompletableFuture.java:646)
	... 2 more

Aug 29, 2024 3:43:30 PM org.eclipse.lsp4j.jsonrpc.RemoteEndpoint fallbackResponseError
SEVERE: Internal error: java.lang.NullPointerException: Cannot invoke "org.eclipse.jdt.core.dom.ASTNode.accept(org.eclipse.jdt.core.dom.ASTVisitor)" because "coveringNode" is null
java.util.concurrent.CompletionException: java.lang.NullPointerException: Cannot invoke "org.eclipse.jdt.core.dom.ASTNode.accept(org.eclipse.jdt.core.dom.ASTVisitor)" because "coveringNode" is null
	at java.base/java.util.concurrent.CompletableFuture.encodeThrowable(CompletableFuture.java:315)
	at java.base/java.util.concurrent.CompletableFuture.completeThrowable(CompletableFuture.java:320)
	at java.base/java.util.concurrent.CompletableFuture$UniApply.tryFire(CompletableFuture.java:649)
	at java.base/java.util.concurrent.CompletableFuture$Completion.run(CompletableFuture.java:482)
	at java.base/java.lang.Thread.run(Thread.java:840)
Caused by: java.lang.NullPointerException: Cannot invoke "org.eclipse.jdt.core.dom.ASTNode.accept(org.eclipse.jdt.core.dom.ASTVisitor)" because "coveringNode" is null
	at org.eclipse.jdt.ls.core.internal.text.correction.QuickAssistProcessor.getFullyCoveredNodes(QuickAssistProcessor.java:391)
	at org.eclipse.jdt.ls.core.internal.text.correction.SourceAssistProcessor.getSourceActionCommands(SourceAssistProcessor.java:123)
	at org.eclipse.jdt.ls.core.internal.handlers.CodeActionHandler.getCodeActionCommands(CodeActionHandler.java:237)
	at org.eclipse.jdt.ls.core.internal.handlers.JDTLanguageServer.lambda$14(JDTLanguageServer.java:753)
	at org.eclipse.jdt.ls.core.internal.BaseJDTLanguageServer.lambda$0(BaseJDTLanguageServer.java:87)
	at java.base/java.util.concurrent.CompletableFuture$UniApply.tryFire(CompletableFuture.java:646)
	... 2 more

[Error - 3:43:30 PM] Request textDocument/codeAction failed.
  Message: Internal error.
  Code: -32603 
java.util.concurrent.CompletionException: java.lang.NullPointerException: Cannot invoke "org.eclipse.jdt.core.dom.ASTNode.accept(org.eclipse.jdt.core.dom.ASTVisitor)" because "coveringNode" is null
	at java.base/java.util.concurrent.CompletableFuture.encodeThrowable(CompletableFuture.java:315)
	at java.base/java.util.concurrent.CompletableFuture.completeThrowable(CompletableFuture.java:320)
	at java.base/java.util.concurrent.CompletableFuture$UniApply.tryFire(CompletableFuture.java:649)
	at java.base/java.util.concurrent.CompletableFuture$Completion.run(CompletableFuture.java:482)
	at java.base/java.lang.Thread.run(Thread.java:840)
Caused by: java.lang.NullPointerException: Cannot invoke "org.eclipse.jdt.core.dom.ASTNode.accept(org.eclipse.jdt.core.dom.ASTVisitor)" because "coveringNode" is null
	at org.eclipse.jdt.ls.core.internal.text.correction.QuickAssistProcessor.getFullyCoveredNodes(QuickAssistProcessor.java:391)
	at org.eclipse.jdt.ls.core.internal.text.correction.SourceAssistProcessor.getSourceActionCommands(SourceAssistProcessor.java:123)
	at org.eclipse.jdt.ls.core.internal.handlers.CodeActionHandler.getCodeActionCommands(CodeActionHandler.java:237)
	at org.eclipse.jdt.ls.core.internal.handlers.JDTLanguageServer.lambda$14(JDTLanguageServer.java:753)
	at org.eclipse.jdt.ls.core.internal.BaseJDTLanguageServer.lambda$0(BaseJDTLanguageServer.java:87)
	at java.base/java.util.concurrent.CompletableFuture$UniApply.tryFire(CompletableFuture.java:646)
	... 2 more

Aug 29, 2024 3:44:13 PM org.eclipse.lsp4j.jsonrpc.RemoteEndpoint handleCancellation
WARNING: Unmatched cancel notification for request id 324
Aug 29, 2024 3:44:13 PM org.eclipse.lsp4j.jsonrpc.RemoteEndpoint handleCancellation
WARNING: Unmatched cancel notification for request id 325
Aug 29, 2024 3:44:13 PM org.eclipse.lsp4j.jsonrpc.RemoteEndpoint handleCancellation
WARNING: Unmatched cancel notification for request id 326
Aug 29, 2024 3:44:39 PM org.eclipse.lsp4j.jsonrpc.RemoteEndpoint handleCancellation
WARNING: Unmatched cancel notification for request id 396
Aug 29, 2024 3:44:39 PM org.eclipse.lsp4j.jsonrpc.RemoteEndpoint handleCancellation
WARNING: Unmatched cancel notification for request id 397
Aug 29, 2024 3:44:39 PM org.eclipse.lsp4j.jsonrpc.RemoteEndpoint handleCancellation
WARNING: Unmatched cancel notification for request id 398
Aug 29, 2024 3:44:39 PM org.eclipse.lsp4j.jsonrpc.RemoteEndpoint handleCancellation
WARNING: Unmatched cancel notification for request id 400
Aug 29, 2024 3:44:39 PM org.eclipse.lsp4j.jsonrpc.RemoteEndpoint handleCancellation
WARNING: Unmatched cancel notification for request id 406
Aug 29, 2024 3:44:49 PM org.eclipse.lsp4j.jsonrpc.RemoteEndpoint handleCancellation
WARNING: Unmatched cancel notification for request id 481
Aug 29, 2024 3:44:49 PM org.eclipse.lsp4j.jsonrpc.RemoteEndpoint handleCancellation
WARNING: Unmatched cancel notification for request id 482
Aug 29, 2024 3:44:50 PM org.eclipse.lsp4j.jsonrpc.RemoteEndpoint handleCancellation
WARNING: Unmatched cancel notification for request id 484
Aug 29, 2024 3:44:50 PM org.eclipse.lsp4j.jsonrpc.RemoteEndpoint handleCancellation
WARNING: Unmatched cancel notification for request id 491
Aug 29, 2024 3:44:50 PM org.eclipse.lsp4j.jsonrpc.RemoteEndpoint handleCancellation
WARNING: Unmatched cancel notification for request id 493
Aug 29, 2024 3:44:50 PM org.eclipse.lsp4j.jsonrpc.RemoteEndpoint handleCancellation
WARNING: Unmatched cancel notification for request id 496
Aug 29, 2024 3:46:11 PM org.eclipse.lsp4j.jsonrpc.RemoteEndpoint handleCancellation
WARNING: Unmatched cancel notification for request id 855
Aug 29, 2024 3:47:00 PM org.eclipse.lsp4j.jsonrpc.RemoteEndpoint handleCancellation
WARNING: Unmatched cancel notification for request id 970
Aug 29, 2024 3:48:29 PM org.eclipse.lsp4j.jsonrpc.RemoteEndpoint handleCancellation
WARNING: Unmatched cancel notification for request id 1186
Aug 29, 2024 3:48:51 PM org.eclipse.lsp4j.jsonrpc.RemoteEndpoint handleCancellation
WARNING: Unmatched cancel notification for request id 1199
Aug 29, 2024 3:49:37 PM org.eclipse.lsp4j.jsonrpc.RemoteEndpoint handleCancellation
WARNING: Unmatched cancel notification for request id 1321
Aug 29, 2024 3:50:10 PM org.eclipse.lsp4j.jsonrpc.RemoteEndpoint handleCancellation
WARNING: Unmatched cancel notification for request id 1422
Aug 29, 2024 3:50:17 PM org.eclipse.lsp4j.jsonrpc.RemoteEndpoint fallbackResponseError
SEVERE: Internal error: java.lang.NullPointerException: Cannot invoke "org.eclipse.jdt.core.dom.ASTNode.accept(org.eclipse.jdt.core.dom.ASTVisitor)" because "coveringNode" is null
java.util.concurrent.CompletionException: java.lang.NullPointerException: Cannot invoke "org.eclipse.jdt.core.dom.ASTNode.accept(org.eclipse.jdt.core.dom.ASTVisitor)" because "coveringNode" is null
	at java.base/java.util.concurrent.CompletableFuture.encodeThrowable(CompletableFuture.java:315)
	at java.base/java.util.concurrent.CompletableFuture.completeThrowable(CompletableFuture.java:320)
	at java.base/java.util.concurrent.CompletableFuture$UniApply.tryFire(CompletableFuture.java:649)
	at java.base/java.util.concurrent.CompletableFuture$Completion.run(CompletableFuture.java:482)
	at java.base/java.lang.Thread.run(Thread.java:840)
Caused by: java.lang.NullPointerException: Cannot invoke "org.eclipse.jdt.core.dom.ASTNode.accept(org.eclipse.jdt.core.dom.ASTVisitor)" because "coveringNode" is null
	at org.eclipse.jdt.ls.core.internal.text.correction.QuickAssistProcessor.getFullyCoveredNodes(QuickAssistProcessor.java:391)
	at org.eclipse.jdt.ls.core.internal.text.correction.SourceAssistProcessor.getSourceActionCommands(SourceAssistProcessor.java:123)
	at org.eclipse.jdt.ls.core.internal.handlers.CodeActionHandler.getCodeActionCommands(CodeActionHandler.java:237)
	at org.eclipse.jdt.ls.core.internal.handlers.JDTLanguageServer.lambda$14(JDTLanguageServer.java:753)
	at org.eclipse.jdt.ls.core.internal.BaseJDTLanguageServer.lambda$0(BaseJDTLanguageServer.java:87)
	at java.base/java.util.concurrent.CompletableFuture$UniApply.tryFire(CompletableFuture.java:646)
	... 2 more

[Error - 3:50:17 PM] Request textDocument/codeAction failed.
  Message: Internal error.
  Code: -32603 
java.util.concurrent.CompletionException: java.lang.NullPointerException: Cannot invoke "org.eclipse.jdt.core.dom.ASTNode.accept(org.eclipse.jdt.core.dom.ASTVisitor)" because "coveringNode" is null
	at java.base/java.util.concurrent.CompletableFuture.encodeThrowable(CompletableFuture.java:315)
	at java.base/java.util.concurrent.CompletableFuture.completeThrowable(CompletableFuture.java:320)
	at java.base/java.util.concurrent.CompletableFuture$UniApply.tryFire(CompletableFuture.java:649)
	at java.base/java.util.concurrent.CompletableFuture$Completion.run(CompletableFuture.java:482)
	at java.base/java.lang.Thread.run(Thread.java:840)
Caused by: java.lang.NullPointerException: Cannot invoke "org.eclipse.jdt.core.dom.ASTNode.accept(org.eclipse.jdt.core.dom.ASTVisitor)" because "coveringNode" is null
	at org.eclipse.jdt.ls.core.internal.text.correction.QuickAssistProcessor.getFullyCoveredNodes(QuickAssistProcessor.java:391)
	at org.eclipse.jdt.ls.core.internal.text.correction.SourceAssistProcessor.getSourceActionCommands(SourceAssistProcessor.java:123)
	at org.eclipse.jdt.ls.core.internal.handlers.CodeActionHandler.getCodeActionCommands(CodeActionHandler.java:237)
	at org.eclipse.jdt.ls.core.internal.handlers.JDTLanguageServer.lambda$14(JDTLanguageServer.java:753)
	at org.eclipse.jdt.ls.core.internal.BaseJDTLanguageServer.lambda$0(BaseJDTLanguageServer.java:87)
	at java.base/java.util.concurrent.CompletableFuture$UniApply.tryFire(CompletableFuture.java:646)
	... 2 more

Aug 29, 2024 3:50:18 PM org.eclipse.lsp4j.jsonrpc.RemoteEndpoint fallbackResponseError
SEVERE: Internal error: java.lang.NullPointerException: Cannot invoke "org.eclipse.jdt.core.dom.ASTNode.accept(org.eclipse.jdt.core.dom.ASTVisitor)" because "coveringNode" is null
java.util.concurrent.CompletionException: java.lang.NullPointerException: Cannot invoke "org.eclipse.jdt.core.dom.ASTNode.accept(org.eclipse.jdt.core.dom.ASTVisitor)" because "coveringNode" is null
	at java.base/java.util.concurrent.CompletableFuture.encodeThrowable(CompletableFuture.java:315)
	at java.base/java.util.concurrent.CompletableFuture.completeThrowable(CompletableFuture.java:320)
	at java.base/java.util.concurrent.CompletableFuture$UniApply.tryFire(CompletableFuture.java:649)
	at java.base/java.util.concurrent.CompletableFuture$Completion.run(CompletableFuture.java:482)
	at java.base/java.lang.Thread.run(Thread.java:840)
Caused by: java.lang.NullPointerException: Cannot invoke "org.eclipse.jdt.core.dom.ASTNode.accept(org.eclipse.jdt.core.dom.ASTVisitor)" because "coveringNode" is null
	at org.eclipse.jdt.ls.core.internal.text.correction.QuickAssistProcessor.getFullyCoveredNodes(QuickAssistProcessor.java:391)
	at org.eclipse.jdt.ls.core.internal.text.correction.SourceAssistProcessor.getSourceActionCommands(SourceAssistProcessor.java:123)
	at org.eclipse.jdt.ls.core.internal.handlers.CodeActionHandler.getCodeActionCommands(CodeActionHandler.java:237)
	at org.eclipse.jdt.ls.core.internal.handlers.JDTLanguageServer.lambda$14(JDTLanguageServer.java:753)
	at org.eclipse.jdt.ls.core.internal.BaseJDTLanguageServer.lambda$0(BaseJDTLanguageServer.java:87)
	at java.base/java.util.concurrent.CompletableFuture$UniApply.tryFire(CompletableFuture.java:646)
	... 2 more

[Error - 3:50:18 PM] Request textDocument/codeAction failed.
  Message: Internal error.
  Code: -32603 
java.util.concurrent.CompletionException: java.lang.NullPointerException: Cannot invoke "org.eclipse.jdt.core.dom.ASTNode.accept(org.eclipse.jdt.core.dom.ASTVisitor)" because "coveringNode" is null
	at java.base/java.util.concurrent.CompletableFuture.encodeThrowable(CompletableFuture.java:315)
	at java.base/java.util.concurrent.CompletableFuture.completeThrowable(CompletableFuture.java:320)
	at java.base/java.util.concurrent.CompletableFuture$UniApply.tryFire(CompletableFuture.java:649)
	at java.base/java.util.concurrent.CompletableFuture$Completion.run(CompletableFuture.java:482)
	at java.base/java.lang.Thread.run(Thread.java:840)
Caused by: java.lang.NullPointerException: Cannot invoke "org.eclipse.jdt.core.dom.ASTNode.accept(org.eclipse.jdt.core.dom.ASTVisitor)" because "coveringNode" is null
	at org.eclipse.jdt.ls.core.internal.text.correction.QuickAssistProcessor.getFullyCoveredNodes(QuickAssistProcessor.java:391)
	at org.eclipse.jdt.ls.core.internal.text.correction.SourceAssistProcessor.getSourceActionCommands(SourceAssistProcessor.java:123)
	at org.eclipse.jdt.ls.core.internal.handlers.CodeActionHandler.getCodeActionCommands(CodeActionHandler.java:237)
	at org.eclipse.jdt.ls.core.internal.handlers.JDTLanguageServer.lambda$14(JDTLanguageServer.java:753)
	at org.eclipse.jdt.ls.core.internal.BaseJDTLanguageServer.lambda$0(BaseJDTLanguageServer.java:87)
	at java.base/java.util.concurrent.CompletableFuture$UniApply.tryFire(CompletableFuture.java:646)
	... 2 more

Aug 29, 2024 3:50:38 PM org.eclipse.lsp4j.jsonrpc.RemoteEndpoint fallbackResponseError
SEVERE: Internal error: java.lang.NullPointerException: Cannot invoke "org.eclipse.jdt.core.dom.ASTNode.accept(org.eclipse.jdt.core.dom.ASTVisitor)" because "coveringNode" is null
java.util.concurrent.CompletionException: java.lang.NullPointerException: Cannot invoke "org.eclipse.jdt.core.dom.ASTNode.accept(org.eclipse.jdt.core.dom.ASTVisitor)" because "coveringNode" is null
	at java.base/java.util.concurrent.CompletableFuture.encodeThrowable(CompletableFuture.java:315)
	at java.base/java.util.concurrent.CompletableFuture.completeThrowable(CompletableFuture.java:320)
	at java.base/java.util.concurrent.CompletableFuture$UniApply.tryFire(CompletableFuture.java:649)
	at java.base/java.util.concurrent.CompletableFuture$Completion.run(CompletableFuture.java:482)
	at java.base/java.lang.Thread.run(Thread.java:840)
Caused by: java.lang.NullPointerException: Cannot invoke "org.eclipse.jdt.core.dom.ASTNode.accept(org.eclipse.jdt.core.dom.ASTVisitor)" because "coveringNode" is null
	at org.eclipse.jdt.ls.core.internal.text.correction.QuickAssistProcessor.getFullyCoveredNodes(QuickAssistProcessor.java:391)
	at org.eclipse.jdt.ls.core.internal.text.correction.SourceAssistProcessor.getSourceActionCommands(SourceAssistProcessor.java:123)
	at org.eclipse.jdt.ls.core.internal.handlers.CodeActionHandler.getCodeActionCommands(CodeActionHandler.java:237)
	at org.eclipse.jdt.ls.core.internal.handlers.JDTLanguageServer.lambda$14(JDTLanguageServer.java:753)
	at org.eclipse.jdt.ls.core.internal.BaseJDTLanguageServer.lambda$0(BaseJDTLanguageServer.java:87)
	at java.base/java.util.concurrent.CompletableFuture$UniApply.tryFire(CompletableFuture.java:646)
	... 2 more

[Error - 3:50:38 PM] Request textDocument/codeAction failed.
  Message: Internal error.
  Code: -32603 
java.util.concurrent.CompletionException: java.lang.NullPointerException: Cannot invoke "org.eclipse.jdt.core.dom.ASTNode.accept(org.eclipse.jdt.core.dom.ASTVisitor)" because "coveringNode" is null
	at java.base/java.util.concurrent.CompletableFuture.encodeThrowable(CompletableFuture.java:315)
	at java.base/java.util.concurrent.CompletableFuture.completeThrowable(CompletableFuture.java:320)
	at java.base/java.util.concurrent.CompletableFuture$UniApply.tryFire(CompletableFuture.java:649)
	at java.base/java.util.concurrent.CompletableFuture$Completion.run(CompletableFuture.java:482)
	at java.base/java.lang.Thread.run(Thread.java:840)
Caused by: java.lang.NullPointerException: Cannot invoke "org.eclipse.jdt.core.dom.ASTNode.accept(org.eclipse.jdt.core.dom.ASTVisitor)" because "coveringNode" is null
	at org.eclipse.jdt.ls.core.internal.text.correction.QuickAssistProcessor.getFullyCoveredNodes(QuickAssistProcessor.java:391)
	at org.eclipse.jdt.ls.core.internal.text.correction.SourceAssistProcessor.getSourceActionCommands(SourceAssistProcessor.java:123)
	at org.eclipse.jdt.ls.core.internal.handlers.CodeActionHandler.getCodeActionCommands(CodeActionHandler.java:237)
	at org.eclipse.jdt.ls.core.internal.handlers.JDTLanguageServer.lambda$14(JDTLanguageServer.java:753)
	at org.eclipse.jdt.ls.core.internal.BaseJDTLanguageServer.lambda$0(BaseJDTLanguageServer.java:87)
	at java.base/java.util.concurrent.CompletableFuture$UniApply.tryFire(CompletableFuture.java:646)
	... 2 more

Aug 29, 2024 3:50:49 PM org.eclipse.lsp4j.jsonrpc.RemoteEndpoint fallbackResponseError
SEVERE: Internal error: java.lang.NullPointerException: Cannot invoke "org.eclipse.jdt.core.dom.ASTNode.accept(org.eclipse.jdt.core.dom.ASTVisitor)" because "coveringNode" is null
java.util.concurrent.CompletionException: java.lang.NullPointerException: Cannot invoke "org.eclipse.jdt.core.dom.ASTNode.accept(org.eclipse.jdt.core.dom.ASTVisitor)" because "coveringNode" is null
	at java.base/java.util.concurrent.CompletableFuture.encodeThrowable(CompletableFuture.java:315)
	at java.base/java.util.concurrent.CompletableFuture.completeThrowable(CompletableFuture.java:320)
	at java.base/java.util.concurrent.CompletableFuture$UniApply.tryFire(CompletableFuture.java:649)
	at java.base/java.util.concurrent.CompletableFuture$Completion.run(CompletableFuture.java:482)
	at java.base/java.lang.Thread.run(Thread.java:840)
Caused by: java.lang.NullPointerException: Cannot invoke "org.eclipse.jdt.core.dom.ASTNode.accept(org.eclipse.jdt.core.dom.ASTVisitor)" because "coveringNode" is null
	at org.eclipse.jdt.ls.core.internal.text.correction.QuickAssistProcessor.getFullyCoveredNodes(QuickAssistProcessor.java:391)
	at org.eclipse.jdt.ls.core.internal.text.correction.SourceAssistProcessor.getSourceActionCommands(SourceAssistProcessor.java:123)
	at org.eclipse.jdt.ls.core.internal.handlers.CodeActionHandler.getCodeActionCommands(CodeActionHandler.java:237)
	at org.eclipse.jdt.ls.core.internal.handlers.JDTLanguageServer.lambda$14(JDTLanguageServer.java:753)
	at org.eclipse.jdt.ls.core.internal.BaseJDTLanguageServer.lambda$0(BaseJDTLanguageServer.java:87)
	at java.base/java.util.concurrent.CompletableFuture$UniApply.tryFire(CompletableFuture.java:646)
	... 2 more

[Error - 3:50:49 PM] Request textDocument/codeAction failed.
  Message: Internal error.
  Code: -32603 
java.util.concurrent.CompletionException: java.lang.NullPointerException: Cannot invoke "org.eclipse.jdt.core.dom.ASTNode.accept(org.eclipse.jdt.core.dom.ASTVisitor)" because "coveringNode" is null
	at java.base/java.util.concurrent.CompletableFuture.encodeThrowable(CompletableFuture.java:315)
	at java.base/java.util.concurrent.CompletableFuture.completeThrowable(CompletableFuture.java:320)
	at java.base/java.util.concurrent.CompletableFuture$UniApply.tryFire(CompletableFuture.java:649)
	at java.base/java.util.concurrent.CompletableFuture$Completion.run(CompletableFuture.java:482)
	at java.base/java.lang.Thread.run(Thread.java:840)
Caused by: java.lang.NullPointerException: Cannot invoke "org.eclipse.jdt.core.dom.ASTNode.accept(org.eclipse.jdt.core.dom.ASTVisitor)" because "coveringNode" is null
	at org.eclipse.jdt.ls.core.internal.text.correction.QuickAssistProcessor.getFullyCoveredNodes(QuickAssistProcessor.java:391)
	at org.eclipse.jdt.ls.core.internal.text.correction.SourceAssistProcessor.getSourceActionCommands(SourceAssistProcessor.java:123)
	at org.eclipse.jdt.ls.core.internal.handlers.CodeActionHandler.getCodeActionCommands(CodeActionHandler.java:237)
	at org.eclipse.jdt.ls.core.internal.handlers.JDTLanguageServer.lambda$14(JDTLanguageServer.java:753)
	at org.eclipse.jdt.ls.core.internal.BaseJDTLanguageServer.lambda$0(BaseJDTLanguageServer.java:87)
	at java.base/java.util.concurrent.CompletableFuture$UniApply.tryFire(CompletableFuture.java:646)
	... 2 more

Aug 29, 2024 3:50:49 PM org.eclipse.lsp4j.jsonrpc.RemoteEndpoint fallbackResponseError
SEVERE: Internal error: java.lang.NullPointerException: Cannot invoke "org.eclipse.jdt.core.dom.ASTNode.accept(org.eclipse.jdt.core.dom.ASTVisitor)" because "coveringNode" is null
java.util.concurrent.CompletionException: java.lang.NullPointerException: Cannot invoke "org.eclipse.jdt.core.dom.ASTNode.accept(org.eclipse.jdt.core.dom.ASTVisitor)" because "coveringNode" is null
	at java.base/java.util.concurrent.CompletableFuture.encodeThrowable(CompletableFuture.java:315)
	at java.base/java.util.concurrent.CompletableFuture.completeThrowable(CompletableFuture.java:320)
	at java.base/java.util.concurrent.CompletableFuture$UniApply.tryFire(CompletableFuture.java:649)
	at java.base/java.util.concurrent.CompletableFuture$Completion.run(CompletableFuture.java:482)
	at java.base/java.lang.Thread.run(Thread.java:840)
Caused by: java.lang.NullPointerException: Cannot invoke "org.eclipse.jdt.core.dom.ASTNode.accept(org.eclipse.jdt.core.dom.ASTVisitor)" because "coveringNode" is null
	at org.eclipse.jdt.ls.core.internal.text.correction.QuickAssistProcessor.getFullyCoveredNodes(QuickAssistProcessor.java:391)
	at org.eclipse.jdt.ls.core.internal.text.correction.SourceAssistProcessor.getSourceActionCommands(SourceAssistProcessor.java:123)
	at org.eclipse.jdt.ls.core.internal.handlers.CodeActionHandler.getCodeActionCommands(CodeActionHandler.java:237)
	at org.eclipse.jdt.ls.core.internal.handlers.JDTLanguageServer.lambda$14(JDTLanguageServer.java:753)
	at org.eclipse.jdt.ls.core.internal.BaseJDTLanguageServer.lambda$0(BaseJDTLanguageServer.java:87)
	at java.base/java.util.concurrent.CompletableFuture$UniApply.tryFire(CompletableFuture.java:646)
	... 2 more

[Error - 3:50:49 PM] Request textDocument/codeAction failed.
  Message: Internal error.
  Code: -32603 
java.util.concurrent.CompletionException: java.lang.NullPointerException: Cannot invoke "org.eclipse.jdt.core.dom.ASTNode.accept(org.eclipse.jdt.core.dom.ASTVisitor)" because "coveringNode" is null
	at java.base/java.util.concurrent.CompletableFuture.encodeThrowable(CompletableFuture.java:315)
	at java.base/java.util.concurrent.CompletableFuture.completeThrowable(CompletableFuture.java:320)
	at java.base/java.util.concurrent.CompletableFuture$UniApply.tryFire(CompletableFuture.java:649)
	at java.base/java.util.concurrent.CompletableFuture$Completion.run(CompletableFuture.java:482)
	at java.base/java.lang.Thread.run(Thread.java:840)
Caused by: java.lang.NullPointerException: Cannot invoke "org.eclipse.jdt.core.dom.ASTNode.accept(org.eclipse.jdt.core.dom.ASTVisitor)" because "coveringNode" is null
	at org.eclipse.jdt.ls.core.internal.text.correction.QuickAssistProcessor.getFullyCoveredNodes(QuickAssistProcessor.java:391)
	at org.eclipse.jdt.ls.core.internal.text.correction.SourceAssistProcessor.getSourceActionCommands(SourceAssistProcessor.java:123)
	at org.eclipse.jdt.ls.core.internal.handlers.CodeActionHandler.getCodeActionCommands(CodeActionHandler.java:237)
	at org.eclipse.jdt.ls.core.internal.handlers.JDTLanguageServer.lambda$14(JDTLanguageServer.java:753)
	at org.eclipse.jdt.ls.core.internal.BaseJDTLanguageServer.lambda$0(BaseJDTLanguageServer.java:87)
	at java.base/java.util.concurrent.CompletableFuture$UniApply.tryFire(CompletableFuture.java:646)
	... 2 more

Aug 29, 2024 3:51:12 PM org.eclipse.lsp4j.jsonrpc.RemoteEndpoint handleCancellation
WARNING: Unmatched cancel notification for request id 1727
Aug 29, 2024 3:51:12 PM org.eclipse.lsp4j.jsonrpc.RemoteEndpoint handleCancellation
WARNING: Unmatched cancel notification for request id 1728
Aug 29, 2024 3:51:19 PM org.eclipse.lsp4j.jsonrpc.RemoteEndpoint handleCancellation
WARNING: Unmatched cancel notification for request id 1755
Aug 29, 2024 3:52:40 PM org.eclipse.lsp4j.jsonrpc.RemoteEndpoint handleCancellation
WARNING: Unmatched cancel notification for request id 1951
Aug 29, 2024 3:53:11 PM org.eclipse.lsp4j.jsonrpc.RemoteEndpoint handleCancellation
WARNING: Unmatched cancel notification for request id 2134
Aug 29, 2024 3:53:16 PM org.eclipse.lsp4j.jsonrpc.RemoteEndpoint handleCancellation
WARNING: Unmatched cancel notification for request id 2177
Aug 29, 2024 3:53:37 PM org.eclipse.lsp4j.jsonrpc.RemoteEndpoint handleCancellation
WARNING: Unmatched cancel notification for request id 2270
Aug 29, 2024 3:53:53 PM org.eclipse.lsp4j.jsonrpc.RemoteEndpoint handleCancellation
WARNING: Unmatched cancel notification for request id 2379
Aug 29, 2024 3:55:23 PM org.eclipse.lsp4j.jsonrpc.RemoteEndpoint handleCancellation
WARNING: Unmatched cancel notification for request id 2730
Aug 29, 2024 3:55:23 PM org.eclipse.lsp4j.jsonrpc.RemoteEndpoint handleCancellation
WARNING: Unmatched cancel notification for request id 2734
Aug 29, 2024 3:55:23 PM org.eclipse.lsp4j.jsonrpc.RemoteEndpoint handleCancellation
WARNING: Unmatched cancel notification for request id 2735
Aug 29, 2024 3:55:25 PM org.eclipse.lsp4j.jsonrpc.RemoteEndpoint handleCancellation
WARNING: Unmatched cancel notification for request id 2761
Aug 29, 2024 3:58:24 PM org.eclipse.lsp4j.jsonrpc.RemoteEndpoint handleCancellation
WARNING: Unmatched cancel notification for request id 3056
Aug 29, 2024 4:03:37 PM com.microsoft.java.debug.core.UsageDataSession recordInfo
INFO: launch debug info
Aug 29, 2024 4:03:39 PM com.microsoft.java.debug.core.UsageDataSession recordResponse
WARNING: abnormal response
Aug 29, 2024 4:03:40 PM com.microsoft.java.debug.core.UsageDataSession submitUsageData
INFO: session usage data summary
