WARNING: Using incubator modules: jdk.incubator.vector, jdk.incubator.foreign
[Error - 3:42:56 PM] Aug 29, 2024, 3:42:56 PM Failed to create invisible project
Failed to create linked resource from '/home/ardyop7' to the invisible project 'ardyop7_e17ddcaf'.
org.eclipse.core.runtime.CoreException: Failed to create linked resource from '/home/ardyop7' to the invisible project 'ardyop7_e17ddcaf'.
	at org.eclipse.jdt.ls.core.internal.ProjectUtils.createInvisibleProjectIfNotExist(ProjectUtils.java:373)
	at org.eclipse.jdt.ls.core.internal.syntaxserver.SyntaxDocumentLifeCycleHandler.tryUpdateClasspath(SyntaxDocumentLifeCycleHandler.java:101)
	at org.eclipse.jdt.ls.core.internal.syntaxserver.SyntaxDocumentLifeCycleHandler.resolveCompilationUnit(SyntaxDocumentLifeCycleHandler.java:85)
	at org.eclipse.jdt.ls.core.internal.handlers.BaseDocumentLifeCycleHandler.handleOpen(BaseDocumentLifeCycleHandler.java:402)
	at org.eclipse.jdt.ls.core.internal.handlers.BaseDocumentLifeCycleHandler.lambda$0(BaseDocumentLifeCycleHandler.java:351)
	at org.eclipse.core.internal.resources.Workspace.run(Workspace.java:2451)
	at org.eclipse.core.internal.resources.Workspace.run(Workspace.java:2476)
	at org.eclipse.jdt.ls.core.internal.handlers.BaseDocumentLifeCycleHandler.didOpen(BaseDocumentLifeCycleHandler.java:351)
	at org.eclipse.jdt.ls.core.internal.syntaxserver.SyntaxLanguageServer.didOpen(SyntaxLanguageServer.java:291)
	at java.base/jdk.internal.reflect.NativeMethodAccessorImpl.invoke0(Native Method)
	at java.base/jdk.internal.reflect.NativeMethodAccessorImpl.invoke(NativeMethodAccessorImpl.java:77)
	at java.base/jdk.internal.reflect.DelegatingMethodAccessorImpl.invoke(DelegatingMethodAccessorImpl.java:43)
	at java.base/java.lang.reflect.Method.invoke(Method.java:569)
	at org.eclipse.lsp4j.jsonrpc.services.GenericEndpoint.lambda$recursiveFindRpcMethods$0(GenericEndpoint.java:65)
	at org.eclipse.lsp4j.jsonrpc.services.GenericEndpoint.notify(GenericEndpoint.java:152)
	at org.eclipse.lsp4j.jsonrpc.RemoteEndpoint.handleNotification(RemoteEndpoint.java:231)
	at org.eclipse.lsp4j.jsonrpc.RemoteEndpoint.consume(RemoteEndpoint.java:198)
	at org.eclipse.jdt.ls.core.internal.ParentProcessWatcher.lambda$1(ParentProcessWatcher.java:144)
	at org.eclipse.lsp4j.jsonrpc.json.StreamMessageProducer.handleMessage(StreamMessageProducer.java:194)
	at org.eclipse.lsp4j.jsonrpc.json.StreamMessageProducer.listen(StreamMessageProducer.java:94)
	at org.eclipse.lsp4j.jsonrpc.json.ConcurrentMessageProcessor.run(ConcurrentMessageProcessor.java:113)
	at java.base/java.util.concurrent.Executors$RunnableAdapter.call(Executors.java:539)
	at java.base/java.util.concurrent.FutureTask.run(FutureTask.java:264)
	at java.base/java.util.concurrent.ThreadPoolExecutor.runWorker(ThreadPoolExecutor.java:1136)
	at java.base/java.util.concurrent.ThreadPoolExecutor$Worker.run(ThreadPoolExecutor.java:635)
	at java.base/java.lang.Thread.run(Thread.java:840)
Caused by: org.eclipse.core.internal.resources.ResourceException: '/home/ardyop7' is not a valid location for linked resources.
	at org.eclipse.core.internal.resources.Resource.assertLinkRequirements(Resource.java:204)
	at org.eclipse.core.internal.resources.Resource.createLink(Resource.java:671)
	at org.eclipse.jdt.ls.core.internal.ProjectUtils.createInvisibleProjectIfNotExist(ProjectUtils.java:357)
	... 25 more

[Error - 3:42:57 PM] Aug 29, 2024, 3:42:57 PM Unable to delete missing compilation unit (Main.java) from jdt.ls-java-project
Main.java [in <default> [in src [in jdt.ls-java-project]]] does not exist
Java Model Exception: Error in Java Model (code 969): Main.java [in <default> [in src [in jdt.ls-java-project]]] does not exist
	at org.eclipse.jdt.internal.core.MultiOperation.processElements(MultiOperation.java:180)
	at org.eclipse.jdt.internal.core.MultiOperation.executeOperation(MultiOperation.java:95)
	at org.eclipse.jdt.internal.core.JavaModelOperation.run(JavaModelOperation.java:740)
	at org.eclipse.core.internal.resources.Workspace.run(Workspace.java:2451)
	at org.eclipse.core.internal.resources.Workspace.run(Workspace.java:2476)
	at org.eclipse.jdt.internal.core.JavaModelOperation.runOperation(JavaModelOperation.java:810)
	at org.eclipse.jdt.internal.core.JavaModel.delete(JavaModel.java:131)
	at org.eclipse.jdt.internal.core.CompilationUnit.delete(CompilationUnit.java:485)
	at org.eclipse.jdt.ls.core.internal.managers.ProjectsManager.lambda$4(ProjectsManager.java:367)
	at java.base/java.util.stream.ForEachOps$ForEachOp$OfRef.accept(ForEachOps.java:183)
	at java.base/java.util.Spliterators$ArraySpliterator.forEachRemaining(Spliterators.java:992)
	at java.base/java.util.stream.ReferencePipeline$Head.forEach(ReferencePipeline.java:762)
	at java.base/java.util.stream.ReferencePipeline$7$1.accept(ReferencePipeline.java:276)
	at java.base/java.util.stream.ReferencePipeline$2$1.accept(ReferencePipeline.java:179)
	at java.base/java.util.Spliterators$ArraySpliterator.forEachRemaining(Spliterators.java:992)
	at java.base/java.util.stream.AbstractPipeline.copyInto(AbstractPipeline.java:509)
	at java.base/java.util.stream.AbstractPipeline.wrapAndCopyInto(AbstractPipeline.java:499)
	at java.base/java.util.stream.ForEachOps$ForEachOp.evaluateSequential(ForEachOps.java:150)
	at java.base/java.util.stream.ForEachOps$ForEachOp$OfRef.evaluateSequential(ForEachOps.java:173)
	at java.base/java.util.stream.AbstractPipeline.evaluate(AbstractPipeline.java:234)
	at java.base/java.util.stream.ReferencePipeline.forEach(ReferencePipeline.java:596)
	at org.eclipse.jdt.ls.core.internal.managers.ProjectsManager.cleanupResources(ProjectsManager.java:361)
	at org.eclipse.jdt.ls.core.internal.JDTUtils.getFakeCompilationUnit(JDTUtils.java:271)
	at org.eclipse.jdt.ls.core.internal.JDTUtils.resolveCompilationUnit(JDTUtils.java:199)
	at org.eclipse.jdt.ls.core.internal.JDTUtils.resolveTypeRoot(JDTUtils.java:479)
	at org.eclipse.jdt.ls.core.internal.JDTUtils.resolveTypeRoot(JDTUtils.java:438)
	at org.eclipse.jdt.ls.core.internal.handlers.DocumentSymbolHandler.documentSymbol(DocumentSymbolHandler.java:108)
	at org.eclipse.jdt.ls.core.internal.syntaxserver.SyntaxLanguageServer.lambda$5(SyntaxLanguageServer.java:339)
	at org.eclipse.jdt.ls.core.internal.BaseJDTLanguageServer.lambda$0(BaseJDTLanguageServer.java:87)
	at java.base/java.util.concurrent.CompletableFuture$UniApply.tryFire(CompletableFuture.java:646)
	at java.base/java.util.concurrent.CompletableFuture$Completion.run(CompletableFuture.java:482)
	at java.base/java.lang.Thread.run(Thread.java:840)

[Error - 3:42:57 PM] Aug 29, 2024, 3:42:57 PM Unable to delete missing compilation unit (Main.java) from jdt.ls-java-project
Main.java [in <default> [in src [in jdt.ls-java-project]]] does not exist
Java Model Exception: Error in Java Model (code 969): Main.java [in <default> [in src [in jdt.ls-java-project]]] does not exist
	at org.eclipse.jdt.internal.core.MultiOperation.processElements(MultiOperation.java:180)
	at org.eclipse.jdt.internal.core.MultiOperation.executeOperation(MultiOperation.java:95)
	at org.eclipse.jdt.internal.core.JavaModelOperation.run(JavaModelOperation.java:740)
	at org.eclipse.core.internal.resources.Workspace.run(Workspace.java:2451)
	at org.eclipse.core.internal.resources.Workspace.run(Workspace.java:2476)
	at org.eclipse.jdt.internal.core.JavaModelOperation.runOperation(JavaModelOperation.java:810)
	at org.eclipse.jdt.internal.core.JavaModel.delete(JavaModel.java:131)
	at org.eclipse.jdt.internal.core.CompilationUnit.delete(CompilationUnit.java:485)
	at org.eclipse.jdt.ls.core.internal.managers.ProjectsManager.lambda$4(ProjectsManager.java:367)
	at java.base/java.util.stream.ForEachOps$ForEachOp$OfRef.accept(ForEachOps.java:183)
	at java.base/java.util.Spliterators$ArraySpliterator.forEachRemaining(Spliterators.java:992)
	at java.base/java.util.stream.ReferencePipeline$Head.forEach(ReferencePipeline.java:762)
	at java.base/java.util.stream.ReferencePipeline$7$1.accept(ReferencePipeline.java:276)
	at java.base/java.util.stream.ReferencePipeline$2$1.accept(ReferencePipeline.java:179)
	at java.base/java.util.Spliterators$ArraySpliterator.forEachRemaining(Spliterators.java:992)
	at java.base/java.util.stream.AbstractPipeline.copyInto(AbstractPipeline.java:509)
	at java.base/java.util.stream.AbstractPipeline.wrapAndCopyInto(AbstractPipeline.java:499)
	at java.base/java.util.stream.ForEachOps$ForEachOp.evaluateSequential(ForEachOps.java:150)
	at java.base/java.util.stream.ForEachOps$ForEachOp$OfRef.evaluateSequential(ForEachOps.java:173)
	at java.base/java.util.stream.AbstractPipeline.evaluate(AbstractPipeline.java:234)
	at java.base/java.util.stream.ReferencePipeline.forEach(ReferencePipeline.java:596)
	at org.eclipse.jdt.ls.core.internal.managers.ProjectsManager.cleanupResources(ProjectsManager.java:361)
	at org.eclipse.jdt.ls.core.internal.JDTUtils.getFakeCompilationUnit(JDTUtils.java:271)
	at org.eclipse.jdt.ls.core.internal.JDTUtils.resolveCompilationUnit(JDTUtils.java:199)
	at org.eclipse.jdt.ls.core.internal.JDTUtils.resolveTypeRoot(JDTUtils.java:479)
	at org.eclipse.jdt.ls.core.internal.JDTUtils.resolveTypeRoot(JDTUtils.java:438)
	at org.eclipse.jdt.ls.core.internal.handlers.DocumentSymbolHandler.documentSymbol(DocumentSymbolHandler.java:108)
	at org.eclipse.jdt.ls.core.internal.syntaxserver.SyntaxLanguageServer.lambda$5(SyntaxLanguageServer.java:339)
	at org.eclipse.jdt.ls.core.internal.BaseJDTLanguageServer.lambda$0(BaseJDTLanguageServer.java:87)
	at java.base/java.util.concurrent.CompletableFuture$UniApply.tryFire(CompletableFuture.java:646)
	at java.base/java.util.concurrent.CompletableFuture$Completion.run(CompletableFuture.java:482)
	at java.base/java.lang.Thread.run(Thread.java:840)

[Error - 3:42:57 PM] Aug 29, 2024, 3:42:57 PM Unable to delete missing compilation unit (Main.java) from jdt.ls-java-project
Main.java [in <default> [in src [in jdt.ls-java-project]]] does not exist
Java Model Exception: Error in Java Model (code 969): Main.java [in <default> [in src [in jdt.ls-java-project]]] does not exist
	at org.eclipse.jdt.internal.core.MultiOperation.processElements(MultiOperation.java:180)
	at org.eclipse.jdt.internal.core.MultiOperation.executeOperation(MultiOperation.java:95)
	at org.eclipse.jdt.internal.core.JavaModelOperation.run(JavaModelOperation.java:740)
	at org.eclipse.core.internal.resources.Workspace.run(Workspace.java:2451)
	at org.eclipse.core.internal.resources.Workspace.run(Workspace.java:2476)
	at org.eclipse.jdt.internal.core.JavaModelOperation.runOperation(JavaModelOperation.java:810)
	at org.eclipse.jdt.internal.core.JavaModel.delete(JavaModel.java:131)
	at org.eclipse.jdt.internal.core.CompilationUnit.delete(CompilationUnit.java:485)
	at org.eclipse.jdt.ls.core.internal.managers.ProjectsManager.lambda$4(ProjectsManager.java:367)
	at java.base/java.util.stream.ForEachOps$ForEachOp$OfRef.accept(ForEachOps.java:183)
	at java.base/java.util.Spliterators$ArraySpliterator.forEachRemaining(Spliterators.java:992)
	at java.base/java.util.stream.ReferencePipeline$Head.forEach(ReferencePipeline.java:762)
	at java.base/java.util.stream.ReferencePipeline$7$1.accept(ReferencePipeline.java:276)
	at java.base/java.util.stream.ReferencePipeline$2$1.accept(ReferencePipeline.java:179)
	at java.base/java.util.Spliterators$ArraySpliterator.forEachRemaining(Spliterators.java:992)
	at java.base/java.util.stream.AbstractPipeline.copyInto(AbstractPipeline.java:509)
	at java.base/java.util.stream.AbstractPipeline.wrapAndCopyInto(AbstractPipeline.java:499)
	at java.base/java.util.stream.ForEachOps$ForEachOp.evaluateSequential(ForEachOps.java:150)
	at java.base/java.util.stream.ForEachOps$ForEachOp$OfRef.evaluateSequential(ForEachOps.java:173)
	at java.base/java.util.stream.AbstractPipeline.evaluate(AbstractPipeline.java:234)
	at java.base/java.util.stream.ReferencePipeline.forEach(ReferencePipeline.java:596)
	at org.eclipse.jdt.ls.core.internal.managers.ProjectsManager.cleanupResources(ProjectsManager.java:361)
	at org.eclipse.jdt.ls.core.internal.JDTUtils.getFakeCompilationUnit(JDTUtils.java:271)
	at org.eclipse.jdt.ls.core.internal.JDTUtils.resolveCompilationUnit(JDTUtils.java:199)
	at org.eclipse.jdt.ls.core.internal.JDTUtils.resolveTypeRoot(JDTUtils.java:479)
	at org.eclipse.jdt.ls.core.internal.JDTUtils.resolveTypeRoot(JDTUtils.java:438)
	at org.eclipse.jdt.ls.core.internal.handlers.DocumentSymbolHandler.documentSymbol(DocumentSymbolHandler.java:108)
	at org.eclipse.jdt.ls.core.internal.syntaxserver.SyntaxLanguageServer.lambda$5(SyntaxLanguageServer.java:339)
	at org.eclipse.jdt.ls.core.internal.BaseJDTLanguageServer.lambda$0(BaseJDTLanguageServer.java:87)
	at java.base/java.util.concurrent.CompletableFuture$UniApply.tryFire(CompletableFuture.java:646)
	at java.base/java.util.concurrent.CompletableFuture$Completion.run(CompletableFuture.java:482)
	at java.base/java.lang.Thread.run(Thread.java:840)

[Error - 3:42:57 PM] Aug 29, 2024, 3:42:57 PM Unable to delete missing compilation unit (XyIw.java) from jdt.ls-java-project
XyIw.java [in <default> [in src [in jdt.ls-java-project]]] does not exist
Java Model Exception: Error in Java Model (code 969): XyIw.java [in <default> [in src [in jdt.ls-java-project]]] does not exist
	at org.eclipse.jdt.internal.core.MultiOperation.processElements(MultiOperation.java:180)
	at org.eclipse.jdt.internal.core.MultiOperation.executeOperation(MultiOperation.java:95)
	at org.eclipse.jdt.internal.core.JavaModelOperation.run(JavaModelOperation.java:740)
	at org.eclipse.core.internal.resources.Workspace.run(Workspace.java:2451)
	at org.eclipse.core.internal.resources.Workspace.run(Workspace.java:2476)
	at org.eclipse.jdt.internal.core.JavaModelOperation.runOperation(JavaModelOperation.java:810)
	at org.eclipse.jdt.internal.core.JavaModel.delete(JavaModel.java:131)
	at org.eclipse.jdt.internal.core.CompilationUnit.delete(CompilationUnit.java:485)
	at org.eclipse.jdt.ls.core.internal.managers.ProjectsManager.lambda$4(ProjectsManager.java:367)
	at java.base/java.util.stream.ForEachOps$ForEachOp$OfRef.accept(ForEachOps.java:183)
	at java.base/java.util.Spliterators$ArraySpliterator.forEachRemaining(Spliterators.java:992)
	at java.base/java.util.stream.ReferencePipeline$Head.forEach(ReferencePipeline.java:762)
	at java.base/java.util.stream.ReferencePipeline$7$1.accept(ReferencePipeline.java:276)
	at java.base/java.util.stream.ReferencePipeline$2$1.accept(ReferencePipeline.java:179)
	at java.base/java.util.Spliterators$ArraySpliterator.forEachRemaining(Spliterators.java:992)
	at java.base/java.util.stream.AbstractPipeline.copyInto(AbstractPipeline.java:509)
	at java.base/java.util.stream.AbstractPipeline.wrapAndCopyInto(AbstractPipeline.java:499)
	at java.base/java.util.stream.ForEachOps$ForEachOp.evaluateSequential(ForEachOps.java:150)
	at java.base/java.util.stream.ForEachOps$ForEachOp$OfRef.evaluateSequential(ForEachOps.java:173)
	at java.base/java.util.stream.AbstractPipeline.evaluate(AbstractPipeline.java:234)
	at java.base/java.util.stream.ReferencePipeline.forEach(ReferencePipeline.java:596)
	at org.eclipse.jdt.ls.core.internal.managers.ProjectsManager.cleanupResources(ProjectsManager.java:361)
	at org.eclipse.jdt.ls.core.internal.JDTUtils.getFakeCompilationUnit(JDTUtils.java:271)
	at org.eclipse.jdt.ls.core.internal.JDTUtils.resolveCompilationUnit(JDTUtils.java:199)
	at org.eclipse.jdt.ls.core.internal.JDTUtils.resolveTypeRoot(JDTUtils.java:479)
	at org.eclipse.jdt.ls.core.internal.JDTUtils.resolveTypeRoot(JDTUtils.java:438)
	at org.eclipse.jdt.ls.core.internal.handlers.DocumentSymbolHandler.documentSymbol(DocumentSymbolHandler.java:108)
	at org.eclipse.jdt.ls.core.internal.syntaxserver.SyntaxLanguageServer.lambda$5(SyntaxLanguageServer.java:339)
	at org.eclipse.jdt.ls.core.internal.BaseJDTLanguageServer.lambda$0(BaseJDTLanguageServer.java:87)
	at java.base/java.util.concurrent.CompletableFuture$UniApply.tryFire(CompletableFuture.java:646)
	at java.base/java.util.concurrent.CompletableFuture$Completion.run(CompletableFuture.java:482)
	at java.base/java.lang.Thread.run(Thread.java:840)

