2024-09-05 14:46:00.038 [info] WARNING:pygls.protocol:Cancel notification for unknown message id "3"

2024-09-05 14:46:00.039 [info] WARNING:pygls.protocol:Cancel notification for unknown message id "1"

2024-09-05 14:46:00.041 [info] WARNING:pygls.protocol:Cancel notification for unknown message id "2"

2024-09-05 14:46:00.071 [info] WARNING:pygls.protocol:Cancel notification for unknown message id "5"

2024-09-05 14:46:27.320 [info] WARNING:pygls.protocol:Cancel notification for unknown message id "22"

2024-09-05 14:46:29.948 [info] WARNING:pygls.protocol:Cancel notification for unknown message id "26"

2024-09-05 14:46:29.950 [info] WARNING:pygls.protocol:Cancel notification for unknown message id "27"

2024-09-05 14:46:29.962 [info] WARNING:pygls.protocol:Cancel notification for unknown message id "28"

2024-09-05 14:46:31.861 [info] WARNING:pygls.protocol:Cancel notification for unknown message id "34"

2024-09-05 14:46:31.870 [info] WARNING:pygls.protocol:Cancel notification for unknown message id "35"

2024-09-05 14:46:31.879 [info] WARNING:pygls.protocol:Cancel notification for unknown message id "36"

2024-09-05 14:46:31.884 [info] WARNING:pygls.protocol:Cancel notification for unknown message id "38"

2024-09-05 14:46:33.955 [info] WARNING:pygls.protocol:Cancel notification for unknown message id "47"

2024-09-05 14:46:55.601 [info] WARNING:pygls.protocol:Cancel notification for unknown message id "85"

2024-09-05 14:46:55.624 [info] WARNING:pygls.protocol:Cancel notification for unknown message id "86"

2024-09-05 14:46:55.625 [info] WARNING:pygls.protocol:Cancel notification for unknown message id "87"

2024-09-05 14:46:56.141 [info] WARNING:pygls.protocol:Cancel notification for unknown message id "89"

2024-09-05 14:46:56.151 [info] WARNING:pygls.protocol:Cancel notification for unknown message id "90"

2024-09-05 14:46:58.298 [info] WARNING:pygls.protocol:Cancel notification for unknown message id "94"

2024-09-05 14:46:58.301 [info] WARNING:pygls.protocol:Cancel notification for unknown message id "95"

2024-09-05 14:46:58.348 [info] WARNING:pygls.protocol:Cancel notification for unknown message id "97"

2024-09-05 14:46:58.466 [info] WARNING:pygls.protocol:Cancel notification for unknown message id "96"

2024-09-05 14:47:06.971 [info] WARNING:pygls.protocol:Cancel notification for unknown message id "107"

2024-09-05 14:47:06.973 [info] WARNING:pygls.protocol:Cancel notification for unknown message id "108"

2024-09-05 14:47:07.229 [info] WARNING:pygls.protocol:Cancel notification for unknown message id "109"

2024-09-05 14:47:07.240 [info] WARNING:pygls.protocol:Cancel notification for unknown message id "110"

2024-09-05 14:47:07.246 [info] WARNING:pygls.protocol:Cancel notification for unknown message id "111"

2024-09-05 14:47:07.729 [info] WARNING:pygls.protocol:Cancel notification for unknown message id "112"

2024-09-05 14:47:08.207 [info] WARNING:pygls.protocol:Cancel notification for unknown message id "115"

2024-09-05 14:47:08.250 [info] WARNING:pygls.protocol:Cancel notification for unknown message id "113"

2024-09-05 14:47:10.405 [info] WARNING:pygls.protocol:Cancel notification for unknown message id "117"

2024-09-05 14:47:10.407 [info] WARNING:pygls.protocol:Cancel notification for unknown message id "118"

2024-09-05 14:47:10.461 [info] WARNING:pygls.protocol:Cancel notification for unknown message id "120"

2024-09-05 14:47:10.461 [info] WARNING:pygls.protocol:Cancel notification for unknown message id "116"

2024-09-05 14:47:10.504 [info] WARNING:pygls.protocol:Cancel notification for unknown message id "121"
WARNING:pygls.protocol:Cancel notification for unknown message id "119"

2024-09-05 14:47:10.571 [info] WARNING:pygls.protocol:Cancel notification for unknown message id "124"
WARNING:pygls.protocol:Cancel notification for unknown message id "125"
WARNING:pygls.protocol:Cancel notification for unknown message id "123"

2024-09-05 14:47:10.683 [info] WARNING:pygls.protocol:Cancel notification for unknown message id "127"

2024-09-05 14:47:10.686 [info] WARNING:pygls.protocol:Cancel notification for unknown message id "128"

2024-09-05 14:47:10.687 [info] WARNING:pygls.protocol:Cancel notification for unknown message id "126"

2024-09-05 14:47:10.756 [info] WARNING:pygls.protocol:Cancel notification for unknown message id "130"

2024-09-05 14:47:10.758 [info] WARNING:pygls.protocol:Cancel notification for unknown message id "131"

2024-09-05 14:47:10.759 [info] WARNING:pygls.protocol:Cancel notification for unknown message id "129"

2024-09-05 14:47:10.804 [info] WARNING:pygls.protocol:Cancel notification for unknown message id "132"

2024-09-05 14:47:10.848 [info] WARNING:pygls.protocol:Cancel notification for unknown message id "133"

2024-09-05 14:47:10.891 [info] WARNING:pygls.protocol:Cancel notification for unknown message id "134"

2024-09-05 14:47:10.940 [info] WARNING:pygls.protocol:Cancel notification for unknown message id "135"

2024-09-05 14:47:10.979 [info] WARNING:pygls.protocol:Cancel notification for unknown message id "136"

2024-09-05 14:47:11.019 [info] WARNING:pygls.protocol:Cancel notification for unknown message id "137"

2024-09-05 14:47:11.062 [info] WARNING:pygls.protocol:Cancel notification for unknown message id "138"

2024-09-05 14:47:11.072 [info] WARNING:pygls.protocol:Cancel notification for unknown message id "140"

2024-09-05 14:47:11.081 [info] WARNING:pygls.protocol:Cancel notification for unknown message id "141"

2024-09-05 14:47:11.086 [info] WARNING:pygls.protocol:Cancel notification for unknown message id "144"

2024-09-05 14:47:11.088 [info] WARNING:pygls.protocol:Cancel notification for unknown message id "139"

2024-09-05 14:47:11.089 [info] WARNING:pygls.protocol:Cancel notification for unknown message id "142"

2024-09-05 14:47:18.236 [info] Exception in thread Thread-156:
Traceback (most recent call last):

2024-09-05 14:47:18.237 [info]   File "/google/devshell/editor/code-oss-for-cloud-shell/extensions/ms-python.python/python_files/lib/jedilsp/jedi_language_server/jedi_utils.py", line 299, in lsp_python_diagnostic
    compile(source, uri, "exec", PyCF_ONLY_AST)
  File "file:///home/ardyop7/discord.py/main.py", line 27
    load_dotenv()
IndentationError: expected an indented block after 'if' statement on line 23

During handling of the above exception, another exception occurred:

Traceback (most recent call last):
  File "/usr/lib/python3.10/threading.py", line 1016, in _bootstrap_inner

2024-09-05 14:47:18.238 [info]     self.run()

2024-09-05 14:47:18.240 [info]   File "/usr/lib/python3.10/threading.py", line 1378, in run
    self.function(*self.args, **self.kwargs)
  File "/google/devshell/editor/code-oss-for-cloud-shell/extensions/ms-python.python/python_files/lib/jedilsp/jedi_language_server/jedi_utils.py", line 71, in run
    return func(*args, **kwargs)
  File "/google/devshell/editor/code-oss-for-cloud-shell/extensions/ms-python.python/python_files/lib/jedilsp/jedi_language_server/server.py", line 653, in _publish_diagnostics
    diagnostic = jedi_utils.lsp_python_diagnostic(uri, doc.source)
  File "/google/devshell/editor/code-oss-for-cloud-shell/extensions/ms-python.python/python_files/lib/jedilsp/jedi_language_server/jedi_utils.py", line 320, in lsp_python_diagnostic

2024-09-05 14:47:18.240 [info]     end=Position(line=until_line, character=until_column),
  File "<attrs generated init lsprotocol.types.Position>", line 7, in __init__

2024-09-05 14:47:18.241 [info]   File "/google/devshell/editor/code-oss-for-cloud-shell/extensions/ms-python.python/python_files/lib/jedilsp/lsprotocol/validators.py", line 44, in uinteger_validator
    raise ValueError(
ValueError: Position.character should be in range [0:2147483647], but was -1.

2024-09-05 14:47:19.549 [info] Exception in thread Thread-157:
Traceback (most recent call last):
  File "/google/devshell/editor/code-oss-for-cloud-shell/extensions/ms-python.python/python_files/lib/jedilsp/jedi_language_server/jedi_utils.py", line 299, in lsp_python_diagnostic

2024-09-05 14:47:19.549 [info]     compile(source, uri, "exec", PyCF_ONLY_AST)
  File "file:///home/ardyop7/discord.py/main.py", line 27
    load_dotenv()
IndentationError: expected an indented block after 'if' statement on line 23

During handling of the above exception, another exception occurred:

Traceback (most recent call last):
  File "/usr/lib/python3.10/threading.py", line 1016, in _bootstrap_inner

2024-09-05 14:47:19.550 [info]     self.run()
  File "/usr/lib/python3.10/threading.py", line 1378, in run

2024-09-05 14:47:19.550 [info]     self.function(*self.args, **self.kwargs)
  File "/google/devshell/editor/code-oss-for-cloud-shell/extensions/ms-python.python/python_files/lib/jedilsp/jedi_language_server/jedi_utils.py", line 71, in run
    return func(*args, **kwargs)
  File "/google/devshell/editor/code-oss-for-cloud-shell/extensions/ms-python.python/python_files/lib/jedilsp/jedi_language_server/server.py", line 653, in _publish_diagnostics

2024-09-05 14:47:19.551 [info]     diagnostic = jedi_utils.lsp_python_diagnostic(uri, doc.source)
  File "/google/devshell/editor/code-oss-for-cloud-shell/extensions/ms-python.python/python_files/lib/jedilsp/jedi_language_server/jedi_utils.py", line 320, in lsp_python_diagnostic
    end=Position(line=until_line, character=until_column),
  File "<attrs generated init lsprotocol.types.Position>", line 7, in __init__
  File "/google/devshell/editor/code-oss-for-cloud-shell/extensions/ms-python.python/python_files/lib/jedilsp/lsprotocol/validators.py", line 44, in uinteger_validator

2024-09-05 14:47:19.551 [info]     raise ValueError(
ValueError: Position.character should be in range [0:2147483647], but was -1.

2024-09-05 14:47:45.914 [info] WARNING:pygls.protocol:Cancel notification for unknown message id "177"

2024-09-05 14:47:45.925 [info] WARNING:pygls.protocol:Cancel notification for unknown message id "178"

2024-09-05 14:47:52.956 [info] WARNING:pygls.protocol:Cancel notification for unknown message id "197"

2024-09-05 14:47:53.005 [info] WARNING:pygls.protocol:Cancel notification for unknown message id "198"

2024-09-05 14:47:57.402 [info] WARNING:pygls.protocol:Cancel notification for unknown message id "206"

2024-09-05 14:47:57.404 [info] WARNING:pygls.protocol:Cancel notification for unknown message id "207"

2024-09-05 14:47:57.461 [info] WARNING:pygls.protocol:Cancel notification for unknown message id "209"

2024-09-05 14:47:57.508 [info] WARNING:pygls.protocol:Cancel notification for unknown message id "210"

2024-09-05 14:47:57.509 [info] WARNING:pygls.protocol:Cancel notification for unknown message id "208"

2024-09-05 14:47:57.568 [info] WARNING:pygls.protocol:Cancel notification for unknown message id "212"

2024-09-05 14:47:57.721 [info] WARNING:pygls.protocol:Cancel notification for unknown message id "213"

2024-09-05 14:47:57.760 [info] WARNING:pygls.protocol:Cancel notification for unknown message id "216"

2024-09-05 14:47:57.762 [info] WARNING:pygls.protocol:Cancel notification for unknown message id "214"

2024-09-05 14:47:59.297 [info] WARNING:pygls.protocol:Cancel notification for unknown message id "226"

2024-09-05 14:48:11.046 [info] WARNING:pygls.protocol:Cancel notification for unknown message id "255"

2024-09-05 14:48:11.058 [info] WARNING:pygls.protocol:Cancel notification for unknown message id "256"

2024-09-05 14:48:13.517 [info] WARNING:pygls.protocol:Cancel notification for unknown message id "271"

2024-09-05 14:48:16.297 [info] Exception in thread Thread-238:
Traceback (most recent call last):
  File "/google/devshell/editor/code-oss-for-cloud-shell/extensions/ms-python.python/python_files/lib/jedilsp/jedi_language_server/jedi_utils.py", line 299, in lsp_python_diagnostic

2024-09-05 14:48:16.297 [info]     compile(source, uri, "exec", PyCF_ONLY_AST)
  File "file:///home/ardyop7/discord.py/main.py", line 29
    load_dotenv()
IndentationError: expected an indented block after 'if' statement on line 25

During handling of the above exception, another exception occurred:

Traceback (most recent call last):
  File "/usr/lib/python3.10/threading.py", line 1016, in _bootstrap_inner
    self.run()
  File "/usr/lib/python3.10/threading.py", line 1378, in run

2024-09-05 14:48:16.298 [info]     self.function(*self.args, **self.kwargs)
  File "/google/devshell/editor/code-oss-for-cloud-shell/extensions/ms-python.python/python_files/lib/jedilsp/jedi_language_server/jedi_utils.py", line 71, in run

2024-09-05 14:48:16.298 [info]     return func(*args, **kwargs)
  File "/google/devshell/editor/code-oss-for-cloud-shell/extensions/ms-python.python/python_files/lib/jedilsp/jedi_language_server/server.py", line 653, in _publish_diagnostics
    diagnostic = jedi_utils.lsp_python_diagnostic(uri, doc.source)
  File "/google/devshell/editor/code-oss-for-cloud-shell/extensions/ms-python.python/python_files/lib/jedilsp/jedi_language_server/jedi_utils.py", line 320, in lsp_python_diagnostic

2024-09-05 14:48:16.299 [info]     end=Position(line=until_line, character=until_column),
  File "<attrs generated init lsprotocol.types.Position>", line 7, in __init__
  File "/google/devshell/editor/code-oss-for-cloud-shell/extensions/ms-python.python/python_files/lib/jedilsp/lsprotocol/validators.py", line 44, in uinteger_validator
    raise ValueError(
ValueError: Position.character should be in range [0:2147483647], but was -1.

2024-09-05 14:48:17.247 [info] WARNING:pygls.protocol:Cancel notification for unknown message id "287"

2024-09-05 14:48:22.357 [info] WARNING:pygls.protocol:Cancel notification for unknown message id "303"

2024-09-05 14:48:22.369 [info] WARNING:pygls.protocol:Cancel notification for unknown message id "305"

2024-09-05 14:48:49.799 [info] WARNING:pygls.protocol:Cancel notification for unknown message id "316"

2024-09-05 14:48:55.812 [info] WARNING:pygls.protocol:Cancel notification for unknown message id "324"

2024-09-05 14:49:02.314 [info] WARNING:pygls.protocol:Cancel notification for unknown message id "341"

2024-09-05 14:49:22.760 [info] WARNING:pygls.protocol:Cancel notification for unknown message id "384"

2024-09-05 14:49:22.762 [info] WARNING:pygls.protocol:Cancel notification for unknown message id "385"

2024-09-05 14:50:19.584 [info] WARNING:pygls.protocol:Cancel notification for unknown message id "400"

2024-09-05 14:50:25.486 [info] WARNING:pygls.protocol:Cancel notification for unknown message id "413"

2024-09-05 14:50:25.781 [info] WARNING:pygls.protocol:Cancel notification for unknown message id "415"

2024-09-05 14:50:25.785 [info] WARNING:pygls.protocol:Cancel notification for unknown message id "416"

2024-09-05 14:50:29.491 [info] WARNING:pygls.protocol:Cancel notification for unknown message id "429"

2024-09-05 14:51:08.298 [info] WARNING:pygls.protocol:Cancel notification for unknown message id "439"

2024-09-05 14:51:08.678 [info] WARNING:pygls.protocol:Cancel notification for unknown message id "440"

2024-09-05 14:51:08.967 [info] WARNING:pygls.protocol:Cancel notification for unknown message id "441"

2024-09-05 14:51:11.560 [info] WARNING:pygls.protocol:Cancel notification for unknown message id "448"

2024-09-05 14:51:12.358 [info] WARNING:pygls.protocol:Cancel notification for unknown message id "450"

2024-09-05 14:51:23.364 [info] WARNING:pygls.protocol:Cancel notification for unknown message id "473"

2024-09-05 14:51:23.932 [info] WARNING:pygls.protocol:Cancel notification for unknown message id "475"

2024-09-05 14:51:23.935 [info] WARNING:pygls.protocol:Cancel notification for unknown message id "476"

2024-09-05 14:51:23.947 [info] WARNING:pygls.protocol:Cancel notification for unknown message id "478"

2024-09-05 14:51:25.117 [info] WARNING:pygls.protocol:Cancel notification for unknown message id "483"

2024-09-05 14:51:25.120 [info] WARNING:pygls.protocol:Cancel notification for unknown message id "484"

2024-09-05 14:51:25.885 [info] WARNING:pygls.protocol:Cancel notification for unknown message id "488"

2024-09-05 14:51:27.336 [info] WARNING:pygls.protocol:Cancel notification for unknown message id "491"

2024-09-05 14:51:27.338 [info] WARNING:pygls.protocol:Cancel notification for unknown message id "492"

2024-09-05 14:51:29.284 [info] WARNING:pygls.protocol:Cancel notification for unknown message id "499"

2024-09-05 14:51:29.286 [info] WARNING:pygls.protocol:Cancel notification for unknown message id "500"

2024-09-05 14:51:33.217 [info] WARNING:pygls.protocol:Cancel notification for unknown message id "502"

2024-09-05 14:51:33.227 [info] WARNING:pygls.protocol:Cancel notification for unknown message id "503"

2024-09-05 14:51:33.466 [info] WARNING:pygls.protocol:Cancel notification for unknown message id "505"

2024-09-05 14:51:33.471 [info] WARNING:pygls.protocol:Cancel notification for unknown message id "508"

2024-09-05 14:51:33.730 [info] WARNING:pygls.protocol:Cancel notification for unknown message id "507"
WARNING:pygls.protocol:Cancel notification for unknown message id "504"

2024-09-05 14:51:33.955 [info] WARNING:pygls.protocol:Cancel notification for unknown message id "506"

2024-09-05 14:51:33.971 [info] WARNING:pygls.protocol:Cancel notification for unknown message id "511"

2024-09-05 14:51:33.974 [info] WARNING:pygls.protocol:Cancel notification for unknown message id "513"

2024-09-05 14:51:33.975 [info] WARNING:pygls.protocol:Cancel notification for unknown message id "510"

2024-09-05 14:51:34.186 [info] WARNING:pygls.protocol:Cancel notification for unknown message id "515"

2024-09-05 14:51:34.197 [info] WARNING:pygls.protocol:Cancel notification for unknown message id "516"

2024-09-05 14:51:34.198 [info] WARNING:pygls.protocol:Cancel notification for unknown message id "514"

2024-09-05 14:51:34.414 [info] WARNING:pygls.protocol:Cancel notification for unknown message id "518"

2024-09-05 14:51:34.415 [info] WARNING:pygls.protocol:Cancel notification for unknown message id "520"

2024-09-05 14:51:34.417 [info] WARNING:pygls.protocol:Cancel notification for unknown message id "519"

2024-09-05 14:51:34.418 [info] WARNING:pygls.protocol:Cancel notification for unknown message id "517"

2024-09-05 14:51:34.629 [info] WARNING:pygls.protocol:Cancel notification for unknown message id "521"

2024-09-05 14:51:34.831 [info] WARNING:pygls.protocol:Cancel notification for unknown message id "522"

2024-09-05 14:51:35.030 [info] WARNING:pygls.protocol:Cancel notification for unknown message id "523"

2024-09-05 14:51:35.230 [info] WARNING:pygls.protocol:Cancel notification for unknown message id "524"

2024-09-05 14:51:35.433 [info] WARNING:pygls.protocol:Cancel notification for unknown message id "525"

2024-09-05 14:51:35.640 [info] WARNING:pygls.protocol:Cancel notification for unknown message id "526"

2024-09-05 14:51:35.832 [info] WARNING:pygls.protocol:Cancel notification for unknown message id "529"

2024-09-05 14:51:37.815 [info] Exception in thread Thread-382:
Traceback (most recent call last):
  File "/google/devshell/editor/code-oss-for-cloud-shell/extensions/ms-python.python/python_files/lib/jedilsp/jedi_language_server/jedi_utils.py", line 299, in lsp_python_diagnostic

2024-09-05 14:51:37.816 [info]     compile(source, uri, "exec", PyCF_ONLY_AST)
  File "file:///home/ardyop7/discord.py/main.py", line 25
    load_dotenv()
IndentationError: expected an indented block after 'if' statement on line 21

During handling of the above exception, another exception occurred:

Traceback (most recent call last):
  File "/usr/lib/python3.10/threading.py", line 1016, in _bootstrap_inner

2024-09-05 14:51:37.816 [info]     self.run()
  File "/usr/lib/python3.10/threading.py", line 1378, in run

2024-09-05 14:51:37.817 [info]     self.function(*self.args, **self.kwargs)
  File "/google/devshell/editor/code-oss-for-cloud-shell/extensions/ms-python.python/python_files/lib/jedilsp/jedi_language_server/jedi_utils.py", line 71, in run
    return func(*args, **kwargs)
  File "/google/devshell/editor/code-oss-for-cloud-shell/extensions/ms-python.python/python_files/lib/jedilsp/jedi_language_server/server.py", line 653, in _publish_diagnostics

2024-09-05 14:51:37.818 [info]     diagnostic = jedi_utils.lsp_python_diagnostic(uri, doc.source)
  File "/google/devshell/editor/code-oss-for-cloud-shell/extensions/ms-python.python/python_files/lib/jedilsp/jedi_language_server/jedi_utils.py", line 320, in lsp_python_diagnostic
    end=Position(line=until_line, character=until_column),
  File "<attrs generated init lsprotocol.types.Position>", line 7, in __init__
  File "/google/devshell/editor/code-oss-for-cloud-shell/extensions/ms-python.python/python_files/lib/jedilsp/lsprotocol/validators.py", line 44, in uinteger_validator
    raise ValueError(
ValueError: Position.character should be in range [0:2147483647], but was -1.

2024-09-05 14:51:39.115 [info] Exception in thread Thread-383:
Traceback (most recent call last):
  File "/google/devshell/editor/code-oss-for-cloud-shell/extensions/ms-python.python/python_files/lib/jedilsp/jedi_language_server/jedi_utils.py", line 299, in lsp_python_diagnostic

2024-09-05 14:51:39.116 [info]     compile(source, uri, "exec", PyCF_ONLY_AST)
  File "file:///home/ardyop7/discord.py/main.py", line 25
    load_dotenv()
IndentationError: expected an indented block after 'if' statement on line 21

During handling of the above exception, another exception occurred:

Traceback (most recent call last):
  File "/usr/lib/python3.10/threading.py", line 1016, in _bootstrap_inner
    self.run()
  File "/usr/lib/python3.10/threading.py", line 1378, in run
    self.function(*self.args, **self.kwargs)
  File "/google/devshell/editor/code-oss-for-cloud-shell/extensions/ms-python.python/python_files/lib/jedilsp/jedi_language_server/jedi_utils.py", line 71, in run
    return func(*args, **kwargs)
  File "/google/devshell/editor/code-oss-for-cloud-shell/extensions/ms-python.python/python_files/lib/jedilsp/jedi_language_server/server.py", line 653, in _publish_diagnostics
    diagnostic = jedi_utils.lsp_python_diagnostic(uri, doc.source)
  File "/google/devshell/editor/code-oss-for-cloud-shell/extensions/ms-python.python/python_files/lib/jedilsp/jedi_language_server/jedi_utils.py", line 320, in lsp_python_diagnostic

2024-09-05 14:51:39.117 [info]     end=Position(line=until_line, character=until_column),
  File "<attrs generated init lsprotocol.types.Position>", line 7, in __init__
  File "/google/devshell/editor/code-oss-for-cloud-shell/extensions/ms-python.python/python_files/lib/jedilsp/lsprotocol/validators.py", line 44, in uinteger_validator
    raise ValueError(
ValueError: Position.character should be in range [0:2147483647], but was -1.

2024-09-05 14:51:45.925 [info] WARNING:pygls.protocol:Cancel notification for unknown message id "557"

2024-09-05 14:51:46.125 [info] WARNING:pygls.protocol:Cancel notification for unknown message id "558"

2024-09-05 14:51:47.568 [info] WARNING:pygls.protocol:Cancel notification for unknown message id "560"

2024-09-05 14:51:47.801 [info] WARNING:pygls.protocol:Cancel notification for unknown message id "561"

2024-09-05 14:51:50.767 [info] WARNING:pygls.protocol:Cancel notification for unknown message id "564"

2024-09-05 14:51:50.780 [info] WARNING:pygls.protocol:Cancel notification for unknown message id "565"

2024-09-05 14:51:50.983 [info] WARNING:pygls.protocol:Cancel notification for unknown message id "567"

2024-09-05 14:51:51.197 [info] WARNING:pygls.protocol:Cancel notification for unknown message id "566"

2024-09-05 14:51:51.398 [info] WARNING:pygls.protocol:Cancel notification for unknown message id "569"

2024-09-05 14:51:51.605 [info] WARNING:pygls.protocol:Cancel notification for unknown message id "571"

2024-09-05 14:51:51.620 [info] WARNING:pygls.protocol:Cancel notification for unknown message id "573"

2024-09-05 14:51:51.622 [info] WARNING:pygls.protocol:Cancel notification for unknown message id "572"

2024-09-05 14:51:51.623 [info] WARNING:pygls.protocol:Cancel notification for unknown message id "570"

2024-09-05 14:51:51.816 [info] WARNING:pygls.protocol:Cancel notification for unknown message id "568"

2024-09-05 14:51:51.818 [info] WARNING:pygls.protocol:Cancel notification for unknown message id "575"

2024-09-05 14:51:52.314 [info] WARNING:pygls.protocol:Cancel notification for unknown message id "576"

2024-09-05 14:51:52.511 [info] WARNING:pygls.protocol:Cancel notification for unknown message id "578"

2024-09-05 14:51:52.722 [info] WARNING:pygls.protocol:Cancel notification for unknown message id "579"

2024-09-05 14:51:52.963 [info] WARNING:pygls.protocol:Cancel notification for unknown message id "574"
WARNING:pygls.protocol:Cancel notification for unknown message id "582"
WARNING:pygls.protocol:Cancel notification for unknown message id "580"
WARNING:pygls.protocol:Cancel notification for unknown message id "585"
WARNING:pygls.protocol:Cancel notification for unknown message id "577"
WARNING:pygls.protocol:Cancel notification for unknown message id "581"
WARNING:pygls.protocol:Cancel notification for unknown message id "584"

2024-09-05 14:51:53.004 [info] WARNING:pygls.protocol:Cancel notification for unknown message id "583"

2024-09-05 14:51:54.575 [info] WARNING:pygls.protocol:Cancel notification for unknown message id "596"

2024-09-05 14:51:57.704 [info] WARNING:pygls.protocol:Cancel notification for unknown message id "614"

2024-09-05 14:51:57.983 [info] WARNING:pygls.protocol:Cancel notification for unknown message id "615"

2024-09-05 14:51:57.986 [info] WARNING:pygls.protocol:Cancel notification for unknown message id "616"

2024-09-05 14:52:01.092 [info] WARNING:pygls.protocol:Cancel notification for unknown message id "629"

2024-09-05 14:52:04.991 [info] WARNING:pygls.protocol:Cancel notification for unknown message id "645"

2024-09-05 14:52:04.995 [info] WARNING:pygls.protocol:Cancel notification for unknown message id "646"

2024-09-05 14:52:07.013 [info] WARNING:pygls.protocol:Cancel notification for unknown message id "652"

2024-09-05 14:52:17.506 [info] WARNING:pygls.protocol:Cancel notification for unknown message id "677"

2024-09-05 14:52:45.010 [info] WARNING:pygls.protocol:Cancel notification for unknown message id "701"

2024-09-05 14:52:48.303 [info] WARNING:pygls.protocol:Cancel notification for unknown message id "707"

2024-09-05 14:52:49.065 [info] WARNING:pygls.protocol:Cancel notification for unknown message id "708"

2024-09-05 14:52:51.422 [info] WARNING:pygls.protocol:Cancel notification for unknown message id "712"

2024-09-05 14:52:51.424 [info] WARNING:pygls.protocol:Cancel notification for unknown message id "714"

2024-09-05 14:54:04.181 [info] WARNING:pygls.protocol:Cancel notification for unknown message id "790"

2024-09-05 14:54:09.496 [info] WARNING:pygls.protocol:Cancel notification for unknown message id "812"

2024-09-05 14:54:11.564 [info] WARNING:pygls.protocol:Cancel notification for unknown message id "821"

2024-09-05 14:54:11.566 [info] WARNING:pygls.protocol:Cancel notification for unknown message id "822"

2024-09-05 14:54:16.755 [info] WARNING:pygls.protocol:Cancel notification for unknown message id "834"

2024-09-05 14:54:16.934 [info] WARNING:pygls.protocol:Cancel notification for unknown message id "835"

2024-09-05 14:54:17.799 [info] WARNING:pygls.protocol:Cancel notification for unknown message id "838"

2024-09-05 14:54:22.630 [info] WARNING:pygls.protocol:Cancel notification for unknown message id "850"

2024-09-05 14:54:22.731 [info] WARNING:pygls.protocol:Cancel notification for unknown message id "851"

2024-09-05 14:54:28.609 [info] WARNING:pygls.protocol:Cancel notification for unknown message id "864"

2024-09-05 14:54:29.069 [info] WARNING:pygls.protocol:Cancel notification for unknown message id "867"

2024-09-05 14:54:40.330 [info] WARNING:pygls.protocol:Cancel notification for unknown message id "901"

2024-09-05 14:54:40.424 [info] WARNING:pygls.protocol:Cancel notification for unknown message id "902"

2024-09-05 14:54:40.957 [info] WARNING:pygls.protocol:Cancel notification for unknown message id "903"

2024-09-05 14:54:40.959 [info] WARNING:pygls.protocol:Cancel notification for unknown message id "905"

2024-09-05 14:54:41.272 [info] WARNING:pygls.protocol:Cancel notification for unknown message id "906"

2024-09-05 14:54:56.587 [info] WARNING:pygls.protocol:Cancel notification for unknown message id "947"

2024-09-05 14:54:57.909 [info] WARNING:pygls.protocol:Cancel notification for unknown message id "951"

2024-09-05 14:54:57.912 [info] WARNING:pygls.protocol:Cancel notification for unknown message id "952"

2024-09-05 14:55:00.086 [info] WARNING:pygls.protocol:Cancel notification for unknown message id "962"

2024-09-05 14:55:05.902 [info] WARNING:pygls.protocol:Cancel notification for unknown message id "971"

2024-09-05 14:55:20.366 [info] WARNING:pygls.protocol:Cancel notification for unknown message id "1003"

2024-09-05 14:55:20.368 [info] WARNING:pygls.protocol:Cancel notification for unknown message id "1005"

2024-09-05 14:55:22.945 [info] WARNING:pygls.protocol:Cancel notification for unknown message id "1017"

2024-09-05 14:55:48.025 [info] WARNING:pygls.protocol:Cancel notification for unknown message id "1060"

2024-09-05 14:56:15.401 [info] WARNING:pygls.protocol:Cancel notification for unknown message id "1091"

2024-09-05 14:56:15.406 [info] WARNING:pygls.protocol:Cancel notification for unknown message id "1090"

2024-09-05 14:56:17.328 [info] WARNING:pygls.protocol:Cancel notification for unknown message id "1101"

2024-09-05 14:56:24.939 [info] WARNING:pygls.protocol:Cancel notification for unknown message id "1118"

2024-09-05 14:56:26.073 [info] WARNING:pygls.protocol:Cancel notification for unknown message id "1122"

2024-09-05 14:56:26.075 [info] WARNING:pygls.protocol:Cancel notification for unknown message id "1124"

2024-09-05 14:56:29.372 [info] WARNING:pygls.protocol:Cancel notification for unknown message id "1137"

2024-09-05 14:56:35.085 [info] WARNING:pygls.protocol:Cancel notification for unknown message id "1162"

2024-09-05 14:56:35.087 [info] WARNING:pygls.protocol:Cancel notification for unknown message id "1163"

2024-09-05 14:56:35.703 [info] WARNING:pygls.protocol:Cancel notification for unknown message id "1166"

2024-09-05 14:56:35.704 [info] WARNING:pygls.protocol:Cancel notification for unknown message id "1167"

2024-09-05 14:56:35.830 [info] WARNING:pygls.protocol:Cancel notification for unknown message id "1168"

2024-09-05 14:56:39.625 [info] WARNING:pygls.protocol:Cancel notification for unknown message id "1191"

2024-09-05 14:56:41.929 [info] WARNING:pygls.protocol:Cancel notification for unknown message id "1197"

2024-09-05 14:56:41.931 [info] WARNING:pygls.protocol:Cancel notification for unknown message id "1198"

2024-09-05 14:56:41.932 [info] WARNING:pygls.protocol:Cancel notification for unknown message id "1200"

2024-09-05 14:58:22.967 [info] WARNING:pygls.protocol:Cancel notification for unknown message id "1232"

2024-09-05 14:58:28.833 [info] WARNING:pygls.protocol:Cancel notification for unknown message id "1236"

2024-09-05 14:58:31.254 [info] WARNING:pygls.protocol:Cancel notification for unknown message id "1246"

2024-09-05 14:58:31.258 [info] WARNING:pygls.protocol:Cancel notification for unknown message id "1247"

2024-09-05 14:58:31.763 [info] WARNING:pygls.protocol:Cancel notification for unknown message id "1250"

2024-09-05 14:58:31.766 [info] WARNING:pygls.protocol:Cancel notification for unknown message id "1251"

2024-09-05 14:58:32.182 [info] WARNING:pygls.protocol:Cancel notification for unknown message id "1253"

2024-09-05 14:58:32.185 [info] WARNING:pygls.protocol:Cancel notification for unknown message id "1255"

2024-09-05 14:58:32.186 [info] WARNING:pygls.protocol:Cancel notification for unknown message id "1254"

2024-09-05 14:58:35.711 [info] WARNING:pygls.protocol:Cancel notification for unknown message id "1265"

2024-09-05 14:58:35.713 [info] WARNING:pygls.protocol:Cancel notification for unknown message id "1266"

2024-09-05 14:58:35.911 [info] WARNING:pygls.protocol:Cancel notification for unknown message id "1267"

2024-09-05 14:58:37.099 [info] WARNING:pygls.protocol:Cancel notification for unknown message id "1273"

2024-09-05 14:58:37.300 [info] WARNING:pygls.protocol:Cancel notification for unknown message id "1275"

2024-09-05 14:58:37.302 [info] WARNING:pygls.protocol:Cancel notification for unknown message id "1274"

2024-09-05 14:58:37.494 [info] WARNING:pygls.protocol:Cancel notification for unknown message id "1276"

2024-09-05 14:58:37.723 [info] WARNING:pygls.protocol:Cancel notification for unknown message id "1278"

2024-09-05 14:58:38.150 [info] WARNING:pygls.protocol:Cancel notification for unknown message id "1282"

2024-09-05 14:58:38.585 [info] WARNING:pygls.protocol:Cancel notification for unknown message id "1285"

2024-09-05 14:58:38.587 [info] WARNING:pygls.protocol:Cancel notification for unknown message id "1284"

2024-09-05 14:58:38.590 [info] WARNING:pygls.protocol:Cancel notification for unknown message id "1283"

2024-09-05 14:58:39.030 [info] WARNING:pygls.protocol:Cancel notification for unknown message id "1288"

2024-09-05 14:58:39.041 [info] WARNING:pygls.protocol:Cancel notification for unknown message id "1289"

2024-09-05 14:58:39.319 [info] WARNING:pygls.protocol:Cancel notification for unknown message id "1293"

2024-09-05 14:58:39.320 [info] WARNING:pygls.protocol:Cancel notification for unknown message id "1294"

2024-09-05 14:58:39.530 [info] WARNING:pygls.protocol:Cancel notification for unknown message id "1297"

2024-09-05 14:59:10.122 [info] WARNING:pygls.protocol:Cancel notification for unknown message id "1323"

2024-09-05 15:00:04.863 [info] WARNING:pygls.protocol:Cancel notification for unknown message id "1399"

2024-09-05 15:00:10.254 [info] WARNING:pygls.protocol:Cancel notification for unknown message id "1416"

2024-09-05 15:00:10.256 [info] WARNING:pygls.protocol:Cancel notification for unknown message id "1418"

2024-09-05 15:00:11.785 [info] WARNING:pygls.protocol:Cancel notification for unknown message id "1428"

2024-09-05 15:00:11.798 [info] WARNING:pygls.protocol:Cancel notification for unknown message id "1429"

2024-09-05 15:01:14.217 [info] WARNING:pygls.protocol:Cancel notification for unknown message id "1456"

2024-09-05 15:01:33.986 [info] WARNING:pygls.protocol:Cancel notification for unknown message id "1465"

2024-09-05 15:01:36.089 [info] WARNING:pygls.protocol:Cancel notification for unknown message id "1473"

2024-09-05 15:01:37.018 [info] WARNING:pygls.protocol:Cancel notification for unknown message id "1475"

2024-09-05 15:01:37.313 [info] WARNING:pygls.protocol:Cancel notification for unknown message id "1478"

2024-09-05 15:01:47.203 [info] WARNING:pygls.protocol:Cancel notification for unknown message id "1497"

2024-09-05 15:01:50.112 [info] WARNING:pygls.protocol:Cancel notification for unknown message id "1504"

2024-09-05 15:01:51.748 [info] WARNING:pygls.protocol:Cancel notification for unknown message id "1508"

2024-09-05 15:01:53.240 [info] WARNING:pygls.protocol:Cancel notification for unknown message id "1513"

2024-09-05 15:02:15.355 [info] WARNING:pygls.protocol:Cancel notification for unknown message id "1556"

2024-09-05 15:02:15.372 [info] WARNING:pygls.protocol:Cancel notification for unknown message id "1557"

2024-09-05 15:02:18.955 [info] Exception in thread Thread-1072:
Traceback (most recent call last):
  File "/google/devshell/editor/code-oss-for-cloud-shell/extensions/ms-python.python/python_files/lib/jedilsp/jedi_language_server/jedi_utils.py", line 299, in lsp_python_diagnostic

2024-09-05 15:02:18.956 [info]     compile(source, uri, "exec", PyCF_ONLY_AST)
  File "file:///home/ardyop7/discord.py/main.py", line 31
    load_dotenv()
IndentationError: expected an indented block after function definition on line 27

During handling of the above exception, another exception occurred:

Traceback (most recent call last):
  File "/usr/lib/python3.10/threading.py", line 1016, in _bootstrap_inner

2024-09-05 15:02:18.956 [info]     self.run()
  File "/usr/lib/python3.10/threading.py", line 1378, in run

2024-09-05 15:02:18.957 [info]     self.function(*self.args, **self.kwargs)
  File "/google/devshell/editor/code-oss-for-cloud-shell/extensions/ms-python.python/python_files/lib/jedilsp/jedi_language_server/jedi_utils.py", line 71, in run
    return func(*args, **kwargs)
  File "/google/devshell/editor/code-oss-for-cloud-shell/extensions/ms-python.python/python_files/lib/jedilsp/jedi_language_server/server.py", line 653, in _publish_diagnostics

2024-09-05 15:02:18.957 [info]     diagnostic = jedi_utils.lsp_python_diagnostic(uri, doc.source)
  File "/google/devshell/editor/code-oss-for-cloud-shell/extensions/ms-python.python/python_files/lib/jedilsp/jedi_language_server/jedi_utils.py", line 320, in lsp_python_diagnostic
    end=Position(line=until_line, character=until_column),
  File "<attrs generated init lsprotocol.types.Position>", line 7, in __init__
  File "/google/devshell/editor/code-oss-for-cloud-shell/extensions/ms-python.python/python_files/lib/jedilsp/lsprotocol/validators.py", line 44, in uinteger_validator
    raise ValueError(
ValueError: Position.character should be in range [0:2147483647], but was -1.

2024-09-05 15:03:44.253 [info] WARNING:pygls.protocol:Cancel notification for unknown message id "1593"

2024-09-05 15:04:30.126 [info] WARNING:pygls.protocol:Cancel notification for unknown message id "1602"

2024-09-05 15:04:30.137 [info] WARNING:pygls.protocol:Cancel notification for unknown message id "1603"

2024-09-05 15:04:37.469 [info] WARNING:pygls.protocol:Cancel notification for unknown message id "1622"

2024-09-05 15:04:37.481 [info] WARNING:pygls.protocol:Cancel notification for unknown message id "1623"

2024-09-05 15:04:40.159 [info] WARNING:pygls.protocol:Cancel notification for unknown message id "1624"

2024-09-05 15:04:40.161 [info] WARNING:pygls.protocol:Cancel notification for unknown message id "1626"

2024-09-05 15:04:40.178 [info] WARNING:pygls.protocol:Cancel notification for unknown message id "1625"

2024-09-05 15:04:40.196 [info] WARNING:pygls.protocol:Cancel notification for unknown message id "1628"

2024-09-05 15:04:40.244 [info] WARNING:pygls.protocol:Cancel notification for unknown message id "1631"

2024-09-05 15:04:40.255 [info] WARNING:pygls.protocol:Cancel notification for unknown message id "1630"

2024-09-05 15:04:40.257 [info] WARNING:pygls.protocol:Cancel notification for unknown message id "1627"

2024-09-05 15:04:40.288 [info] WARNING:pygls.protocol:Cancel notification for unknown message id "1634"

2024-09-05 15:04:40.290 [info] WARNING:pygls.protocol:Cancel notification for unknown message id "1632"

2024-09-05 15:04:40.327 [info] WARNING:pygls.protocol:Cancel notification for unknown message id "1636"

2024-09-05 15:04:40.329 [info] WARNING:pygls.protocol:Cancel notification for unknown message id "1633"

2024-09-05 15:04:40.356 [info] WARNING:pygls.protocol:Cancel notification for unknown message id "1629"

2024-09-05 15:04:40.388 [info] WARNING:pygls.protocol:Cancel notification for unknown message id "1638"

2024-09-05 15:04:40.394 [info] WARNING:pygls.protocol:Cancel notification for unknown message id "1641"

2024-09-05 15:04:40.396 [info] WARNING:pygls.protocol:Cancel notification for unknown message id "1635"

2024-09-05 15:04:40.398 [info] WARNING:pygls.protocol:Cancel notification for unknown message id "1640"

2024-09-05 15:04:40.399 [info] WARNING:pygls.protocol:Cancel notification for unknown message id "1637"

2024-09-05 15:04:40.698 [info] WARNING:pygls.protocol:Cancel notification for unknown message id "1639"

2024-09-05 15:04:42.423 [info] WARNING:pygls.protocol:Cancel notification for unknown message id "1648"

2024-09-05 15:04:43.529 [info] WARNING:pygls.protocol:Cancel notification for unknown message id "1656"

2024-09-05 15:04:43.762 [info] WARNING:pygls.protocol:Cancel notification for unknown message id "1658"

2024-09-05 15:04:43.765 [info] WARNING:pygls.protocol:Cancel notification for unknown message id "1659"

2024-09-05 15:04:55.164 [info] WARNING:pygls.protocol:Cancel notification for unknown message id "1695"

2024-09-05 15:04:55.177 [info] WARNING:pygls.protocol:Cancel notification for unknown message id "1696"

2024-09-05 15:04:55.431 [info] WARNING:pygls.protocol:Cancel notification for unknown message id "1697"

2024-09-05 15:04:55.434 [info] WARNING:pygls.protocol:Cancel notification for unknown message id "1698"

2024-09-05 15:04:55.952 [info] WARNING:pygls.protocol:Cancel notification for unknown message id "1700"

2024-09-05 15:04:56.233 [info] WARNING:pygls.protocol:Cancel notification for unknown message id "1702"

2024-09-05 15:04:56.265 [info] WARNING:pygls.protocol:Cancel notification for unknown message id "1704"

2024-09-05 15:04:56.266 [info] WARNING:pygls.protocol:Cancel notification for unknown message id "1703"

2024-09-05 15:04:57.718 [info] WARNING:pygls.protocol:Cancel notification for unknown message id "1710"

2024-09-05 15:04:59.315 [info] WARNING:pygls.protocol:Cancel notification for unknown message id "1715"

2024-09-05 15:04:59.613 [info] WARNING:pygls.protocol:Cancel notification for unknown message id "1716"

2024-09-05 15:05:00.149 [info] WARNING:pygls.protocol:Cancel notification for unknown message id "1718"

2024-09-05 15:05:00.178 [info] WARNING:pygls.protocol:Cancel notification for unknown message id "1719"

2024-09-05 15:06:43.532 [info] WARNING:pygls.protocol:Cancel notification for unknown message id "1774"

2024-09-05 15:06:44.731 [info] WARNING:pygls.protocol:Cancel notification for unknown message id "1778"

2024-09-05 15:06:44.734 [info] WARNING:pygls.protocol:Cancel notification for unknown message id "1779"

2024-09-05 15:06:45.826 [info] WARNING:pygls.protocol:Cancel notification for unknown message id "1784"

2024-09-05 15:06:45.838 [info] WARNING:pygls.protocol:Cancel notification for unknown message id "1785"

2024-09-05 15:06:55.016 [info] WARNING:pygls.protocol:Cancel notification for unknown message id "1824"

2024-09-05 15:06:56.092 [info] WARNING:pygls.protocol:Cancel notification for unknown message id "1825"

2024-09-05 15:06:56.105 [info] WARNING:pygls.protocol:Cancel notification for unknown message id "1826"

2024-09-05 15:07:19.575 [info] WARNING:pygls.protocol:Cancel notification for unknown message id "1843"

2024-09-05 15:07:19.577 [info] WARNING:pygls.protocol:Cancel notification for unknown message id "1844"

2024-09-05 15:07:19.590 [info] WARNING:pygls.protocol:Cancel notification for unknown message id "1845"

2024-09-05 15:07:19.605 [info] WARNING:pygls.protocol:Cancel notification for unknown message id "1846"

2024-09-05 15:07:19.607 [info] WARNING:pygls.protocol:Cancel notification for unknown message id "1848"

2024-09-05 15:07:19.618 [info] WARNING:pygls.protocol:Cancel notification for unknown message id "1847"

2024-09-05 15:07:54.877 [info] WARNING:pygls.protocol:Cancel notification for unknown message id "1886"

2024-09-05 15:07:55.829 [info] WARNING:pygls.protocol:Cancel notification for unknown message id "1890"

2024-09-05 15:07:55.844 [info] WARNING:pygls.protocol:Cancel notification for unknown message id "1891"

2024-09-05 15:08:00.584 [info] WARNING:pygls.protocol:Cancel notification for unknown message id "1901"

2024-09-05 15:08:00.588 [info] WARNING:pygls.protocol:Cancel notification for unknown message id "1903"

2024-09-05 15:08:00.589 [info] WARNING:pygls.protocol:Cancel notification for unknown message id "1904"

2024-09-05 15:08:00.872 [info] WARNING:pygls.protocol:Cancel notification for unknown message id "1902"

2024-09-05 15:08:00.890 [info] WARNING:pygls.protocol:Cancel notification for unknown message id "1905"

2024-09-05 15:08:01.262 [info] WARNING:pygls.protocol:Cancel notification for unknown message id "1908"

2024-09-05 15:08:01.267 [info] WARNING:pygls.protocol:Cancel notification for unknown message id "1906"

2024-09-05 15:08:22.274 [info] WARNING:pygls.protocol:Cancel notification for unknown message id "1932"

2024-09-05 15:08:22.310 [info] WARNING:pygls.protocol:Cancel notification for unknown message id "1934"

2024-09-05 15:08:22.326 [info] WARNING:pygls.protocol:Cancel notification for unknown message id "1935"

2024-09-05 15:08:22.464 [info] WARNING:pygls.protocol:Cancel notification for unknown message id "1936"

2024-09-05 15:08:28.210 [info] Exception in thread Thread-1380:
Traceback (most recent call last):
  File "/google/devshell/editor/code-oss-for-cloud-shell/extensions/ms-python.python/python_files/lib/jedilsp/jedi_language_server/jedi_utils.py", line 299, in lsp_python_diagnostic

2024-09-05 15:08:28.211 [info]     compile(source, uri, "exec", PyCF_ONLY_AST)
  File "file:///home/ardyop7/discord.py/main.py", line 36
    load_dotenv()
IndentationError: expected an indented block after 'if' statement on line 33

During handling of the above exception, another exception occurred:

Traceback (most recent call last):
  File "/usr/lib/python3.10/threading.py", line 1016, in _bootstrap_inner

2024-09-05 15:08:28.211 [info]     self.run()
  File "/usr/lib/python3.10/threading.py", line 1378, in run
    self.function(*self.args, **self.kwargs)
  File "/google/devshell/editor/code-oss-for-cloud-shell/extensions/ms-python.python/python_files/lib/jedilsp/jedi_language_server/jedi_utils.py", line 71, in run

2024-09-05 15:08:28.212 [info]     return func(*args, **kwargs)
  File "/google/devshell/editor/code-oss-for-cloud-shell/extensions/ms-python.python/python_files/lib/jedilsp/jedi_language_server/server.py", line 653, in _publish_diagnostics
    diagnostic = jedi_utils.lsp_python_diagnostic(uri, doc.source)
  File "/google/devshell/editor/code-oss-for-cloud-shell/extensions/ms-python.python/python_files/lib/jedilsp/jedi_language_server/jedi_utils.py", line 320, in lsp_python_diagnostic

2024-09-05 15:08:28.212 [info]     end=Position(line=until_line, character=until_column),
  File "<attrs generated init lsprotocol.types.Position>", line 7, in __init__
  File "/google/devshell/editor/code-oss-for-cloud-shell/extensions/ms-python.python/python_files/lib/jedilsp/lsprotocol/validators.py", line 44, in uinteger_validator

2024-09-05 15:08:28.213 [info]     raise ValueError(
ValueError: Position.character should be in range [0:2147483647], but was -1.

2024-09-05 15:08:29.527 [info] Exception in thread Thread-1382:
Traceback (most recent call last):
  File "/google/devshell/editor/code-oss-for-cloud-shell/extensions/ms-python.python/python_files/lib/jedilsp/jedi_language_server/jedi_utils.py", line 299, in lsp_python_diagnostic

2024-09-05 15:08:29.528 [info]     compile(source, uri, "exec", PyCF_ONLY_AST)
  File "file:///home/ardyop7/discord.py/main.py", line 37
    load_dotenv()
IndentationError: expected an indented block after 'if' statement on line 33

During handling of the above exception, another exception occurred:

Traceback (most recent call last):
  File "/usr/lib/python3.10/threading.py", line 1016, in _bootstrap_inner
    self.run()
  File "/usr/lib/python3.10/threading.py", line 1378, in run
    self.function(*self.args, **self.kwargs)
  File "/google/devshell/editor/code-oss-for-cloud-shell/extensions/ms-python.python/python_files/lib/jedilsp/jedi_language_server/jedi_utils.py", line 71, in run

2024-09-05 15:08:29.529 [info]     return func(*args, **kwargs)
  File "/google/devshell/editor/code-oss-for-cloud-shell/extensions/ms-python.python/python_files/lib/jedilsp/jedi_language_server/server.py", line 653, in _publish_diagnostics
    diagnostic = jedi_utils.lsp_python_diagnostic(uri, doc.source)
  File "/google/devshell/editor/code-oss-for-cloud-shell/extensions/ms-python.python/python_files/lib/jedilsp/jedi_language_server/jedi_utils.py", line 320, in lsp_python_diagnostic
    end=Position(line=until_line, character=until_column),
  File "<attrs generated init lsprotocol.types.Position>", line 7, in __init__
  File "/google/devshell/editor/code-oss-for-cloud-shell/extensions/ms-python.python/python_files/lib/jedilsp/lsprotocol/validators.py", line 44, in uinteger_validator
    raise ValueError(
ValueError: Position.character should be in range [0:2147483647], but was -1.

2024-09-05 15:08:30.826 [info] Exception in thread Thread-1383:
Traceback (most recent call last):
  File "/google/devshell/editor/code-oss-for-cloud-shell/extensions/ms-python.python/python_files/lib/jedilsp/jedi_language_server/jedi_utils.py", line 299, in lsp_python_diagnostic

2024-09-05 15:08:30.827 [info]     compile(source, uri, "exec", PyCF_ONLY_AST)
  File "file:///home/ardyop7/discord.py/main.py", line 37
    load_dotenv()
IndentationError: expected an indented block after 'if' statement on line 33

During handling of the above exception, another exception occurred:

Traceback (most recent call last):
  File "/usr/lib/python3.10/threading.py", line 1016, in _bootstrap_inner
    self.run()
  File "/usr/lib/python3.10/threading.py", line 1378, in run

2024-09-05 15:08:30.827 [info]     self.function(*self.args, **self.kwargs)
  File "/google/devshell/editor/code-oss-for-cloud-shell/extensions/ms-python.python/python_files/lib/jedilsp/jedi_language_server/jedi_utils.py", line 71, in run
    return func(*args, **kwargs)
  File "/google/devshell/editor/code-oss-for-cloud-shell/extensions/ms-python.python/python_files/lib/jedilsp/jedi_language_server/server.py", line 653, in _publish_diagnostics

2024-09-05 15:08:30.828 [info]     diagnostic = jedi_utils.lsp_python_diagnostic(uri, doc.source)
  File "/google/devshell/editor/code-oss-for-cloud-shell/extensions/ms-python.python/python_files/lib/jedilsp/jedi_language_server/jedi_utils.py", line 320, in lsp_python_diagnostic
    end=Position(line=until_line, character=until_column),
  File "<attrs generated init lsprotocol.types.Position>", line 7, in __init__
  File "/google/devshell/editor/code-oss-for-cloud-shell/extensions/ms-python.python/python_files/lib/jedilsp/lsprotocol/validators.py", line 44, in uinteger_validator

2024-09-05 15:08:30.828 [info]     raise ValueError(
ValueError: Position.character should be in range [0:2147483647], but was -1.

2024-09-05 15:08:58.712 [info] WARNING:pygls.protocol:Cancel notification for unknown message id "1974"

2024-09-05 15:08:59.076 [info] WARNING:pygls.protocol:Cancel notification for unknown message id "1977"

2024-09-05 15:09:57.850 [info] WARNING:pygls.protocol:Cancel notification for unknown message id "2029"

2024-09-05 15:09:58.128 [info] WARNING:pygls.protocol:Cancel notification for unknown message id "2032"

2024-09-05 15:09:58.133 [info] WARNING:pygls.protocol:Cancel notification for unknown message id "2034"

2024-09-05 15:09:58.138 [info] WARNING:pygls.protocol:Cancel notification for unknown message id "2035"

2024-09-05 15:09:58.140 [info] WARNING:pygls.protocol:Cancel notification for unknown message id "2036"

2024-09-05 15:09:58.146 [info] WARNING:pygls.protocol:Cancel notification for unknown message id "2037"

2024-09-05 15:10:06.116 [info] WARNING:pygls.protocol:Cancel notification for unknown message id "2061"

2024-09-05 15:10:10.018 [info] WARNING:pygls.protocol:Cancel notification for unknown message id "2075"

2024-09-05 15:10:10.021 [info] WARNING:pygls.protocol:Cancel notification for unknown message id "2077"

2024-09-05 15:10:20.384 [info] WARNING:pygls.protocol:Cancel notification for unknown message id "2102"

2024-09-05 15:10:34.546 [info] WARNING:pygls.protocol:Cancel notification for unknown message id "2127"

2024-09-05 15:10:39.350 [info] WARNING:pygls.protocol:Cancel notification for unknown message id "2144"

2024-09-05 15:10:39.352 [info] WARNING:pygls.protocol:Cancel notification for unknown message id "2146"

2024-09-05 15:10:40.965 [info] WARNING:pygls.protocol:Cancel notification for unknown message id "2153"

2024-09-05 15:10:41.010 [info] WARNING:pygls.protocol:Cancel notification for unknown message id "2155"

2024-09-05 15:10:48.266 [info] WARNING:pygls.protocol:Cancel notification for unknown message id "2164"

2024-09-05 15:11:06.046 [info] WARNING:pygls.protocol:Cancel notification for unknown message id "2195"

2024-09-05 15:11:06.059 [info] WARNING:pygls.protocol:Cancel notification for unknown message id "2196"

2024-09-05 15:11:42.727 [info] WARNING:pygls.protocol:Cancel notification for unknown message id "2236"

2024-09-05 15:11:42.839 [info] WARNING:pygls.protocol:Cancel notification for unknown message id "2238"

2024-09-05 15:11:42.840 [info] WARNING:pygls.protocol:Cancel notification for unknown message id "2237"

2024-09-05 15:11:42.951 [info] WARNING:pygls.protocol:Cancel notification for unknown message id "2239"

2024-09-05 15:11:43.612 [info] WARNING:pygls.protocol:Cancel notification for unknown message id "2241"

2024-09-05 15:12:37.186 [info] ERROR:pygls.protocol:Failed to handle request 2276 textDocument/codeAction CodeActionParams(text_document=TextDocumentIdentifier(uri='file:///home/ardyop7/discord.py/main.py'), range=53:12-53:12, context=CodeActionContext(diagnostics=[], only=None, trigger_kind=<CodeActionTriggerKind.Automatic: 2>), work_done_token=None, partial_result_token=None)
Traceback (most recent call last):
  File "/google/devshell/editor/code-oss-for-cloud-shell/extensions/ms-python.python/python_files/lib/jedilsp/pygls/protocol.py", line 340, in _handle_request
    self._execute_request(msg_id, handler, params)
  File "/google/devshell/editor/code-oss-for-cloud-shell/extensions/ms-python.python/python_files/lib/jedilsp/pygls/protocol.py", line 264, in _execute_request
    self._send_response(msg_id, handler(params))
  File "/google/devshell/editor/code-oss-for-cloud-shell/extensions/ms-python.python/python_files/lib/jedilsp/jedi_language_server/server.py", line 580, in code_action
    extract_variable_refactoring = jedi_script.extract_variable(
  File "/google/devshell/editor/code-oss-for-cloud-shell/extensions/ms-python.python/python_files/lib/jedilsp/jedi/api/helpers.py", line 487, in wrapper
    return func(self, line, column, *args, **kwargs)
  File "/google/devshell/editor/code-oss-for-cloud-shell/extensions/ms-python.python/python_files/lib/jedilsp/jedi/api/__init__.py", line 628, in extract_variable
    return extract_variable(
  File "/google/devshell/editor/code-oss-for-cloud-shell/extensions/ms-python.python/python_files/lib/jedilsp/jedi/api/refactoring/extract.py", line 19, in extract_variable
    nodes = _find_nodes(module_node, pos, until_pos)
  File "/google/devshell/editor/code-oss-for-cloud-shell/extensions/ms-python.python/python_files/lib/jedilsp/jedi/api/refactoring/extract.py", line 87, in _find_nodes
    nodes = _remove_unwanted_expression_nodes(parent_node, pos, until_pos)
  File "/google/devshell/editor/code-oss-for-cloud-shell/extensions/ms-python.python/python_files/lib/jedilsp/jedi/api/refactoring/extract.py", line 196, in _remove_unwanted_expression_nodes
    nodes = nodes[start_index:end_index + 1]
UnboundLocalError: local variable 'end_index' referenced before assignment

2024-09-05 15:12:37.189 [info] [Error - 3:12:37 PM] Request textDocument/codeAction failed.
2024-09-05 15:12:37.190 [info]   Message: UnboundLocalError: local variable 'end_index' referenced before assignment
  Code: -32602 
{'traceback': ['  File "/google/devshell/editor/code-oss-for-cloud-shell/extensions/ms-python.python/python_files/lib/jedilsp/pygls/protocol.py", line 340, in _handle_request\n    self._execute_request(msg_id, handler, params)\n', '  File "/google/devshell/editor/code-oss-for-cloud-shell/extensions/ms-python.python/python_files/lib/jedilsp/pygls/protocol.py", line 264, in _execute_request\n    self._send_response(msg_id, handler(params))\n', '  File "/google/devshell/editor/code-oss-for-cloud-shell/extensions/ms-python.python/python_files/lib/jedilsp/jedi_language_server/server.py", line 580, in code_action\n    extract_variable_refactoring = jedi_script.extract_variable(\n', '  File "/google/devshell/editor/code-oss-for-cloud-shell/extensions/ms-python.python/python_files/lib/jedilsp/jedi/api/helpers.py", line 487, in wrapper\n    return func(self, line, column, *args, **kwargs)\n', '  File "/google/devshell/editor/code-oss-for-cloud-shell/extensions/ms-python.python/python_files/lib/jedilsp/jedi/api/__init__.py", line 628, in extract_variable\n    return extract_variable(\n', '  File "/google/devshell/editor/code-oss-for-cloud-shell/extensions/ms-python.python/python_files/lib/jedilsp/jedi/api/refactoring/extract.py", line 19, in extract_variable\n    nodes = _find_nodes(module_node, pos, until_pos)\n', '  File "/google/devshell/editor/code-oss-for-cloud-shell/extensions/ms-python.python/python_files/lib/jedilsp/jedi/api/refactoring/extract.py", line 87, in _find_nodes\n    nodes = _remove_unwanted_expression_nodes(parent_node, pos, until_pos)\n', '  File "/google/devshell/editor/code-oss-for-cloud-shell/extensions/ms-python.python/python_files/lib/jedilsp/jedi/api/refactoring/extract.py", line 196, in _remove_unwanted_expression_nodes\n    nodes = nodes[start_index:end_index + 1]\n']}
2024-09-05 15:12:38.226 [info] ERROR:pygls.protocol:Failed to handle request 2277 textDocument/codeAction CodeActionParams(text_document=TextDocumentIdentifier(uri='file:///home/ardyop7/discord.py/main.py'), range=53:16-53:16, context=CodeActionContext(diagnostics=[], only=None, trigger_kind=<CodeActionTriggerKind.Automatic: 2>), work_done_token=None, partial_result_token=None)
Traceback (most recent call last):
  File "/google/devshell/editor/code-oss-for-cloud-shell/extensions/ms-python.python/python_files/lib/jedilsp/pygls/protocol.py", line 340, in _handle_request
    self._execute_request(msg_id, handler, params)
  File "/google/devshell/editor/code-oss-for-cloud-shell/extensions/ms-python.python/python_files/lib/jedilsp/pygls/protocol.py", line 264, in _execute_request
    self._send_response(msg_id, handler(params))
  File "/google/devshell/editor/code-oss-for-cloud-shell/extensions/ms-python.python/python_files/lib/jedilsp/jedi_language_server/server.py", line 580, in code_action
    extract_variable_refactoring = jedi_script.extract_variable(
  File "/google/devshell/editor/code-oss-for-cloud-shell/extensions/ms-python.python/python_files/lib/jedilsp/jedi/api/helpers.py", line 487, in wrapper
    return func(self, line, column, *args, **kwargs)
  File "/google/devshell/editor/code-oss-for-cloud-shell/extensions/ms-python.python/python_files/lib/jedilsp/jedi/api/__init__.py", line 628, in extract_variable
    return extract_variable(
  File "/google/devshell/editor/code-oss-for-cloud-shell/extensions/ms-python.python/python_files/lib/jedilsp/jedi/api/refactoring/extract.py", line 19, in extract_variable
    nodes = _find_nodes(module_node, pos, until_pos)
  File "/google/devshell/editor/code-oss-for-cloud-shell/extensions/ms-python.python/python_files/lib/jedilsp/jedi/api/refactoring/extract.py", line 87, in _find_nodes
    nodes = _remove_unwanted_expression_nodes(parent_node, pos, until_pos)
  File "/google/devshell/editor/code-oss-for-cloud-shell/extensions/ms-python.python/python_files/lib/jedilsp/jedi/api/refactoring/extract.py", line 196, in _remove_unwanted_expression_nodes
    nodes = nodes[start_index:end_index + 1]
UnboundLocalError: local variable 'end_index' referenced before assignment

2024-09-05 15:12:38.228 [info] [Error - 3:12:38 PM] Request textDocument/codeAction failed.
2024-09-05 15:12:38.228 [info]   Message: UnboundLocalError: local variable 'end_index' referenced before assignment
  Code: -32602 
{'traceback': ['  File "/google/devshell/editor/code-oss-for-cloud-shell/extensions/ms-python.python/python_files/lib/jedilsp/pygls/protocol.py", line 340, in _handle_request\n    self._execute_request(msg_id, handler, params)\n', '  File "/google/devshell/editor/code-oss-for-cloud-shell/extensions/ms-python.python/python_files/lib/jedilsp/pygls/protocol.py", line 264, in _execute_request\n    self._send_response(msg_id, handler(params))\n', '  File "/google/devshell/editor/code-oss-for-cloud-shell/extensions/ms-python.python/python_files/lib/jedilsp/jedi_language_server/server.py", line 580, in code_action\n    extract_variable_refactoring = jedi_script.extract_variable(\n', '  File "/google/devshell/editor/code-oss-for-cloud-shell/extensions/ms-python.python/python_files/lib/jedilsp/jedi/api/helpers.py", line 487, in wrapper\n    return func(self, line, column, *args, **kwargs)\n', '  File "/google/devshell/editor/code-oss-for-cloud-shell/extensions/ms-python.python/python_files/lib/jedilsp/jedi/api/__init__.py", line 628, in extract_variable\n    return extract_variable(\n', '  File "/google/devshell/editor/code-oss-for-cloud-shell/extensions/ms-python.python/python_files/lib/jedilsp/jedi/api/refactoring/extract.py", line 19, in extract_variable\n    nodes = _find_nodes(module_node, pos, until_pos)\n', '  File "/google/devshell/editor/code-oss-for-cloud-shell/extensions/ms-python.python/python_files/lib/jedilsp/jedi/api/refactoring/extract.py", line 87, in _find_nodes\n    nodes = _remove_unwanted_expression_nodes(parent_node, pos, until_pos)\n', '  File "/google/devshell/editor/code-oss-for-cloud-shell/extensions/ms-python.python/python_files/lib/jedilsp/jedi/api/refactoring/extract.py", line 196, in _remove_unwanted_expression_nodes\n    nodes = nodes[start_index:end_index + 1]\n']}
2024-09-05 15:12:39.018 [info] ERROR:pygls.protocol:Failed to handle request 2280 textDocument/codeAction CodeActionParams(text_document=TextDocumentIdentifier(uri='file:///home/ardyop7/discord.py/main.py'), range=53:20-53:20, context=CodeActionContext(diagnostics=[], only=None, trigger_kind=<CodeActionTriggerKind.Automatic: 2>), work_done_token=None, partial_result_token=None)
Traceback (most recent call last):
  File "/google/devshell/editor/code-oss-for-cloud-shell/extensions/ms-python.python/python_files/lib/jedilsp/pygls/protocol.py", line 340, in _handle_request
    self._execute_request(msg_id, handler, params)
  File "/google/devshell/editor/code-oss-for-cloud-shell/extensions/ms-python.python/python_files/lib/jedilsp/pygls/protocol.py", line 264, in _execute_request
    self._send_response(msg_id, handler(params))
  File "/google/devshell/editor/code-oss-for-cloud-shell/extensions/ms-python.python/python_files/lib/jedilsp/jedi_language_server/server.py", line 580, in code_action
    extract_variable_refactoring = jedi_script.extract_variable(
  File "/google/devshell/editor/code-oss-for-cloud-shell/extensions/ms-python.python/python_files/lib/jedilsp/jedi/api/helpers.py", line 487, in wrapper
    return func(self, line, column, *args, **kwargs)
  File "/google/devshell/editor/code-oss-for-cloud-shell/extensions/ms-python.python/python_files/lib/jedilsp/jedi/api/__init__.py", line 628, in extract_variable
    return extract_variable(
  File "/google/devshell/editor/code-oss-for-cloud-shell/extensions/ms-python.python/python_files/lib/jedilsp/jedi/api/refactoring/extract.py", line 19, in extract_variable
    nodes = _find_nodes(module_node, pos, until_pos)
  File "/google/devshell/editor/code-oss-for-cloud-shell/extensions/ms-python.python/python_files/lib/jedilsp/jedi/api/refactoring/extract.py", line 87, in _find_nodes
    nodes = _remove_unwanted_expression_nodes(parent_node, pos, until_pos)
  File "/google/devshell/editor/code-oss-for-cloud-shell/extensions/ms-python.python/python_files/lib/jedilsp/jedi/api/refactoring/extract.py", line 196, in _remove_unwanted_expression_nodes
    nodes = nodes[start_index:end_index + 1]
UnboundLocalError: local variable 'end_index' referenced before assignment

2024-09-05 15:12:39.019 [info] [Error - 3:12:39 PM] Request textDocument/codeAction failed.
2024-09-05 15:12:39.019 [info]   Message: UnboundLocalError: local variable 'end_index' referenced before assignment
  Code: -32602 
{'traceback': ['  File "/google/devshell/editor/code-oss-for-cloud-shell/extensions/ms-python.python/python_files/lib/jedilsp/pygls/protocol.py", line 340, in _handle_request\n    self._execute_request(msg_id, handler, params)\n', '  File "/google/devshell/editor/code-oss-for-cloud-shell/extensions/ms-python.python/python_files/lib/jedilsp/pygls/protocol.py", line 264, in _execute_request\n    self._send_response(msg_id, handler(params))\n', '  File "/google/devshell/editor/code-oss-for-cloud-shell/extensions/ms-python.python/python_files/lib/jedilsp/jedi_language_server/server.py", line 580, in code_action\n    extract_variable_refactoring = jedi_script.extract_variable(\n', '  File "/google/devshell/editor/code-oss-for-cloud-shell/extensions/ms-python.python/python_files/lib/jedilsp/jedi/api/helpers.py", line 487, in wrapper\n    return func(self, line, column, *args, **kwargs)\n', '  File "/google/devshell/editor/code-oss-for-cloud-shell/extensions/ms-python.python/python_files/lib/jedilsp/jedi/api/__init__.py", line 628, in extract_variable\n    return extract_variable(\n', '  File "/google/devshell/editor/code-oss-for-cloud-shell/extensions/ms-python.python/python_files/lib/jedilsp/jedi/api/refactoring/extract.py", line 19, in extract_variable\n    nodes = _find_nodes(module_node, pos, until_pos)\n', '  File "/google/devshell/editor/code-oss-for-cloud-shell/extensions/ms-python.python/python_files/lib/jedilsp/jedi/api/refactoring/extract.py", line 87, in _find_nodes\n    nodes = _remove_unwanted_expression_nodes(parent_node, pos, until_pos)\n', '  File "/google/devshell/editor/code-oss-for-cloud-shell/extensions/ms-python.python/python_files/lib/jedilsp/jedi/api/refactoring/extract.py", line 196, in _remove_unwanted_expression_nodes\n    nodes = nodes[start_index:end_index + 1]\n']}
2024-09-05 15:12:40.125 [info] ERROR:pygls.protocol:Failed to handle request 2283 textDocument/codeAction CodeActionParams(text_document=TextDocumentIdentifier(uri='file:///home/ardyop7/discord.py/main.py'), range=53:20-53:20, context=CodeActionContext(diagnostics=[], only=None, trigger_kind=<CodeActionTriggerKind.Automatic: 2>), work_done_token=None, partial_result_token=None)
Traceback (most recent call last):
  File "/google/devshell/editor/code-oss-for-cloud-shell/extensions/ms-python.python/python_files/lib/jedilsp/pygls/protocol.py", line 340, in _handle_request
    self._execute_request(msg_id, handler, params)
  File "/google/devshell/editor/code-oss-for-cloud-shell/extensions/ms-python.python/python_files/lib/jedilsp/pygls/protocol.py", line 264, in _execute_request
    self._send_response(msg_id, handler(params))
  File "/google/devshell/editor/code-oss-for-cloud-shell/extensions/ms-python.python/python_files/lib/jedilsp/jedi_language_server/server.py", line 580, in code_action
    extract_variable_refactoring = jedi_script.extract_variable(
  File "/google/devshell/editor/code-oss-for-cloud-shell/extensions/ms-python.python/python_files/lib/jedilsp/jedi/api/helpers.py", line 487, in wrapper
    return func(self, line, column, *args, **kwargs)
  File "/google/devshell/editor/code-oss-for-cloud-shell/extensions/ms-python.python/python_files/lib/jedilsp/jedi/api/__init__.py", line 628, in extract_variable
    return extract_variable(
  File "/google/devshell/editor/code-oss-for-cloud-shell/extensions/ms-python.python/python_files/lib/jedilsp/jedi/api/refactoring/extract.py", line 19, in extract_variable
    nodes = _find_nodes(module_node, pos, until_pos)
  File "/google/devshell/editor/code-oss-for-cloud-shell/extensions/ms-python.python/python_files/lib/jedilsp/jedi/api/refactoring/extract.py", line 87, in _find_nodes
    nodes = _remove_unwanted_expression_nodes(parent_node, pos, until_pos)
  File "/google/devshell/editor/code-oss-for-cloud-shell/extensions/ms-python.python/python_files/lib/jedilsp/jedi/api/refactoring/extract.py", line 196, in _remove_unwanted_expression_nodes
    nodes = nodes[start_index:end_index + 1]
UnboundLocalError: local variable 'end_index' referenced before assignment

2024-09-05 15:12:40.128 [info] [Error - 3:12:40 PM] Request textDocument/codeAction failed.
2024-09-05 15:12:40.129 [info]   Message: UnboundLocalError: local variable 'end_index' referenced before assignment
  Code: -32602 
{'traceback': ['  File "/google/devshell/editor/code-oss-for-cloud-shell/extensions/ms-python.python/python_files/lib/jedilsp/pygls/protocol.py", line 340, in _handle_request\n    self._execute_request(msg_id, handler, params)\n', '  File "/google/devshell/editor/code-oss-for-cloud-shell/extensions/ms-python.python/python_files/lib/jedilsp/pygls/protocol.py", line 264, in _execute_request\n    self._send_response(msg_id, handler(params))\n', '  File "/google/devshell/editor/code-oss-for-cloud-shell/extensions/ms-python.python/python_files/lib/jedilsp/jedi_language_server/server.py", line 580, in code_action\n    extract_variable_refactoring = jedi_script.extract_variable(\n', '  File "/google/devshell/editor/code-oss-for-cloud-shell/extensions/ms-python.python/python_files/lib/jedilsp/jedi/api/helpers.py", line 487, in wrapper\n    return func(self, line, column, *args, **kwargs)\n', '  File "/google/devshell/editor/code-oss-for-cloud-shell/extensions/ms-python.python/python_files/lib/jedilsp/jedi/api/__init__.py", line 628, in extract_variable\n    return extract_variable(\n', '  File "/google/devshell/editor/code-oss-for-cloud-shell/extensions/ms-python.python/python_files/lib/jedilsp/jedi/api/refactoring/extract.py", line 19, in extract_variable\n    nodes = _find_nodes(module_node, pos, until_pos)\n', '  File "/google/devshell/editor/code-oss-for-cloud-shell/extensions/ms-python.python/python_files/lib/jedilsp/jedi/api/refactoring/extract.py", line 87, in _find_nodes\n    nodes = _remove_unwanted_expression_nodes(parent_node, pos, until_pos)\n', '  File "/google/devshell/editor/code-oss-for-cloud-shell/extensions/ms-python.python/python_files/lib/jedilsp/jedi/api/refactoring/extract.py", line 196, in _remove_unwanted_expression_nodes\n    nodes = nodes[start_index:end_index + 1]\n']}
2024-09-05 15:12:41.475 [info] ERROR:pygls.protocol:Failed to handle request 2285 textDocument/codeAction CodeActionParams(text_document=TextDocumentIdentifier(uri='file:///home/ardyop7/discord.py/main.py'), range=53:16-53:16, context=CodeActionContext(diagnostics=[Diagnostic(range=53:0-53:19, message='IndentationError: unexpected indent (main.py, line 54)', severity=<DiagnosticSeverity.Error: 1>, code=None, code_description=None, source='compile', tags=None, related_information=None, data=None)], only=None, trigger_kind=<CodeActionTriggerKind.Automatic: 2>), work_done_token=None, partial_result_token=None)
Traceback (most recent call last):
  File "/google/devshell/editor/code-oss-for-cloud-shell/extensions/ms-python.python/python_files/lib/jedilsp/pygls/protocol.py", line 340, in _handle_request
    self._execute_request(msg_id, handler, params)
  File "/google/devshell/editor/code-oss-for-cloud-shell/extensions/ms-python.python/python_files/lib/jedilsp/pygls/protocol.py", line 264, in _execute_request
    self._send_response(msg_id, handler(params))
  File "/google/devshell/editor/code-oss-for-cloud-shell/extensions/ms-python.python/python_files/lib/jedilsp/jedi_language_server/server.py", line 580, in code_action
    extract_variable_refactoring = jedi_script.extract_variable(
  File "/google/devshell/editor/code-oss-for-cloud-shell/extensions/ms-python.python/python_files/lib/jedilsp/jedi/api/helpers.py", line 487, in wrapper
    return func(self, line, column, *args, **kwargs)
  File "/google/devshell/editor/code-oss-for-cloud-shell/extensions/ms-python.python/python_files/lib/jedilsp/jedi/api/__init__.py", line 628, in extract_variable
    return extract_variable(
  File "/google/devshell/editor/code-oss-for-cloud-shell/extensions/ms-python.python/python_files/lib/jedilsp/jedi/api/refactoring/extract.py", line 19, in extract_variable
    nodes = _find_nodes(module_node, pos, until_pos)
  File "/google/devshell/editor/code-oss-for-cloud-shell/extensions/ms-python.python/python_files/lib/jedilsp/jedi/api/refactoring/extract.py", line 87, in _find_nodes
    nodes = _remove_unwanted_expression_nodes(parent_node, pos, until_pos)
  File "/google/devshell/editor/code-oss-for-cloud-shell/extensions/ms-python.python/python_files/lib/jedilsp/jedi/api/refactoring/extract.py", line 196, in _remove_unwanted_expression_nodes
    nodes = nodes[start_index:end_index + 1]
UnboundLocalError: local variable 'end_index' referenced before assignment

2024-09-05 15:12:41.476 [info] [Error - 3:12:41 PM] Request textDocument/codeAction failed.
2024-09-05 15:12:41.476 [info]   Message: UnboundLocalError: local variable 'end_index' referenced before assignment
  Code: -32602 
{'traceback': ['  File "/google/devshell/editor/code-oss-for-cloud-shell/extensions/ms-python.python/python_files/lib/jedilsp/pygls/protocol.py", line 340, in _handle_request\n    self._execute_request(msg_id, handler, params)\n', '  File "/google/devshell/editor/code-oss-for-cloud-shell/extensions/ms-python.python/python_files/lib/jedilsp/pygls/protocol.py", line 264, in _execute_request\n    self._send_response(msg_id, handler(params))\n', '  File "/google/devshell/editor/code-oss-for-cloud-shell/extensions/ms-python.python/python_files/lib/jedilsp/jedi_language_server/server.py", line 580, in code_action\n    extract_variable_refactoring = jedi_script.extract_variable(\n', '  File "/google/devshell/editor/code-oss-for-cloud-shell/extensions/ms-python.python/python_files/lib/jedilsp/jedi/api/helpers.py", line 487, in wrapper\n    return func(self, line, column, *args, **kwargs)\n', '  File "/google/devshell/editor/code-oss-for-cloud-shell/extensions/ms-python.python/python_files/lib/jedilsp/jedi/api/__init__.py", line 628, in extract_variable\n    return extract_variable(\n', '  File "/google/devshell/editor/code-oss-for-cloud-shell/extensions/ms-python.python/python_files/lib/jedilsp/jedi/api/refactoring/extract.py", line 19, in extract_variable\n    nodes = _find_nodes(module_node, pos, until_pos)\n', '  File "/google/devshell/editor/code-oss-for-cloud-shell/extensions/ms-python.python/python_files/lib/jedilsp/jedi/api/refactoring/extract.py", line 87, in _find_nodes\n    nodes = _remove_unwanted_expression_nodes(parent_node, pos, until_pos)\n', '  File "/google/devshell/editor/code-oss-for-cloud-shell/extensions/ms-python.python/python_files/lib/jedilsp/jedi/api/refactoring/extract.py", line 196, in _remove_unwanted_expression_nodes\n    nodes = nodes[start_index:end_index + 1]\n']}
2024-09-05 15:12:42.565 [info] ERROR:pygls.protocol:Failed to handle request 2288 textDocument/codeAction CodeActionParams(text_document=TextDocumentIdentifier(uri='file:///home/ardyop7/discord.py/main.py'), range=53:16-53:16, context=CodeActionContext(diagnostics=[], only=None, trigger_kind=<CodeActionTriggerKind.Automatic: 2>), work_done_token=None, partial_result_token=None)
Traceback (most recent call last):
  File "/google/devshell/editor/code-oss-for-cloud-shell/extensions/ms-python.python/python_files/lib/jedilsp/pygls/protocol.py", line 340, in _handle_request
    self._execute_request(msg_id, handler, params)
  File "/google/devshell/editor/code-oss-for-cloud-shell/extensions/ms-python.python/python_files/lib/jedilsp/pygls/protocol.py", line 264, in _execute_request
    self._send_response(msg_id, handler(params))
  File "/google/devshell/editor/code-oss-for-cloud-shell/extensions/ms-python.python/python_files/lib/jedilsp/jedi_language_server/server.py", line 580, in code_action
    extract_variable_refactoring = jedi_script.extract_variable(
  File "/google/devshell/editor/code-oss-for-cloud-shell/extensions/ms-python.python/python_files/lib/jedilsp/jedi/api/helpers.py", line 487, in wrapper
    return func(self, line, column, *args, **kwargs)
  File "/google/devshell/editor/code-oss-for-cloud-shell/extensions/ms-python.python/python_files/lib/jedilsp/jedi/api/__init__.py", line 628, in extract_variable
    return extract_variable(
  File "/google/devshell/editor/code-oss-for-cloud-shell/extensions/ms-python.python/python_files/lib/jedilsp/jedi/api/refactoring/extract.py", line 19, in extract_variable
    nodes = _find_nodes(module_node, pos, until_pos)
  File "/google/devshell/editor/code-oss-for-cloud-shell/extensions/ms-python.python/python_files/lib/jedilsp/jedi/api/refactoring/extract.py", line 87, in _find_nodes
    nodes = _remove_unwanted_expression_nodes(parent_node, pos, until_pos)
  File "/google/devshell/editor/code-oss-for-cloud-shell/extensions/ms-python.python/python_files/lib/jedilsp/jedi/api/refactoring/extract.py", line 196, in _remove_unwanted_expression_nodes
    nodes = nodes[start_index:end_index + 1]
UnboundLocalError: local variable 'end_index' referenced before assignment

2024-09-05 15:12:42.567 [info] [Error - 3:12:42 PM] Request textDocument/codeAction failed.
2024-09-05 15:12:42.568 [info]   Message: UnboundLocalError: local variable 'end_index' referenced before assignment
  Code: -32602 
{'traceback': ['  File "/google/devshell/editor/code-oss-for-cloud-shell/extensions/ms-python.python/python_files/lib/jedilsp/pygls/protocol.py", line 340, in _handle_request\n    self._execute_request(msg_id, handler, params)\n', '  File "/google/devshell/editor/code-oss-for-cloud-shell/extensions/ms-python.python/python_files/lib/jedilsp/pygls/protocol.py", line 264, in _execute_request\n    self._send_response(msg_id, handler(params))\n', '  File "/google/devshell/editor/code-oss-for-cloud-shell/extensions/ms-python.python/python_files/lib/jedilsp/jedi_language_server/server.py", line 580, in code_action\n    extract_variable_refactoring = jedi_script.extract_variable(\n', '  File "/google/devshell/editor/code-oss-for-cloud-shell/extensions/ms-python.python/python_files/lib/jedilsp/jedi/api/helpers.py", line 487, in wrapper\n    return func(self, line, column, *args, **kwargs)\n', '  File "/google/devshell/editor/code-oss-for-cloud-shell/extensions/ms-python.python/python_files/lib/jedilsp/jedi/api/__init__.py", line 628, in extract_variable\n    return extract_variable(\n', '  File "/google/devshell/editor/code-oss-for-cloud-shell/extensions/ms-python.python/python_files/lib/jedilsp/jedi/api/refactoring/extract.py", line 19, in extract_variable\n    nodes = _find_nodes(module_node, pos, until_pos)\n', '  File "/google/devshell/editor/code-oss-for-cloud-shell/extensions/ms-python.python/python_files/lib/jedilsp/jedi/api/refactoring/extract.py", line 87, in _find_nodes\n    nodes = _remove_unwanted_expression_nodes(parent_node, pos, until_pos)\n', '  File "/google/devshell/editor/code-oss-for-cloud-shell/extensions/ms-python.python/python_files/lib/jedilsp/jedi/api/refactoring/extract.py", line 196, in _remove_unwanted_expression_nodes\n    nodes = nodes[start_index:end_index + 1]\n']}
2024-09-05 15:13:00.357 [info] ERROR:pygls.protocol:Failed to handle request 2294 textDocument/codeAction CodeActionParams(text_document=TextDocumentIdentifier(uri='file:///home/ardyop7/discord.py/main.py'), range=53:12-53:12, context=CodeActionContext(diagnostics=[], only=None, trigger_kind=<CodeActionTriggerKind.Automatic: 2>), work_done_token=None, partial_result_token=None)
Traceback (most recent call last):
  File "/google/devshell/editor/code-oss-for-cloud-shell/extensions/ms-python.python/python_files/lib/jedilsp/pygls/protocol.py", line 340, in _handle_request
    self._execute_request(msg_id, handler, params)
  File "/google/devshell/editor/code-oss-for-cloud-shell/extensions/ms-python.python/python_files/lib/jedilsp/pygls/protocol.py", line 264, in _execute_request
    self._send_response(msg_id, handler(params))
  File "/google/devshell/editor/code-oss-for-cloud-shell/extensions/ms-python.python/python_files/lib/jedilsp/jedi_language_server/server.py", line 580, in code_action
    extract_variable_refactoring = jedi_script.extract_variable(
  File "/google/devshell/editor/code-oss-for-cloud-shell/extensions/ms-python.python/python_files/lib/jedilsp/jedi/api/helpers.py", line 487, in wrapper
    return func(self, line, column, *args, **kwargs)
  File "/google/devshell/editor/code-oss-for-cloud-shell/extensions/ms-python.python/python_files/lib/jedilsp/jedi/api/__init__.py", line 628, in extract_variable
    return extract_variable(
  File "/google/devshell/editor/code-oss-for-cloud-shell/extensions/ms-python.python/python_files/lib/jedilsp/jedi/api/refactoring/extract.py", line 19, in extract_variable
    nodes = _find_nodes(module_node, pos, until_pos)
  File "/google/devshell/editor/code-oss-for-cloud-shell/extensions/ms-python.python/python_files/lib/jedilsp/jedi/api/refactoring/extract.py", line 87, in _find_nodes
    nodes = _remove_unwanted_expression_nodes(parent_node, pos, until_pos)
  File "/google/devshell/editor/code-oss-for-cloud-shell/extensions/ms-python.python/python_files/lib/jedilsp/jedi/api/refactoring/extract.py", line 196, in _remove_unwanted_expression_nodes
    nodes = nodes[start_index:end_index + 1]
UnboundLocalError: local variable 'end_index' referenced before assignment

2024-09-05 15:13:00.357 [info] [Error - 3:13:00 PM] Request textDocument/codeAction failed.
2024-09-05 15:13:00.357 [info]   Message: UnboundLocalError: local variable 'end_index' referenced before assignment
  Code: -32602 
{'traceback': ['  File "/google/devshell/editor/code-oss-for-cloud-shell/extensions/ms-python.python/python_files/lib/jedilsp/pygls/protocol.py", line 340, in _handle_request\n    self._execute_request(msg_id, handler, params)\n', '  File "/google/devshell/editor/code-oss-for-cloud-shell/extensions/ms-python.python/python_files/lib/jedilsp/pygls/protocol.py", line 264, in _execute_request\n    self._send_response(msg_id, handler(params))\n', '  File "/google/devshell/editor/code-oss-for-cloud-shell/extensions/ms-python.python/python_files/lib/jedilsp/jedi_language_server/server.py", line 580, in code_action\n    extract_variable_refactoring = jedi_script.extract_variable(\n', '  File "/google/devshell/editor/code-oss-for-cloud-shell/extensions/ms-python.python/python_files/lib/jedilsp/jedi/api/helpers.py", line 487, in wrapper\n    return func(self, line, column, *args, **kwargs)\n', '  File "/google/devshell/editor/code-oss-for-cloud-shell/extensions/ms-python.python/python_files/lib/jedilsp/jedi/api/__init__.py", line 628, in extract_variable\n    return extract_variable(\n', '  File "/google/devshell/editor/code-oss-for-cloud-shell/extensions/ms-python.python/python_files/lib/jedilsp/jedi/api/refactoring/extract.py", line 19, in extract_variable\n    nodes = _find_nodes(module_node, pos, until_pos)\n', '  File "/google/devshell/editor/code-oss-for-cloud-shell/extensions/ms-python.python/python_files/lib/jedilsp/jedi/api/refactoring/extract.py", line 87, in _find_nodes\n    nodes = _remove_unwanted_expression_nodes(parent_node, pos, until_pos)\n', '  File "/google/devshell/editor/code-oss-for-cloud-shell/extensions/ms-python.python/python_files/lib/jedilsp/jedi/api/refactoring/extract.py", line 196, in _remove_unwanted_expression_nodes\n    nodes = nodes[start_index:end_index + 1]\n']}
2024-09-05 15:14:58.247 [info] WARNING:pygls.protocol:Cancel notification for unknown message id "2321"

2024-09-05 15:15:01.450 [info] WARNING:pygls.protocol:Cancel notification for unknown message id "2328"

2024-09-05 15:15:01.451 [info] WARNING:pygls.protocol:Cancel notification for unknown message id "2326"

2024-09-05 15:16:04.980 [info] WARNING:pygls.protocol:Cancel notification for unknown message id "2347"

2024-09-05 15:16:30.593 [info] WARNING:pygls.protocol:Cancel notification for unknown message id "2387"

2024-09-05 15:18:14.517 [info] WARNING:pygls.protocol:Cancel notification for unknown message id "2537"

2024-09-05 15:18:15.488 [info] WARNING:pygls.protocol:Cancel notification for unknown message id "2539"

2024-09-05 15:18:30.959 [info] WARNING:pygls.protocol:Cancel notification for unknown message id "2566"

