Initializing document watcher...
Document watcher initialized
/User/settings.json: Using EditorConfig core...
/User/settings.json: Using EditorConfig core...
/User/settings.json: Using EditorConfig core...
/User/settings.json: {}
/User/settings.json: {}
No more open editors.
/User/settings.json: {}
/User/settings.json: Using EditorConfig core...
/User/settings.json: Using EditorConfig core...
/User/settings.json: Using EditorConfig core...
/User/settings.json: Using EditorConfig core...
/User/settings.json: Using EditorConfig core...
/User/settings.json: Using EditorConfig core...
/User/settings.json: Using EditorConfig core...
No more open editors.
/User/settings.json: {}
/User/settings.json: {}
/User/settings.json: {}
/User/settings.json: {}
/User/settings.json: Using EditorConfig core...
/User/settings.json: Using EditorConfig core...
/User/settings.json: Using EditorConfig core...
/User/settings.json: Using EditorConfig core...
/User/settings.json: {}
/User/settings.json: Using EditorConfig core...
/User/settings.json: {}
/User/settings.json: Using EditorConfig core...
/User/settings.json: {}
/User/settings.json: {}
ardyop7/_temp.java: {}
ardyop7/_temp.java: {}
ardyop7/_temp.java: {}
ardyop7/_temp.java: {}
ardyop7/_temp.java: {}
/User/settings.json: {}
/User/settings.json: {}
/User/settings.json: {}
ardyop7/_temp.java: {}
/User/settings.json: Using EditorConfig core...
ardyop7/discord.py/main.py: {}
ardyop7/discord.py/main.py: {}
ardyop7/discord.py/main.py: {}
ardyop7/discord.py/main.py: {}
ardyop7/discord.py/main.py: {}
ardyop7/discord.py/main.py: Using EditorConfig core...
ardyop7/discord.py/main.py: {}
ardyop7/discord.py/main.py: {}
ardyop7/discord.py/main.py: {}
ardyop7/discord.py/main.py: {}
ardyop7/discord.py/main.py: {}
ardyop7/discord.py/main.py: {}
ardyop7/discord.py/main.py: {}
ardyop7/discord.py/main.py: {}
ardyop7/discord.py/main.py: {}
ardyop7/discord.py/main.py: Using EditorConfig core...
ardyop7/discord.py/main.py: Using EditorConfig core...
ardyop7/discord.py/main.py: Using EditorConfig core...
ardyop7/discord.py/main.py: Using EditorConfig core...
ardyop7/discord.py/main.py: {}
ardyop7/discord.py/main.py: Using EditorConfig core...
ardyop7/discord.py/main.py: Using EditorConfig core...
ardyop7/discord.py/main.py: {}
ardyop7/discord.py/main.py: Using EditorConfig core...
ardyop7/discord.py/main.py: Using EditorConfig core...
ardyop7/discord.py/main.py: Using EditorConfig core...
ardyop7/discord.py/main.py: Using EditorConfig core...
ardyop7/discord.py/main.py: Using EditorConfig core...
ardyop7/discord.py/main.py: {}
ardyop7/discord.py/main.py: {}
ardyop7/discord.py/main.py: {}
ardyop7/discord.py/main.py: Using EditorConfig core...
ardyop7/discord.py/main.py: Using EditorConfig core...
ardyop7/discord.py/main.py: Using EditorConfig core...
ardyop7/discord.py/main.py: Using EditorConfig core...
ardyop7/discord.py/main.py: Using EditorConfig core...
ardyop7/discord.py/main.py: {}
ardyop7/discord.py/main.py: Using EditorConfig core...
ardyop7/discord.py/main.py: Using EditorConfig core...
ardyop7/discord.py/main.py: Using EditorConfig core...
ardyop7/discord.py/main.py: Using EditorConfig core...
ardyop7/discord.py/main.py: Using EditorConfig core...
ardyop7/discord.py/main.py: Using EditorConfig core...
ardyop7/discord.py/main.py: {}
ardyop7/discord.py/main.py: Using EditorConfig core...
ardyop7/discord.py/main.py: {}
ardyop7/discord.py/main.py: Using EditorConfig core...
ardyop7/discord.py/main.py: Using EditorConfig core...
ardyop7/discord.py/main.py: Using EditorConfig core...
ardyop7/discord.py/main.py: Using EditorConfig core...
ardyop7/discord.py/main.py: Using EditorConfig core...
ardyop7/discord.py/main.py: Using EditorConfig core...
ardyop7/discord.py/main.py: Using EditorConfig core...
ardyop7/discord.py/main.py: Using EditorConfig core...
ardyop7/discord.py/main.py: Using EditorConfig core...
ardyop7/discord.py/main.py: Using EditorConfig core...
ardyop7/discord.py/main.py: {}
ardyop7/discord.py/main.py: {}
ardyop7/discord.py/main.py: {}
ardyop7/discord.py/main.py: Using EditorConfig core...
ardyop7/discord.py/main.py: Using EditorConfig core...
ardyop7/discord.py/main.py: Using EditorConfig core...
ardyop7/discord.py/main.py: Using EditorConfig core...
ardyop7/discord.py/main.py: Using EditorConfig core...
ardyop7/discord.py/main.py: {}
ardyop7/discord.py/main.py: Using EditorConfig core...
ardyop7/discord.py/main.py: {}
ardyop7/discord.py/main.py: Using EditorConfig core...
ardyop7/discord.py/main.py: {}
ardyop7/discord.py/main.py: Using EditorConfig core...
ardyop7/discord.py/main.py: Using EditorConfig core...
ardyop7/discord.py/main.py: Using EditorConfig core...
ardyop7/discord.py/main.py: {}
ardyop7/discord.py/main.py: {}
ardyop7/discord.py/main.py: {}
ardyop7/discord.py/main.py: {}
ardyop7/discord.py/main.py: Using EditorConfig core...
ardyop7/discord.py/main.py: Using EditorConfig core...
ardyop7/discord.py/main.py: Using EditorConfig core...
ardyop7/discord.py/main.py: Using EditorConfig core...
ardyop7/discord.py/main.py: {}
ardyop7/discord.py/main.py: Using EditorConfig core...
ardyop7/discord.py/main.py: Using EditorConfig core...
ardyop7/discord.py/main.py: Using EditorConfig core...
ardyop7/discord.py/main.py: Using EditorConfig core...
ardyop7/discord.py/main.py: Using EditorConfig core...
ardyop7/discord.py/main.py: Using EditorConfig core...
ardyop7/discord.py/main.py: Using EditorConfig core...
ardyop7/discord.py/main.py: Using EditorConfig core...
ardyop7/discord.py/main.py: Using EditorConfig core...
ardyop7/discord.py/main.py: Using EditorConfig core...
ardyop7/discord.py/main.py: Using EditorConfig core...
ardyop7/discord.py/main.py: Using EditorConfig core...
ardyop7/discord.py/main.py: Using EditorConfig core...
ardyop7/discord.py/main.py: {}
ardyop7/discord.py/.env: {}
ardyop7/discord.py/.env: Using EditorConfig core...
ardyop7/discord.py/.env: {}
ardyop7/discord.py/.env: Using EditorConfig core...
ardyop7/discord.py/main.py: {}
ardyop7/discord.py/main.py: {}
ardyop7/discord.py/main.py: Using EditorConfig core...
ardyop7/discord.py/main.py: {}
ardyop7/discord.py/main.py: Using EditorConfig core...
ardyop7/discord.py/main.py: Using EditorConfig core...
ardyop7/discord.py/main.py: Using EditorConfig core...
ardyop7/discord.py/main.py: Using EditorConfig core...
ardyop7/discord.py/main.py: {}
ardyop7/discord.py/main.py: Using EditorConfig core...
ardyop7/discord.py/main.py: Using EditorConfig core...
ardyop7/discord.py/main.py: Using EditorConfig core...
ardyop7/discord.py/main.py: Using EditorConfig core...
ardyop7/discord.py/main.py: {}
ardyop7/discord.py/main.py: Using EditorConfig core...
ardyop7/discord.py/main.py: Using EditorConfig core...
ardyop7/discord.py/main.py: Using EditorConfig core...
ardyop7/discord.py/main.py: {}
ardyop7/discord.py/main.py: Using EditorConfig core...
ardyop7/discord.py/main.py: Using EditorConfig core...
ardyop7/discord.py/main.py: {}
ardyop7/discord.py/main.py: Using EditorConfig core...
ardyop7/discord.py/main.py: Using EditorConfig core...
ardyop7/discord.py/main.py: Using EditorConfig core...
ardyop7/discord.py/main.py: {}
ardyop7/discord.py/main.py: Using EditorConfig core...
ardyop7/discord.py/main.py: {}
ardyop7/discord.py/main.py: Using EditorConfig core...
ardyop7/discord.py/main.py: Using EditorConfig core...
ardyop7/discord.py/main.py: {}
ardyop7/discord.py/main.py: Using EditorConfig core...
ardyop7/discord.py/main.py: {}
ardyop7/discord.py/main.py: Using EditorConfig core...
ardyop7/discord.py/main.py: {}
ardyop7/discord.py/main.py: Using EditorConfig core...
ardyop7/discord.py/main.py: Using EditorConfig core...
ardyop7/discord.py/main.py: {}
ardyop7/discord.py/main.py: Using EditorConfig core...
ardyop7/discord.py/main.py: {}
ardyop7/discord.py/main.py: Using EditorConfig core...
ardyop7/discord.py/main.py: Using EditorConfig core...
ardyop7/discord.py/main.py: Using EditorConfig core...
ardyop7/discord.py/main.py: {}
ardyop7/discord.py/main.py: {}
ardyop7/discord.py/main.py: {}
ardyop7/discord.py/main.py: {}
ardyop7/discord.py/main.py: {}
ardyop7/discord.py/main.py: {}
ardyop7/discord.py/main.py: Using EditorConfig core...
ardyop7/discord.py/main.py: Using EditorConfig core...
ardyop7/discord.py/.env: {}
ardyop7/discord.py/main.py: Using EditorConfig core...
ardyop7/discord.py/main.py: {}
ardyop7/discord.py/main.py: Using EditorConfig core...
ardyop7/discord.py/main.py: {}
ardyop7/discord.py/main.py: {}
ardyop7/discord.py/main.py: {}
ardyop7/discord.py/main.py: {}
ardyop7/discord.py/.env: {}
ardyop7/discord.py/main.py: {}
ardyop7/discord.py/main.py: Using EditorConfig core...
ardyop7/discord.py/main.py: Using EditorConfig core...
ardyop7/discord.py/main.py: Using EditorConfig core...
ardyop7/discord.py/main.py: Using EditorConfig core...
ardyop7/discord.py/.env: {}
ardyop7/discord.py/main.py: {}
ardyop7/discord.py/main.py: Using EditorConfig core...
ardyop7/discord.py/main.py: Using EditorConfig core...
ardyop7/discord.py/.env: {}
ardyop7/discord.py/main.py: Using EditorConfig core...
ardyop7/discord.py/main.py: {}
ardyop7/discord.py/main.py: Using EditorConfig core...
ardyop7/discord.py/main.py: Using EditorConfig core...
ardyop7/discord.py/main.py: Using EditorConfig core...
ardyop7/discord.py/main.py: Using EditorConfig core...
ardyop7/discord.py/main.py: {}
ardyop7/discord.py/main.py: Using EditorConfig core...
ardyop7/discord.py/main.py: {}
ardyop7/discord.py/main.py: Using EditorConfig core...
ardyop7/discord.py/main.py: Using EditorConfig core...
ardyop7/discord.py/main.py: Using EditorConfig core...
ardyop7/discord.py/main.py: Using EditorConfig core...
ardyop7/discord.py/main.py: Using EditorConfig core...
ardyop7/discord.py/main.py: Using EditorConfig core...
ardyop7/discord.py/main.py: Using EditorConfig core...
ardyop7/discord.py/main.py: Using EditorConfig core...
ardyop7/discord.py/main.py: {}
ardyop7/discord.py/main.py: {}
ardyop7/discord.py/main.py: {}
ardyop7/discord.py/main.py: {}
ardyop7/discord.py/main.py: Using EditorConfig core...
ardyop7/discord.py/main.py: Using EditorConfig core...
ardyop7/discord.py/main.py: Using EditorConfig core...
ardyop7/discord.py/main.py: Using EditorConfig core...
ardyop7/discord.py/main.py: {}
ardyop7/discord.py/main.py: {}
ardyop7/discord.py/main.py: Using EditorConfig core...
ardyop7/discord.py/main.py: Using EditorConfig core...
ardyop7/discord.py/main.py: {}
ardyop7/discord.py/main.py: Using EditorConfig core...
ardyop7/discord.py/main.py: Using EditorConfig core...
ardyop7/discord.py/main.py: {}
ardyop7/discord.py/main.py: {}
ardyop7/discord.py/main.py: Using EditorConfig core...
ardyop7/discord.py/main.py: Using EditorConfig core...
ardyop7/discord.py/main.py: Using EditorConfig core...
ardyop7/discord.py/main.py: Using EditorConfig core...
ardyop7/discord.py/main.py: Using EditorConfig core...
ardyop7/discord.py/main.py: Using EditorConfig core...
ardyop7/discord.py/main.py: Using EditorConfig core...
ardyop7/discord.py/main.py: Using EditorConfig core...
ardyop7/discord.py/main.py: Using EditorConfig core...
ardyop7/discord.py/main.py: Using EditorConfig core...
ardyop7/discord.py/main.py: Using EditorConfig core...
ardyop7/discord.py/main.py: Using EditorConfig core...
ardyop7/discord.py/main.py: {}
ardyop7/discord.py/main.py: Using EditorConfig core...
ardyop7/discord.py/main.py: Using EditorConfig core...
ardyop7/discord.py/main.py: Using EditorConfig core...
ardyop7/discord.py/main.py: Using EditorConfig core...
ardyop7/discord.py/main.py: {}
ardyop7/discord.py/main.py: Using EditorConfig core...
ardyop7/discord.py/main.py: Using EditorConfig core...
ardyop7/discord.py/main.py: Using EditorConfig core...
ardyop7/discord.py/main.py: Using EditorConfig core...
ardyop7/discord.py/main.py: Using EditorConfig core...
ardyop7/discord.py/main.py: Using EditorConfig core...
ardyop7/discord.py/main.py: Using EditorConfig core...
ardyop7/discord.py/main.py: Using EditorConfig core...
ardyop7/discord.py/main.py: {}
ardyop7/discord.py/main.py: {}
ardyop7/discord.py/main.py: Using EditorConfig core...
ardyop7/discord.py/main.py: Using EditorConfig core...
ardyop7/discord.py/main.py: {}
ardyop7/discord.py/main.py: Using EditorConfig core...
ardyop7/discord.py/main.py: Using EditorConfig core...
ardyop7/discord.py/main.py: Using EditorConfig core...
ardyop7/discord.py/main.py: Using EditorConfig core...
ardyop7/discord.py/main.py: {}
ardyop7/discord.py/main.py: {}
ardyop7/discord.py/main.py: Using EditorConfig core...
ardyop7/discord.py/main.py: {}
ardyop7/discord.py/main.py: Using EditorConfig core...
ardyop7/discord.py/main.py: Using EditorConfig core...
ardyop7/discord.py/main.py: {}
ardyop7/discord.py/main.py: {}
ardyop7/discord.py/main.py: {}
ardyop7/discord.py/main.py: Using EditorConfig core...
ardyop7/discord.py/main.py: Using EditorConfig core...
ardyop7/discord.py/main.py: Using EditorConfig core...
ardyop7/discord.py/main.py: Using EditorConfig core...
ardyop7/discord.py/main.py: Using EditorConfig core...
ardyop7/discord.py/main.py: {}
ardyop7/discord.py/main.py: {}
ardyop7/discord.py/main.py: Using EditorConfig core...
ardyop7/discord.py/main.py: Using EditorConfig core...
ardyop7/discord.py/main.py: {}
ardyop7/discord.py/main.py: {}
ardyop7/discord.py/main.py: Using EditorConfig core...
ardyop7/discord.py/main.py: Using EditorConfig core...
ardyop7/discord.py/main.py: {}
ardyop7/discord.py/main.py: Using EditorConfig core...
ardyop7/discord.py/main.py: {}
ardyop7/discord.py/main.py: {}
ardyop7/discord.py/main.py: {}
ardyop7/discord.py/main.py: {}
ardyop7/discord.py/main.py: Using EditorConfig core...
ardyop7/discord.py/main.py: Using EditorConfig core...
ardyop7/discord.py/main.py: {}
ardyop7/discord.py/main.py: {}
ardyop7/discord.py/main.py: {}
ardyop7/discord.py/main.py: Using EditorConfig core...
ardyop7/discord.py/main.py: Using EditorConfig core...
ardyop7/discord.py/main.py: Using EditorConfig core...
ardyop7/discord.py/main.py: Using EditorConfig core...
ardyop7/discord.py/main.py: Using EditorConfig core...
ardyop7/discord.py/main.py: Using EditorConfig core...
ardyop7/discord.py/main.py: {}
ardyop7/discord.py/main.py: Using EditorConfig core...
ardyop7/discord.py/main.py: Using EditorConfig core...
ardyop7/discord.py/main.py: {}
ardyop7/discord.py/main.py: {}
ardyop7/discord.py/main.py: Using EditorConfig core...
ardyop7/discord.py/main.py: {}
ardyop7/discord.py/main.py: Using EditorConfig core...
ardyop7/discord.py/main.py: Using EditorConfig core...
ardyop7/discord.py/main.py: Using EditorConfig core...
ardyop7/discord.py/main.py: Using EditorConfig core...
ardyop7/discord.py/main.py: Using EditorConfig core...
ardyop7/discord.py/main.py: {}
ardyop7/discord.py/main.py: Using EditorConfig core...
ardyop7/discord.py/main.py: Using EditorConfig core...
ardyop7/discord.py/main.py: Using EditorConfig core...
ardyop7/discord.py/main.py: Using EditorConfig core...
ardyop7/discord.py/main.py: {}
ardyop7/discord.py/main.py: Using EditorConfig core...
ardyop7/discord.py/main.py: Using EditorConfig core...
ardyop7/discord.py/main.py: Using EditorConfig core...
ardyop7/discord.py/main.py: Using EditorConfig core...
ardyop7/discord.py/main.py: {}
ardyop7/discord.py/main.py: Using EditorConfig core...
ardyop7/discord.py/main.py: Using EditorConfig core...
ardyop7/discord.py/main.py: Using EditorConfig core...
ardyop7/discord.py/main.py: Using EditorConfig core...
ardyop7/discord.py/main.py: Using EditorConfig core...
ardyop7/discord.py/main.py: Using EditorConfig core...
ardyop7/discord.py/main.py: {}
ardyop7/discord.py/main.py: Using EditorConfig core...
ardyop7/discord.py/main.py: Using EditorConfig core...
ardyop7/discord.py/main.py: {}
ardyop7/discord.py/main.py: Using EditorConfig core...
ardyop7/discord.py/main.py: Using EditorConfig core...
ardyop7/discord.py/main.py: Using EditorConfig core...
ardyop7/discord.py/main.py: Using EditorConfig core...
ardyop7/discord.py/main.py: Using EditorConfig core...
ardyop7/discord.py/main.py: Using EditorConfig core...
ardyop7/discord.py/main.py: Using EditorConfig core...
ardyop7/discord.py/main.py: Using EditorConfig core...
ardyop7/discord.py/main.py: Using EditorConfig core...
ardyop7/discord.py/main.py: Using EditorConfig core...
ardyop7/discord.py/main.py: Using EditorConfig core...
ardyop7/discord.py/main.py: Using EditorConfig core...
ardyop7/discord.py/main.py: Using EditorConfig core...
ardyop7/discord.py/main.py: Using EditorConfig core...
ardyop7/discord.py/main.py: Using EditorConfig core...
ardyop7/discord.py/main.py: Using EditorConfig core...
ardyop7/discord.py/main.py: Using EditorConfig core...
ardyop7/discord.py/main.py: Using EditorConfig core...
ardyop7/discord.py/main.py: Using EditorConfig core...
ardyop7/discord.py/main.py: Using EditorConfig core...
ardyop7/discord.py/main.py: Using EditorConfig core...
ardyop7/discord.py/main.py: Using EditorConfig core...
ardyop7/discord.py/main.py: Using EditorConfig core...
ardyop7/discord.py/main.py: Using EditorConfig core...
ardyop7/discord.py/main.py: Using EditorConfig core...
ardyop7/discord.py/main.py: Using EditorConfig core...
ardyop7/discord.py/main.py: Using EditorConfig core...
ardyop7/discord.py/main.py: Using EditorConfig core...
ardyop7/discord.py/main.py: {}
ardyop7/discord.py/main.py: Using EditorConfig core...
ardyop7/discord.py/main.py: Using EditorConfig core...
ardyop7/discord.py/main.py: Using EditorConfig core...
ardyop7/discord.py/main.py: Using EditorConfig core...
ardyop7/discord.py/main.py: Using EditorConfig core...
ardyop7/discord.py/main.py: Using EditorConfig core...
ardyop7/discord.py/main.py: {}
ardyop7/discord.py/main.py: {}
ardyop7/discord.py/main.py: {}
ardyop7/discord.py/main.py: Using EditorConfig core...
ardyop7/discord.py/main.py: Using EditorConfig core...
ardyop7/discord.py/main.py: Using EditorConfig core...
ardyop7/discord.py/main.py: {}
ardyop7/discord.py/main.py: {}
ardyop7/discord.py/main.py: {}
ardyop7/discord.py/sample.py: {}
ardyop7/discord.py/sample.py: Using EditorConfig core...
ardyop7/discord.py/.env: {}
ardyop7/discord.py/sample.py: Using EditorConfig core...
ardyop7/discord.py/sample.py: {}
ardyop7/discord.py/sample.py: Using EditorConfig core...
ardyop7/discord.py/main.py: {}
ardyop7/discord.py/sample.py: {}
ardyop7/discord.py/sample.py: {}
ardyop7/discord.py/main.py: {}
ardyop7/discord.py/sample.py: {}
ardyop7/discord.py/main.py: {}
ardyop7/discord.py/sample.py: {}
ardyop7/discord.py/main.py: {}
ardyop7/discord.py/sample.py: {}
ardyop7/discord.py/main.py: {}
ardyop7/discord.py/sample.py: {}
ardyop7/discord.py/main.py: {}
ardyop7/discord.py/sample.py: {}
ardyop7/discord.py/main.py: {}
ardyop7/discord.py/sample.py: {}
ardyop7/discord.py/main.py: {}
ardyop7/discord.py/main.py: Using EditorConfig core...
ardyop7/discord.py/sample.py: {}
ardyop7/discord.py/main.py: {}
ardyop7/discord.py/sample.py: {}
ardyop7/discord.py/sample.py: {}
ardyop7/discord.py/main.py: {}
ardyop7/discord.py/main.py: Using EditorConfig core...
ardyop7/discord.py/sample.py: {}
ardyop7/discord.py/main.py: {}
ardyop7/discord.py/main.py: Using EditorConfig core...
ardyop7/discord.py/main.py: Using EditorConfig core...
ardyop7/discord.py/main.py: Using EditorConfig core...
ardyop7/discord.py/main.py: Using EditorConfig core...
ardyop7/discord.py/main.py: Using EditorConfig core...
ardyop7/discord.py/main.py: {}
ardyop7/discord.py/main.py: Using EditorConfig core...
ardyop7/discord.py/main.py: Using EditorConfig core...
ardyop7/discord.py/main.py: Using EditorConfig core...
ardyop7/discord.py/main.py: Using EditorConfig core...
ardyop7/discord.py/main.py: Using EditorConfig core...
ardyop7/discord.py/main.py: {}
ardyop7/discord.py/main.py: Using EditorConfig core...
ardyop7/discord.py/main.py: Using EditorConfig core...
ardyop7/discord.py/main.py: {}
ardyop7/discord.py/main.py: {}
ardyop7/discord.py/main.py: Using EditorConfig core...
ardyop7/discord.py/main.py: {}
ardyop7/discord.py/main.py: Using EditorConfig core...
ardyop7/discord.py/main.py: Using EditorConfig core...
ardyop7/discord.py/main.py: Using EditorConfig core...
ardyop7/discord.py/main.py: Using EditorConfig core...
ardyop7/discord.py/main.py: Using EditorConfig core...
ardyop7/discord.py/main.py: Using EditorConfig core...
ardyop7/discord.py/main.py: Using EditorConfig core...
ardyop7/discord.py/main.py: Using EditorConfig core...
ardyop7/discord.py/main.py: Using EditorConfig core...
ardyop7/discord.py/main.py: Using EditorConfig core...
ardyop7/discord.py/main.py: Using EditorConfig core...
ardyop7/discord.py/main.py: Using EditorConfig core...
ardyop7/discord.py/main.py: Using EditorConfig core...
ardyop7/discord.py/main.py: {}
ardyop7/discord.py/main.py: {}
ardyop7/discord.py/main.py: {}
ardyop7/discord.py/main.py: {}
ardyop7/discord.py/main.py: {}
ardyop7/discord.py/main.py: {}
ardyop7/discord.py/main.py: {}
ardyop7/discord.py/main.py: {}
ardyop7/discord.py/main.py: {}
