WARNING: Using incubator modules: jdk.incubator.foreign, jdk.incubator.vector
[Error - 2:38:13 PM] Sep 4, 2024, 2:38:13 PM Failed to create invisible project
Failed to create linked resource from '/home/ardyop7' to the invisible project 'ardyop7_e17ddcaf'.
org.eclipse.core.runtime.CoreException: Failed to create linked resource from '/home/ardyop7' to the invisible project 'ardyop7_e17ddcaf'.
	at org.eclipse.jdt.ls.core.internal.ProjectUtils.createInvisibleProjectIfNotExist(ProjectUtils.java:373)
	at org.eclipse.jdt.ls.core.internal.syntaxserver.SyntaxDocumentLifeCycleHandler.tryUpdateClasspath(SyntaxDocumentLifeCycleHandler.java:101)
	at org.eclipse.jdt.ls.core.internal.syntaxserver.SyntaxDocumentLifeCycleHandler.resolveCompilationUnit(SyntaxDocumentLifeCycleHandler.java:85)
	at org.eclipse.jdt.ls.core.internal.handlers.BaseDocumentLifeCycleHandler.handleOpen(BaseDocumentLifeCycleHandler.java:402)
	at org.eclipse.jdt.ls.core.internal.handlers.BaseDocumentLifeCycleHandler.didOpen(BaseDocumentLifeCycleHandler.java:348)
	at org.eclipse.jdt.ls.core.internal.syntaxserver.SyntaxLanguageServer.didOpen(SyntaxLanguageServer.java:291)
	at java.base/jdk.internal.reflect.NativeMethodAccessorImpl.invoke0(Native Method)
	at java.base/jdk.internal.reflect.NativeMethodAccessorImpl.invoke(NativeMethodAccessorImpl.java:77)
	at java.base/jdk.internal.reflect.DelegatingMethodAccessorImpl.invoke(DelegatingMethodAccessorImpl.java:43)
	at java.base/java.lang.reflect.Method.invoke(Method.java:569)
	at org.eclipse.lsp4j.jsonrpc.services.GenericEndpoint.lambda$recursiveFindRpcMethods$0(GenericEndpoint.java:65)
	at org.eclipse.lsp4j.jsonrpc.services.GenericEndpoint.notify(GenericEndpoint.java:152)
	at org.eclipse.lsp4j.jsonrpc.RemoteEndpoint.handleNotification(RemoteEndpoint.java:231)
	at org.eclipse.lsp4j.jsonrpc.RemoteEndpoint.consume(RemoteEndpoint.java:198)
	at org.eclipse.jdt.ls.core.internal.ParentProcessWatcher.lambda$1(ParentProcessWatcher.java:144)
	at org.eclipse.lsp4j.jsonrpc.json.StreamMessageProducer.handleMessage(StreamMessageProducer.java:194)
	at org.eclipse.lsp4j.jsonrpc.json.StreamMessageProducer.listen(StreamMessageProducer.java:94)
	at org.eclipse.lsp4j.jsonrpc.json.ConcurrentMessageProcessor.run(ConcurrentMessageProcessor.java:113)
	at java.base/java.util.concurrent.Executors$RunnableAdapter.call(Executors.java:539)
	at java.base/java.util.concurrent.FutureTask.run(FutureTask.java:264)
	at java.base/java.util.concurrent.ThreadPoolExecutor.runWorker(ThreadPoolExecutor.java:1136)
	at java.base/java.util.concurrent.ThreadPoolExecutor$Worker.run(ThreadPoolExecutor.java:635)
	at java.base/java.lang.Thread.run(Thread.java:840)
Caused by: org.eclipse.core.internal.resources.ResourceException: '/home/ardyop7' is not a valid location for linked resources.
	at org.eclipse.core.internal.resources.Resource.assertLinkRequirements(Resource.java:204)
	at org.eclipse.core.internal.resources.Resource.createLink(Resource.java:671)
	at org.eclipse.jdt.ls.core.internal.ProjectUtils.createInvisibleProjectIfNotExist(ProjectUtils.java:357)
	... 22 more

