Initializing document watcher...
Document watcher initialized
/User/settings.json: Using EditorConfig core...
/User/settings.json: Using EditorConfig core...
/User/settings.json: Using EditorConfig core...
ardyop7/py0/main.py: {}
ardyop7/py0/main.py: Using EditorConfig core...
ardyop7/py0/main.py: {}
ardyop7/py0/main.py: {}
ardyop7/py0/main.py: {}
ardyop7/py0/main.py: {}
ardyop7/py0/main.py: Using EditorConfig core...
ardyop7/py0/main.py: Using EditorConfig core...
ardyop7/py0/main.py: Using EditorConfig core...
ardyop7/py0/main.py: Using EditorConfig core...
ardyop7/py0/main.py: Using EditorConfig core...
ardyop7/py0/main.py: Using EditorConfig core...
ardyop7/py0/main.py: {}
ardyop7/py0/main.py: Using EditorConfig core...
ardyop7/py0/main.py: Using EditorConfig core...
ardyop7/py0/main.py: Using EditorConfig core...
ardyop7/py0/main.py: Using EditorConfig core...
ardyop7/py0/main.py: Using EditorConfig core...
ardyop7/py0/main.py: Using EditorConfig core...
ardyop7/py0/main.py: Using EditorConfig core...
ardyop7/py0/main.py: Using EditorConfig core...
ardyop7/py0/main.py: Using EditorConfig core...
ardyop7/py0/main.py: Using EditorConfig core...
ardyop7/py0/main.py: Using EditorConfig core...
ardyop7/py0/main.py: Using EditorConfig core...
ardyop7/py0/main.py: Using EditorConfig core...
ardyop7/py0/main.py: Using EditorConfig core...
ardyop7/py0/main.py: Using EditorConfig core...
ardyop7/py0/main.py: Using EditorConfig core...
ardyop7/py0/main.py: Using EditorConfig core...
ardyop7/py0/main.py: {}
ardyop7/py0/main.py: {}
ardyop7/py0/main.py: Using EditorConfig core...
ardyop7/py0/main.py: Using EditorConfig core...
ardyop7/py0/main.py: {}
ardyop7/py0/main.py: {}
ardyop7/py0/main.py: {}
ardyop7/py0/main.py: {}
ardyop7/py0/main.py: {}
ardyop7/py0/main.py: Using EditorConfig core...
ardyop7/py0/main.py: {}
ardyop7/py0/main.py: {}
ardyop7/py0/main.py: Using EditorConfig core...
ardyop7/py0/main.py: Using EditorConfig core...
ardyop7/py0/main.py: Using EditorConfig core...
ardyop7/py0/main.py: Using EditorConfig core...
ardyop7/py0/main.py: Using EditorConfig core...
ardyop7/py0/main.py: Using EditorConfig core...
ardyop7/py0/main.py: Using EditorConfig core...
ardyop7/py0/main.py: Using EditorConfig core...
ardyop7/py0/main.py: Using EditorConfig core...
ardyop7/py0/main.py: Using EditorConfig core...
ardyop7/py0/main.py: Using EditorConfig core...
ardyop7/py0/main.py: Using EditorConfig core...
ardyop7/py0/main.py: Using EditorConfig core...
ardyop7/py0/main.py: Using EditorConfig core...
ardyop7/py0/main.py: Using EditorConfig core...
ardyop7/py0/main.py: Using EditorConfig core...
ardyop7/py0/main.py: Using EditorConfig core...
ardyop7/py0/main.py: Using EditorConfig core...
ardyop7/py0/main.py: Using EditorConfig core...
ardyop7/py0/main.py: Using EditorConfig core...
ardyop7/py0/main.py: {}
ardyop7/_temp.py: {}
ardyop7/_temp.py: Using EditorConfig core...
ardyop7/_temp.py: Using EditorConfig core...
ardyop7/_temp.py: Using EditorConfig core...
ardyop7/_temp.py: {}
ardyop7/_temp.py: {}
ardyop7/_temp.py: {}
ardyop7/_temp.py: Using EditorConfig core...
ardyop7/_temp.py: Using EditorConfig core...
ardyop7/_temp.py: Using EditorConfig core...
ardyop7/_temp.py: Using EditorConfig core...
ardyop7/_temp.py: Using EditorConfig core...
ardyop7/_temp.py: {}
ardyop7/_temp.py: Using EditorConfig core...
ardyop7/_temp.py: Using EditorConfig core...
ardyop7/_temp.py: Using EditorConfig core...
ardyop7/_temp.py: Using EditorConfig core...
ardyop7/_temp.py: Using EditorConfig core...
ardyop7/_temp.py: Using EditorConfig core...
ardyop7/_temp.py: Using EditorConfig core...
ardyop7/_temp.py: Using EditorConfig core...
ardyop7/_temp.py: Using EditorConfig core...
ardyop7/_temp.py: Using EditorConfig core...
ardyop7/_temp.py: Using EditorConfig core...
ardyop7/_temp.py: Using EditorConfig core...
ardyop7/_temp.py: Using EditorConfig core...
ardyop7/_temp.py: Using EditorConfig core...
ardyop7/_temp.py: Using EditorConfig core...
ardyop7/_temp.py: {}
ardyop7/_temp.py: Using EditorConfig core...
ardyop7/_temp.py: {}
ardyop7/_temp.py: {}
ardyop7/_temp.py: {}
ardyop7/_temp.py: {}
ardyop7/_temp.py: Using EditorConfig core...
ardyop7/_temp.py: {}
ardyop7/_temp.py: {}
ardyop7/_temp.py: Using EditorConfig core...
ardyop7/_temp.py: {}
ardyop7/_temp.py: {}
ardyop7/_temp.py: {}
ardyop7/_temp.py: {}
ardyop7/_temp.py: {}
ardyop7/_temp.py: {}
ardyop7/_temp.py: Using EditorConfig core...
ardyop7/_temp.py: Using EditorConfig core...
ardyop7/_temp.py: Using EditorConfig core...
ardyop7/_temp.py: Using EditorConfig core...
ardyop7/_temp.py: Using EditorConfig core...
ardyop7/_temp.py: Using EditorConfig core...
ardyop7/_temp.py: Using EditorConfig core...
ardyop7/_temp.py: Using EditorConfig core...
