Initializing document watcher...
Document watcher initialized
ardyop7/discord.py/main.py: {}
ardyop7/discord.py/main.py: {}
ardyop7/discord.py/main.py: Using EditorConfig core...
ardyop7/discord.py/main.py: Using EditorConfig core...
ardyop7/discord.py/main.py: Using EditorConfig core...
ardyop7/discord.py/getapi.py: {}
ardyop7/discord.py/main.py: {}
ardyop7/discord.py/main.py: Using EditorConfig core...
ardyop7/discord.py/main.py: Using EditorConfig core...
ardyop7/discord.py/main.py: Using EditorConfig core...
ardyop7/discord.py/main.py: Using EditorConfig core...
ardyop7/discord.py/main.py: Using EditorConfig core...
ardyop7/discord.py/main.py: Using EditorConfig core...
ardyop7/discord.py/main.py: Using EditorConfig core...
ardyop7/discord.py/main.py: Using EditorConfig core...
ardyop7/discord.py/main.py: Using EditorConfig core...
ardyop7/discord.py/main.py: Using EditorConfig core...
ardyop7/discord.py/main.py: Using EditorConfig core...
ardyop7/discord.py/main.py: Using EditorConfig core...
ardyop7/discord.py/main.py: Using EditorConfig core...
ardyop7/discord.py/main.py: Using EditorConfig core...
ardyop7/discord.py/main.py: Using EditorConfig core...
ardyop7/discord.py/main.py: Using EditorConfig core...
ardyop7/discord.py/main.py: Using EditorConfig core...
ardyop7/discord.py/main.py: Using EditorConfig core...
ardyop7/discord.py/getapi.py: {}
ardyop7/discord.py/getapi.py: Using EditorConfig core...
ardyop7/discord.py/getapi.py: Using EditorConfig core...
ardyop7/discord.py/getapi.py: Using EditorConfig core...
ardyop7/discord.py/getapi.py: Using EditorConfig core...
ardyop7/discord.py/getapi.py: {}
ardyop7/discord.py/main.py: {}
ardyop7/discord.py/getapi.py: {}
ardyop7/discord.py/getapi.py: Using EditorConfig core...
ardyop7/discord.py/getapi.py: Using EditorConfig core...
ardyop7/discord.py/getapi.py: {}
ardyop7/discord.py/main.py: {}
ardyop7/discord.py/main.py: Using EditorConfig core...
ardyop7/discord.py/main.py: Using EditorConfig core...
ardyop7/discord.py/main.py: Using EditorConfig core...
ardyop7/discord.py/main.py: Using EditorConfig core...
ardyop7/discord.py/main.py: Using EditorConfig core...
ardyop7/discord.py/main.py: Using EditorConfig core...
ardyop7/discord.py/main.py: Using EditorConfig core...
ardyop7/discord.py/main.py: Using EditorConfig core...
ardyop7/discord.py/main.py: Using EditorConfig core...
ardyop7/discord.py/main.py: Using EditorConfig core...
ardyop7/discord.py/main.py: Using EditorConfig core...
ardyop7/discord.py/main.py: Using EditorConfig core...
ardyop7/discord.py/getapi.py: {}
ardyop7/discord.py/getapi.py: Using EditorConfig core...
ardyop7/discord.py/getapi.py: Using EditorConfig core...
ardyop7/discord.py/getapi.py: Using EditorConfig core...
ardyop7/discord.py/main.py: {}
ardyop7/discord.py/main.py: Using EditorConfig core...
ardyop7/discord.py/main.py: Using EditorConfig core...
ardyop7/discord.py/main.py: Using EditorConfig core...
ardyop7/discord.py/main.py: Using EditorConfig core...
ardyop7/discord.py/main.py: Using EditorConfig core...
ardyop7/discord.py/main.py: Using EditorConfig core...
ardyop7/discord.py/main.py: {}
ardyop7/discord.py/getapi.py: {}
ardyop7/discord.py/main.py: {}
ardyop7/discord.py/main.py: Using EditorConfig core...
ardyop7/discord.py/main.py: Using EditorConfig core...
ardyop7/discord.py/getapi.py: {}
ardyop7/discord.py/getapi.py: Using EditorConfig core...
ardyop7/discord.py/getapi.py: Using EditorConfig core...
ardyop7/discord.py/getapi.py: Using EditorConfig core...
ardyop7/discord.py/getapi.py: Using EditorConfig core...
ardyop7/discord.py/getapi.py: Using EditorConfig core...
ardyop7/discord.py/getapi.py: Using EditorConfig core...
ardyop7/discord.py/getapi.py: Using EditorConfig core...
ardyop7/discord.py/getapi.py: Using EditorConfig core...
ardyop7/discord.py/getapi.py: Using EditorConfig core...
ardyop7/discord.py/getapi.py: Using EditorConfig core...
ardyop7/discord.py/getapi.py: Using EditorConfig core...
ardyop7/discord.py/getapi.py: Using EditorConfig core...
ardyop7/discord.py/getapi.py: Using EditorConfig core...
ardyop7/discord.py/getapi.py: Using EditorConfig core...
ardyop7/discord.py/getapi.py: Using EditorConfig core...
ardyop7/discord.py/main.py: {}
ardyop7/discord.py/getapi.py: {}
ardyop7/discord.py/getapi.py: Using EditorConfig core...
ardyop7/discord.py/getapi.py: {}
ardyop7/discord.py/getapi.py: Using EditorConfig core...
ardyop7/discord.py/getapi.py: Using EditorConfig core...
ardyop7/discord.py/getapi.py: Using EditorConfig core...
ardyop7/discord.py/getapi.py: Using EditorConfig core...
ardyop7/discord.py/getapi.py: Using EditorConfig core...
ardyop7/discord.py/getapi.py: Using EditorConfig core...
ardyop7/discord.py/getapi.py: Using EditorConfig core...
ardyop7/discord.py/getapi.py: {}
ardyop7/discord.py/main.py: {}
ardyop7/discord.py/main.py: Using EditorConfig core...
ardyop7/discord.py/getapi.py: {}
ardyop7/discord.py/getapi.py: {}
ardyop7/discord.py/getapi.py: {}
ardyop7/discord.py/getapi.py: {}
ardyop7/discord.py/getapi.py: {}
ardyop7/discord.py/getapi.py: Using EditorConfig core...
ardyop7/discord.py/getapi.py: Using EditorConfig core...
ardyop7/discord.py/getapi.py: Using EditorConfig core...
ardyop7/discord.py/getapi.py: {}
ardyop7/discord.py/main.py: {}
ardyop7/discord.py/main.py: {}
ardyop7/discord.py/main.py: Using EditorConfig core...
ardyop7/discord.py/main.py: Using EditorConfig core...
ardyop7/discord.py/main.py: Using EditorConfig core...
ardyop7/discord.py/main.py: Using EditorConfig core...
ardyop7/discord.py/main.py: Using EditorConfig core...
ardyop7/discord.py/main.py: {}
ardyop7/discord.py/main.py: Using EditorConfig core...
ardyop7/discord.py/main.py: {}
ardyop7/discord.py/main.py: Using EditorConfig core...
ardyop7/discord.py/main.py: {}
ardyop7/discord.py/getapi.py: {}
ardyop7/discord.py/getapi.py: Using EditorConfig core...
ardyop7/discord.py/main.py: {}
ardyop7/discord.py/getapi.py: {}
ardyop7/discord.py/getapi.py: Using EditorConfig core...
ardyop7/discord.py/main.py: {}
ardyop7/discord.py/getapi.py: {}
ardyop7/discord.py/main.py: {}
ardyop7/discord.py/main.py: Using EditorConfig core...
ardyop7/discord.py/main.py: Using EditorConfig core...
ardyop7/discord.py/main.py: Using EditorConfig core...
ardyop7/discord.py/main.py: Using EditorConfig core...
ardyop7/discord.py/main.py: Using EditorConfig core...
ardyop7/discord.py/main.py: Using EditorConfig core...
ardyop7/discord.py/getapi.py: {}
ardyop7/discord.py/getapi.py: {}
ardyop7/discord.py/getapi.py: {}
ardyop7/discord.py/getapi.py: {}
ardyop7/discord.py/getapi.py: {}
ardyop7/discord.py/getapi.py: Using EditorConfig core...
ardyop7/discord.py/getapi.py: {}
ardyop7/discord.py/main.py: {}
ardyop7/discord.py/main.py: Using EditorConfig core...
ardyop7/discord.py/main.py: Using EditorConfig core...
ardyop7/discord.py/main.py: Using EditorConfig core...
ardyop7/discord.py/main.py: Using EditorConfig core...
ardyop7/discord.py/main.py: Using EditorConfig core...
ardyop7/discord.py/main.py: Using EditorConfig core...
ardyop7/discord.py/main.py: Using EditorConfig core...
ardyop7/discord.py/main.py: Using EditorConfig core...
ardyop7/discord.py/main.py: Using EditorConfig core...
ardyop7/discord.py/main.py: Using EditorConfig core...
ardyop7/discord.py/main.py: Using EditorConfig core...
ardyop7/discord.py/main.py: {}
ardyop7/discord.py/main.py: {}
ardyop7/discord.py/main.py: Using EditorConfig core...
ardyop7/discord.py/main.py: Using EditorConfig core...
ardyop7/discord.py/main.py: Using EditorConfig core...
ardyop7/discord.py/main.py: Using EditorConfig core...
ardyop7/discord.py/main.py: Using EditorConfig core...
ardyop7/discord.py/main.py: Using EditorConfig core...
ardyop7/discord.py/main.py: Using EditorConfig core...
ardyop7/discord.py/main.py: Using EditorConfig core...
ardyop7/discord.py/main.py: Using EditorConfig core...
ardyop7/discord.py/main.py: Using EditorConfig core...
ardyop7/discord.py/main.py: {}
ardyop7/discord.py/main.py: Using EditorConfig core...
ardyop7/discord.py/main.py: {}
ardyop7/discord.py/main.py: Using EditorConfig core...
ardyop7/discord.py/main.py: Using EditorConfig core...
ardyop7/discord.py/main.py: Using EditorConfig core...
ardyop7/discord.py/main.py: {}
ardyop7/discord.py/main.py: Using EditorConfig core...
ardyop7/discord.py/main.py: Using EditorConfig core...
ardyop7/discord.py/main.py: Using EditorConfig core...
ardyop7/discord.py/main.py: {}
ardyop7/discord.py/main.py: {}
ardyop7/discord.py/main.py: Using EditorConfig core...
ardyop7/discord.py/main.py: {}
ardyop7/discord.py/main.py: Using EditorConfig core...
ardyop7/discord.py/main.py: Using EditorConfig core...
ardyop7/discord.py/main.py: Using EditorConfig core...
ardyop7/discord.py/main.py: Using EditorConfig core...
ardyop7/discord.py/main.py: Using EditorConfig core...
ardyop7/discord.py/main.py: Using EditorConfig core...
ardyop7/discord.py/main.py: Using EditorConfig core...
ardyop7/discord.py/main.py: Using EditorConfig core...
ardyop7/discord.py/main.py: Using EditorConfig core...
ardyop7/discord.py/main.py: Using EditorConfig core...
ardyop7/discord.py/main.py: Using EditorConfig core...
ardyop7/discord.py/main.py: Using EditorConfig core...
ardyop7/discord.py/main.py: Using EditorConfig core...
ardyop7/discord.py/main.py: Using EditorConfig core...
ardyop7/discord.py/main.py: Using EditorConfig core...
ardyop7/discord.py/main.py: Using EditorConfig core...
ardyop7/discord.py/main.py: Using EditorConfig core...
ardyop7/discord.py/main.py: Using EditorConfig core...
ardyop7/discord.py/main.py: Using EditorConfig core...
ardyop7/discord.py/main.py: Using EditorConfig core...
ardyop7/discord.py/main.py: Using EditorConfig core...
ardyop7/discord.py/main.py: {}
ardyop7/discord.py/main.py: Using EditorConfig core...
ardyop7/discord.py/main.py: Using EditorConfig core...
ardyop7/discord.py/main.py: Using EditorConfig core...
ardyop7/discord.py/main.py: {}
ardyop7/discord.py/main.py: {}
ardyop7/discord.py/main.py: {}
ardyop7/discord.py/main.py: Using EditorConfig core...
ardyop7/discord.py/main.py: Using EditorConfig core...
ardyop7/discord.py/main.py: Using EditorConfig core...
ardyop7/discord.py/main.py: {}
ardyop7/discord.py/main.py: {}
ardyop7/discord.py/main.py: {}
ardyop7/discord.py/main.py: Using EditorConfig core...
ardyop7/discord.py/getapi.py: {}
ardyop7/discord.py/getapi.py: Using EditorConfig core...
ardyop7/discord.py/getapi.py: Using EditorConfig core...
ardyop7/discord.py/getapi.py: Using EditorConfig core...
ardyop7/discord.py/getapi.py: Using EditorConfig core...
ardyop7/discord.py/main.py: {}
ardyop7/discord.py/getapi.py: {}
ardyop7/discord.py/main.py: {}
ardyop7/discord.py/main.py: Using EditorConfig core...
ardyop7/discord.py/main.py: Using EditorConfig core...
ardyop7/discord.py/getapi.py: {}
ardyop7/discord.py/main.py: {}
ardyop7/discord.py/main.py: Using EditorConfig core...
ardyop7/discord.py/getapi.py: {}
ardyop7/discord.py/getapi.py: Using EditorConfig core...
ardyop7/discord.py/getapi.py: {}
ardyop7/discord.py/getapi.py: Using EditorConfig core...
ardyop7/discord.py/getapi.py: {}
ardyop7/discord.py/main.py: {}
ardyop7/discord.py/getapi.py: {}
ardyop7/discord.py/main.py: {}
ardyop7/discord.py/main.py: {}
ardyop7/discord.py/main.py: {}
ardyop7/discord.py/main.py: {}
ardyop7/discord.py/main.py: {}
ardyop7/discord.py/main.py: {}
