0 verbose cli /usr/local/nvm/versions/node/v20.17.0/bin/node /usr/local/nvm/versions/node/v20.17.0/bin/npm
1 info using npm@10.8.2
2 info using node@v20.17.0
3 silly config load:file:/usr/local/nvm/versions/node/v20.17.0/lib/node_modules/npm/npmrc
4 silly config load:file:/home/ardyop7/.cache/typescript/5.4/.npmrc
5 silly config load:file:/home/ardyop7/.npmrc
6 silly config load:file:/usr/local/nvm/versions/node/v20.17.0/etc/npmrc
7 verbose title npm install types-registry@latest
8 verbose argv "install" "--ignore-scripts" "types-registry@latest"
9 verbose logfile logs-max:10 dir:/home/ardyop7/.npm/_logs/2024-08-31T15_13_20_784Z-
10 verbose logfile /home/ardyop7/.npm/_logs/2024-08-31T15_13_20_784Z-debug-0.log
11 silly packumentCache heap:2197815296 maxSize:549453824 maxEntrySize:274726912
12 silly logfile start cleaning logs, removing 66 files
13 silly packumentCache corgi:https://registry.npmjs.org/types-registry cache-miss
14 silly logfile done cleaning log files
15 http fetch GET 200 https://registry.npmjs.org/npm 184ms
16 http fetch GET 200 https://registry.npmjs.org/types-registry 267ms (cache miss)
17 silly packumentCache corgi:https://registry.npmjs.org/types-registry set size:undefined disposed:false
18 silly idealTree buildDeps
19 silly fetch manifest types-registry@0.1.685
20 silly packumentCache full:https://registry.npmjs.org/types-registry cache-miss
21 http fetch GET 200 https://registry.npmjs.org/types-registry 69ms (cache miss)
22 silly packumentCache full:https://registry.npmjs.org/types-registry set size:undefined disposed:false
23 silly placeDep ROOT types-registry@0.1.685 OK for:  want: 0.1.685
24 silly reify moves {}
25 silly audit bulk request { 'types-registry': [ '0.1.685' ] }
26 silly tarball no local data for types-registry@https://registry.npmjs.org/types-registry/-/types-registry-0.1.685.tgz. Extracting by manifest.
27 http fetch GET 200 https://registry.npmjs.org/types-registry/-/types-registry-0.1.685.tgz 100ms (cache miss)
28 http fetch POST 200 https://registry.npmjs.org/-/npm/v1/security/advisories/bulk 219ms
29 silly audit report {}
30 silly ADD node_modules/types-registry
31 verbose cwd /home/ardyop7/.cache/typescript/5.4
32 verbose os Linux 6.1.100+
33 verbose node v20.17.0
34 verbose npm  v10.8.2
35 notice
35 notice New patch version of npm available! 10.8.2 -> 10.8.3
35 notice Changelog: https://github.com/npm/cli/releases/tag/v10.8.3
35 notice To update run: npm install -g npm@10.8.3
35 notice  { force: true, [Symbol(proc-log.meta)]: true }
36 verbose exit 0
37 info ok
