Initializing document watcher...
Document watcher initialized
/User/settings.json: Using EditorConfig core...
/User/settings.json: Using EditorConfig core...
/User/settings.json: Using EditorConfig core...
ardyop7/README-cloudshell.txt: {}
ardyop7/pybluez/PyBluez.egg-info/PKG-INFO: {}
ardyop7/pybluez/PyBluez.egg-info/PKG-INFO: {}
ardyop7/pybluez/PyBluez.egg-info/PKG-INFO: Using EditorConfig core...
ardyop7/pybluez/PyBluez.egg-info/PKG-INFO: {}
ardyop7/pybluez/PyBluez.egg-info/PKG-INFO: {}
ardyop7/_temp.py: {}
ardyop7/_temp.py: {}
ardyop7/_temp.py: {}
ardyop7/_temp.py: {}
ardyop7/_temp.py: {}
ardyop7/_temp.py: Using EditorConfig core...
ardyop7/_temp.py: Using EditorConfig core...
ardyop7/_temp.py: {}
ardyop7/_temp.py: {}
ardyop7/_temp.py: {}
ardyop7/_temp.py: {}
ardyop7/_temp.py: Using EditorConfig core...
ardyop7/_temp.py: Using EditorConfig core...
ardyop7/_temp.py: Using EditorConfig core...
ardyop7/_temp.py: Using EditorConfig core...
ardyop7/_temp.py: Using EditorConfig core...
ardyop7/_temp.py: {}
ardyop7/_temp.py: Using EditorConfig core...
ardyop7/_temp.py: Using EditorConfig core...
ardyop7/_temp.py: Using EditorConfig core...
ardyop7/_temp.py: Using EditorConfig core...
ardyop7/_temp.py: Using EditorConfig core...
ardyop7/_temp.py: Using EditorConfig core...
ardyop7/_temp.py: Using EditorConfig core...
ardyop7/_temp.py: Using EditorConfig core...
ardyop7/_temp.py: Using EditorConfig core...
ardyop7/_temp.py: Using EditorConfig core...
ardyop7/_temp.py: Using EditorConfig core...
ardyop7/_temp.py: Using EditorConfig core...
ardyop7/_temp.py: Using EditorConfig core...
ardyop7/_temp.py: Using EditorConfig core...
ardyop7/_temp.py: Using EditorConfig core...
ardyop7/_temp.py: Using EditorConfig core...
ardyop7/_temp.py: Using EditorConfig core...
ardyop7/_temp.py: Using EditorConfig core...
ardyop7/_temp.py: Using EditorConfig core...
ardyop7/_temp.py: Using EditorConfig core...
ardyop7/_temp.py: Using EditorConfig core...
ardyop7/_temp.py: Using EditorConfig core...
ardyop7/_temp.py: {}
