Initializing document watcher...
Document watcher initialized
/User/settings.json: Using EditorConfig core...
/User/settings.json: Using EditorConfig core...
/User/settings.json: Using EditorConfig core...
ardyop7/_temp.py: {}
ardyop7/_temp.py: Using EditorConfig core...
ardyop7/_temp.py: Using EditorConfig core...
ardyop7/_temp.py: Using EditorConfig core...
ardyop7/_temp.py: Using EditorConfig core...
ardyop7/_temp.py: Using EditorConfig core...
ardyop7/_temp.py: Using EditorConfig core...
ardyop7/_temp.py: Using EditorConfig core...
ardyop7/_temp.py: Using EditorConfig core...
ardyop7/_temp.py: Using EditorConfig core...
ardyop7/_temp.py: Using EditorConfig core...
ardyop7/_temp.py: Using EditorConfig core...
ardyop7/_temp.py: Using EditorConfig core...
ardyop7/_temp.py: Using EditorConfig core...
ardyop7/_temp.py: Using EditorConfig core...
ardyop7/_temp.py: Using EditorConfig core...
ardyop7/_temp.py: Using EditorConfig core...
ardyop7/_temp.py: Using EditorConfig core...
ardyop7/_temp.py: Using EditorConfig core...
ardyop7/_temp.py: Using EditorConfig core...
ardyop7/_temp.py: Using EditorConfig core...
ardyop7/_temp.py: Using EditorConfig core...
ardyop7/_temp.py: Using EditorConfig core...
ardyop7/_temp.py: {}
ardyop7/_temp.py: {}
ardyop7/_temp.py: Using EditorConfig core...
ardyop7/_temp.py: Using EditorConfig core...
ardyop7/_temp.py: Using EditorConfig core...
ardyop7/_temp.py: Using EditorConfig core...
ardyop7/_temp.py: Using EditorConfig core...
ardyop7/_temp.py: Using EditorConfig core...
ardyop7/_temp.py: Using EditorConfig core...
ardyop7/_temp.py: Using EditorConfig core...
ardyop7/_temp.py: Using EditorConfig core...
ardyop7/_temp.py: Using EditorConfig core...
ardyop7/_temp.py: {}
ardyop7/_temp.py: Using EditorConfig core...
ardyop7/_temp.py: Using EditorConfig core...
ardyop7/_temp.py: Using EditorConfig core...
ardyop7/_temp.py: Using EditorConfig core...
ardyop7/_temp.py: Using EditorConfig core...
ardyop7/_temp.py: Using EditorConfig core...
ardyop7/_temp.py: Using EditorConfig core...
ardyop7/_temp.py: Using EditorConfig core...
ardyop7/_temp.py: Using EditorConfig core...
ardyop7/_temp.py: Using EditorConfig core...
ardyop7/_temp.py: Using EditorConfig core...
ardyop7/_temp.py: Using EditorConfig core...
ardyop7/_temp.py: Using EditorConfig core...
ardyop7/_temp.py: Using EditorConfig core...
ardyop7/_temp.py: Using EditorConfig core...
ardyop7/_temp.py: Using EditorConfig core...
ardyop7/_temp.py: Using EditorConfig core...
ardyop7/_temp.py: {}
ardyop7/_temp.py: {}
ardyop7/_temp.py: {}
ardyop7/_temp.py: {}
ardyop7/_temp.py: {}
ardyop7/_temp.java: {}
ardyop7/_temp.java: Using EditorConfig core...
ardyop7/_temp.java: Using EditorConfig core...
ardyop7/_temp.java: Using EditorConfig core...
ardyop7/_temp.java: Using EditorConfig core...
ardyop7/_temp.java: Using EditorConfig core...
ardyop7/_temp.java: Using EditorConfig core...
ardyop7/_temp.java: {}
ardyop7/_temp.java: Using EditorConfig core...
ardyop7/_temp.java: {}
ardyop7/_temp.java: Using EditorConfig core...
ardyop7/_temp.java: Using EditorConfig core...
ardyop7/_temp.java: Using EditorConfig core...
ardyop7/_temp.java: Using EditorConfig core...
ardyop7/_temp.java: Using EditorConfig core...
ardyop7/_temp.java: Using EditorConfig core...
ardyop7/_temp.java: Using EditorConfig core...
ardyop7/_temp.java: Using EditorConfig core...
ardyop7/_temp.java: Using EditorConfig core...
ardyop7/_temp.java: Using EditorConfig core...
ardyop7/_temp.java: Using EditorConfig core...
ardyop7/_temp.java: Using EditorConfig core...
ardyop7/_temp.java: Using EditorConfig core...
ardyop7/_temp.java: Using EditorConfig core...
ardyop7/_temp.java: Using EditorConfig core...
ardyop7/_temp.java: Using EditorConfig core...
ardyop7/_temp.java: Using EditorConfig core...
ardyop7/_temp.java: Using EditorConfig core...
ardyop7/_temp.java: Using EditorConfig core...
ardyop7/_temp.java: Using EditorConfig core...
ardyop7/_temp.java: Using EditorConfig core...
ardyop7/_temp.java: Using EditorConfig core...
ardyop7/_temp.java: Using EditorConfig core...
ardyop7/_temp.java: Using EditorConfig core...
ardyop7/_temp.java: Using EditorConfig core...
ardyop7/_temp.java: Using EditorConfig core...
ardyop7/_temp.java: {}
ardyop7/_temp.java: Using EditorConfig core...
ardyop7/_temp.java: Using EditorConfig core...
ardyop7/_temp.java: Using EditorConfig core...
ardyop7/_temp.java: Using EditorConfig core...
ardyop7/_temp.java: Using EditorConfig core...
ardyop7/_temp.java: Using EditorConfig core...
ardyop7/_temp.java: Using EditorConfig core...
ardyop7/_temp.java: Using EditorConfig core...
ardyop7/_temp.java: Using EditorConfig core...
ardyop7/_temp.java: {}
ardyop7/_temp.java: {}
ardyop7/_temp.java: {}
ardyop7/_temp.java: {}
ardyop7/_temp.java: Using EditorConfig core...
ardyop7/_temp.java: Using EditorConfig core...
ardyop7/_temp.java: Using EditorConfig core...
ardyop7/_temp.java: {}
ardyop7/_temp.java: Using EditorConfig core...
ardyop7/_temp.java: {}
ardyop7/_temp.java: Using EditorConfig core...
ardyop7/_temp.java: Using EditorConfig core...
ardyop7/_temp.java: Using EditorConfig core...
ardyop7/_temp.java: Using EditorConfig core...
ardyop7/_temp.java: Using EditorConfig core...
ardyop7/_temp.py: {}
ardyop7/_temp.java: {}
ardyop7/_temp.java: Using EditorConfig core...
ardyop7/_temp.java: Using EditorConfig core...
ardyop7/_temp.java: Using EditorConfig core...
ardyop7/_temp.java: Using EditorConfig core...
ardyop7/_temp.java: Using EditorConfig core...
ardyop7/_temp.java: Using EditorConfig core...
ardyop7/_temp.java: Using EditorConfig core...
ardyop7/_temp.java: Using EditorConfig core...
ardyop7/_temp.java: Using EditorConfig core...
ardyop7/_temp.java: Using EditorConfig core...
ardyop7/_temp.java: Using EditorConfig core...
ardyop7/_temp.java: Using EditorConfig core...
ardyop7/_temp.java: Using EditorConfig core...
ardyop7/_temp.java: Using EditorConfig core...
ardyop7/_temp.java: Using EditorConfig core...
ardyop7/_temp.java: Using EditorConfig core...
ardyop7/_temp.java: Using EditorConfig core...
ardyop7/_temp.java: Using EditorConfig core...
ardyop7/_temp.java: Using EditorConfig core...
ardyop7/_temp.java: {}
ardyop7/_temp.java: Using EditorConfig core...
ardyop7/_temp.java: Using EditorConfig core...
ardyop7/_temp.java: Using EditorConfig core...
ardyop7/_temp.java: Using EditorConfig core...
ardyop7/_temp.java: Using EditorConfig core...
ardyop7/_temp.java: Using EditorConfig core...
ardyop7/_temp.java: Using EditorConfig core...
ardyop7/_temp.java: Using EditorConfig core...
ardyop7/_temp.java: Using EditorConfig core...
ardyop7/_temp.java: Using EditorConfig core...
ardyop7/_temp.java: Using EditorConfig core...
ardyop7/_temp.java: Using EditorConfig core...
ardyop7/_temp.java: {}
ardyop7/_temp.java: {}
ardyop7/_temp.java: {}
ardyop7/_temp.java: {}
ardyop7/_temp.java: {}
ardyop7/_temp.java: Using EditorConfig core...
ardyop7/_temp.java: Using EditorConfig core...
ardyop7/_temp.java: {}
ardyop7/_temp.java: Using EditorConfig core...
ardyop7/_temp.java: Using EditorConfig core...
ardyop7/_temp.java: Using EditorConfig core...
ardyop7/_temp.java: Using EditorConfig core...
ardyop7/_temp.java: Using EditorConfig core...
ardyop7/_temp.java: Using EditorConfig core...
ardyop7/_temp.java: Using EditorConfig core...
ardyop7/_temp.java: Using EditorConfig core...
ardyop7/_temp.java: Using EditorConfig core...
ardyop7/_temp.java: Using EditorConfig core...
ardyop7/_temp.java: Using EditorConfig core...
ardyop7/_temp.java: Using EditorConfig core...
ardyop7/_temp.java: Using EditorConfig core...
ardyop7/_temp.java: Using EditorConfig core...
ardyop7/_temp.java: Using EditorConfig core...
ardyop7/_temp.java: Using EditorConfig core...
ardyop7/_temp.java: Using EditorConfig core...
ardyop7/_temp.java: Using EditorConfig core...
ardyop7/_temp.java: {}
ardyop7/_temp.java: {}
ardyop7/_temp.java: {}
ardyop7/_temp.java: {}
