2024-09-06 14:38:24.738 [info] Default formatter is set to null for workspace /home/ardyop7
2024-09-06 14:38:24.738 [info] Test server listening.
2024-09-06 14:38:24.738 [info] > conda info --json
2024-09-06 14:38:24.738 [info] > hatch env show --json
2024-09-06 14:38:24.738 [info] cwd: .
2024-09-06 14:38:24.738 [info] > pyenv which python
2024-09-06 14:38:24.738 [info] cwd: .
2024-09-06 14:38:24.740 [info] Found: /bin/python --> /usr/bin/python3.10
2024-09-06 14:38:24.743 [info] Found: /bin/python2 --> /bin/python2.7
2024-09-06 14:38:24.744 [info] Found: /bin/python2.7 --> /bin/python2.7
2024-09-06 14:38:24.747 [info] Found: /bin/python3 --> /bin/python3.10
2024-09-06 14:38:24.747 [info] Found: /bin/python3.10 --> /bin/python3.10
2024-09-06 14:38:24.777 [info] Found: /usr/bin/python --> /usr/bin/python3.10
2024-09-06 14:38:24.779 [info] Found: /usr/bin/python2 --> /usr/bin/python2.7
2024-09-06 14:38:24.779 [info] Found: /usr/bin/python2.7 --> /usr/bin/python2.7
2024-09-06 14:38:24.780 [info] Found: /usr/bin/python3 --> /usr/bin/python3.10
2024-09-06 14:38:24.780 [info] Found: /usr/bin/python3.10 --> /usr/bin/python3.10
2024-09-06 14:38:24.846 [info] > /bin/python -I /google/devshell/editor/code-oss-for-cloud-shell/extensions/ms-python.python/python_files/get_output_via_markers.py /google/devshell/editor/code-oss-for-cloud-shell/extensions/ms-python.python/python_files/interpreterInfo.py
2024-09-06 14:38:24.914 [info] > /bin/python2 -I /google/devshell/editor/code-oss-for-cloud-shell/extensions/ms-python.python/python_files/get_output_via_markers.py /google/devshell/editor/code-oss-for-cloud-shell/extensions/ms-python.python/python_files/interpreterInfo.py
2024-09-06 14:38:24.959 [warning] Error: Command failed: /bin/python2 -I /google/devshell/editor/code-oss-for-cloud-shell/extensions/ms-python.python/python_files/get_output_via_markers.py /google/devshell/editor/code-oss-for-cloud-shell/extensions/ms-python.python/python_files/interpreterInfo.py
Unknown option: -I
usage: /bin/python2 [option] ... [-c cmd | -m mod | file | -] [arg] ...
Try `python -h' for more information.

    at ChildProcess.exithandler (node:child_process:422:12)
    at ChildProcess.emit (node:events:529:35)
    at maybeClose (node:internal/child_process:1098:16)
    at Socket.<anonymous> (node:internal/child_process:450:11)
    at Socket.emit (node:events:517:28)
    at Pipe.<anonymous> (node:net:350:12) {
  code: 2,
  killed: false,
  signal: null,
  cmd: '/bin/python2 -I /google/devshell/editor/code-oss-for-cloud-shell/extensions/ms-python.python/python_files/get_output_via_markers.py /google/devshell/editor/code-oss-for-cloud-shell/extensions/ms-python.python/python_files/interpreterInfo.py'
}
2024-09-06 14:38:24.960 [error] Support for Python 2.7 has been dropped by the Python extension so certain features may not work, upgrade to using Python 3.
2024-09-06 14:38:24.996 [info] > /bin/python2 /google/devshell/editor/code-oss-for-cloud-shell/extensions/ms-python.python/python_files/get_output_via_markers.py /google/devshell/editor/code-oss-for-cloud-shell/extensions/ms-python.python/python_files/interpreterInfo.py
2024-09-06 14:38:25.047 [info] > /bin/python3 -I /google/devshell/editor/code-oss-for-cloud-shell/extensions/ms-python.python/python_files/get_output_via_markers.py /google/devshell/editor/code-oss-for-cloud-shell/extensions/ms-python.python/python_files/interpreterInfo.py
2024-09-06 14:38:25.159 [info] > /usr/bin/python2 -I /google/devshell/editor/code-oss-for-cloud-shell/extensions/ms-python.python/python_files/get_output_via_markers.py /google/devshell/editor/code-oss-for-cloud-shell/extensions/ms-python.python/python_files/interpreterInfo.py
2024-09-06 14:38:25.167 [warning] Error: Command failed: /usr/bin/python2 -I /google/devshell/editor/code-oss-for-cloud-shell/extensions/ms-python.python/python_files/get_output_via_markers.py /google/devshell/editor/code-oss-for-cloud-shell/extensions/ms-python.python/python_files/interpreterInfo.py
Unknown option: -I
usage: /usr/bin/python2 [option] ... [-c cmd | -m mod | file | -] [arg] ...
Try `python -h' for more information.

    at ChildProcess.exithandler (node:child_process:422:12)
    at ChildProcess.emit (node:events:529:35)
    at maybeClose (node:internal/child_process:1098:16)
    at Socket.<anonymous> (node:internal/child_process:450:11)
    at Socket.emit (node:events:517:28)
    at Pipe.<anonymous> (node:net:350:12) {
  code: 2,
  killed: false,
  signal: null,
  cmd: '/usr/bin/python2 -I /google/devshell/editor/code-oss-for-cloud-shell/extensions/ms-python.python/python_files/get_output_via_markers.py /google/devshell/editor/code-oss-for-cloud-shell/extensions/ms-python.python/python_files/interpreterInfo.py'
}
2024-09-06 14:38:25.167 [error] Support for Python 2.7 has been dropped by the Python extension so certain features may not work, upgrade to using Python 3.
2024-09-06 14:38:25.205 [info] > /usr/bin/python2 /google/devshell/editor/code-oss-for-cloud-shell/extensions/ms-python.python/python_files/get_output_via_markers.py /google/devshell/editor/code-oss-for-cloud-shell/extensions/ms-python.python/python_files/interpreterInfo.py
2024-09-06 14:38:25.256 [info] Python interpreter path: /bin/python
2024-09-06 14:38:28.313 [info] Starting Jedi language server for ardyop7.
2024-09-06 14:38:28.451 [info] Discover tests for workspace name: ardyop7 - uri: /home/ardyop7/main.py
2024-09-06 14:38:32.916 [info] Discover tests for workspace name: ardyop7 - uri: /home/ardyop7/main.py
2024-09-06 14:38:45.120 [info] Discover tests for workspace name: undefined - uri: /User/settings.json
2024-09-06 14:38:46.509 [info] Discover tests for workspace name: undefined - uri: /User/settings.json
2024-09-06 14:38:51.059 [info] Discover tests for workspace name: undefined - uri: /User/settings.json
2024-09-06 14:38:55.427 [info] Discover tests for workspace name: undefined - uri: /User/settings.json
2024-09-06 14:39:01.742 [info] Discover tests for workspace name: ardyop7 - uri: /home/ardyop7/main.py
2024-09-06 14:39:08.992 [info] Discover tests for workspace name: undefined - uri: /User/settings.json
2024-09-06 14:39:10.261 [info] > /bin/python /google/devshell/editor/code-oss-for-cloud-shell/extensions/ms-python.python/python_files/normalizeSelection.py
2024-09-06 14:39:10.594 [info] Send text to terminal: /bin/python
2024-09-06 14:39:10.987 [info] > /bin/python /google/devshell/editor/code-oss-for-cloud-shell/extensions/ms-python.python/python_files/normalizeSelection.py
2024-09-06 14:39:12.738 [info] Selected file contains invalid Python or Deprecated Python 2 code
2024-09-06 14:39:16.221 [info] Discover tests for workspace name: ardyop7 - uri: /home/ardyop7/main.py
2024-09-06 14:39:17.442 [info] Discover tests for workspace name: ardyop7 - uri: /home/ardyop7/main.py
2024-09-06 14:39:19.162 [info] Discover tests for workspace name: ardyop7 - uri: /home/ardyop7/main.py
2024-09-06 14:39:43.786 [info] Discover tests for workspace name: ardyop7 - uri: /home/ardyop7/main.py
2024-09-06 14:39:45.395 [info] Discover tests for workspace name: undefined - uri: /User/settings.json
2024-09-06 14:39:48.104 [info] Discover tests for workspace name: ardyop7 - uri: /home/ardyop7/main.py
2024-09-06 14:39:49.648 [info] Discover tests for workspace name: ardyop7 - uri: /home/ardyop7/main.py
2024-09-06 14:39:51.711 [info] Discover tests for workspace name: undefined - uri: /User/settings.json
2024-09-06 14:39:53.917 [info] Discover tests for workspace name: ardyop7 - uri: /home/ardyop7/main.py
2024-09-06 14:39:55.160 [info] Discover tests for workspace name: ardyop7 - uri: /home/ardyop7/main.py
