2024-09-04 15:06:14.503 [info] WARNING:pygls.protocol:Cancel notification for unknown message id "37"

2024-09-04 15:06:14.738 [info] WARNING:pygls.protocol:Cancel notification for unknown message id "39"

2024-09-04 15:06:14.739 [info] WARNING:pygls.protocol:Cancel notification for unknown message id "41"

2024-09-04 15:06:14.955 [info] WARNING:pygls.protocol:Cancel notification for unknown message id "40"

2024-09-04 15:06:14.959 [info] WARNING:pygls.protocol:Cancel notification for unknown message id "42"

2024-09-04 15:06:14.961 [info] WARNING:pygls.protocol:Cancel notification for unknown message id "44"

2024-09-04 15:06:15.177 [info] WARNING:pygls.protocol:Cancel notification for unknown message id "43"

2024-09-04 15:06:15.180 [info] WARNING:pygls.protocol:Cancel notification for unknown message id "45"

2024-09-04 15:06:15.184 [info] WARNING:pygls.protocol:Cancel notification for unknown message id "47"

2024-09-04 15:06:22.600 [info] WARNING:pygls.protocol:Cancel notification for unknown message id "60"

2024-09-04 15:06:25.629 [info] WARNING:pygls.protocol:Cancel notification for unknown message id "75"

2024-09-04 15:06:25.631 [info] WARNING:pygls.protocol:Cancel notification for unknown message id "77"

2024-09-04 15:06:31.265 [info] WARNING:pygls.protocol:Cancel notification for unknown message id "83"

2024-09-04 15:06:31.267 [info] WARNING:pygls.protocol:Cancel notification for unknown message id "86"

2024-09-04 15:06:31.269 [info] WARNING:pygls.protocol:Cancel notification for unknown message id "85"

2024-09-04 15:06:31.273 [info] WARNING:pygls.protocol:Cancel notification for unknown message id "84"

2024-09-04 15:06:54.580 [info] WARNING:pygls.protocol:Cancel notification for unknown message id "100"

2024-09-04 15:07:05.076 [info] WARNING:pygls.protocol:Cancel notification for unknown message id "128"

2024-09-04 15:07:05.078 [info] WARNING:pygls.protocol:Cancel notification for unknown message id "129"

2024-09-04 15:07:05.085 [info] WARNING:pygls.protocol:Cancel notification for unknown message id "131"

2024-09-04 15:07:05.089 [info] WARNING:pygls.protocol:Cancel notification for unknown message id "132"

2024-09-04 15:07:05.090 [info] WARNING:pygls.protocol:Cancel notification for unknown message id "130"

2024-09-04 15:07:05.094 [info] WARNING:pygls.protocol:Cancel notification for unknown message id "134"

2024-09-04 15:07:05.097 [info] WARNING:pygls.protocol:Cancel notification for unknown message id "135"

2024-09-04 15:07:10.091 [info] WARNING:pygls.protocol:Cancel notification for unknown message id "151"

2024-09-04 15:07:10.101 [info] WARNING:pygls.protocol:Cancel notification for unknown message id "152"

2024-09-04 15:07:10.114 [info] WARNING:pygls.protocol:Cancel notification for unknown message id "154"

2024-09-04 15:07:10.117 [info] WARNING:pygls.protocol:Cancel notification for unknown message id "157"

2024-09-04 15:07:10.119 [info] WARNING:pygls.protocol:Cancel notification for unknown message id "155"

2024-09-04 15:07:10.120 [info] WARNING:pygls.protocol:Cancel notification for unknown message id "153"

2024-09-04 15:09:07.084 [info] WARNING:pygls.protocol:Cancel notification for unknown message id "237"

2024-09-04 15:09:19.920 [info] WARNING:pygls.protocol:Cancel notification for unknown message id "274"

2024-09-04 15:09:19.921 [info] WARNING:pygls.protocol:Cancel notification for unknown message id "275"

2024-09-04 15:09:19.929 [info] WARNING:pygls.protocol:Cancel notification for unknown message id "276"

2024-09-04 15:09:19.933 [info] WARNING:pygls.protocol:Cancel notification for unknown message id "278"

2024-09-04 15:09:19.937 [info] WARNING:pygls.protocol:Cancel notification for unknown message id "280"

2024-09-04 15:09:19.939 [info] WARNING:pygls.protocol:Cancel notification for unknown message id "277"

2024-09-04 15:09:19.943 [info] WARNING:pygls.protocol:Cancel notification for unknown message id "282"

2024-09-04 15:09:19.946 [info] WARNING:pygls.protocol:Cancel notification for unknown message id "283"

2024-09-04 15:09:19.949 [info] WARNING:pygls.protocol:Cancel notification for unknown message id "284"

2024-09-04 15:09:19.954 [info] WARNING:pygls.protocol:Cancel notification for unknown message id "285"

2024-09-04 15:09:20.506 [info] WARNING:pygls.protocol:Cancel notification for unknown message id "279"

2024-09-04 15:09:20.521 [info] WARNING:pygls.protocol:Cancel notification for unknown message id "291"

2024-09-04 15:09:20.522 [info] WARNING:pygls.protocol:Cancel notification for unknown message id "292"

2024-09-04 15:10:03.686 [info] WARNING:pygls.protocol:Cancel notification for unknown message id "329"

2024-09-04 15:10:04.356 [info] WARNING:pygls.protocol:Cancel notification for unknown message id "332"

2024-09-04 15:10:12.696 [info] WARNING:pygls.protocol:Cancel notification for unknown message id "355"

2024-09-04 15:10:12.698 [info] WARNING:pygls.protocol:Cancel notification for unknown message id "357"

2024-09-04 15:10:12.703 [info] WARNING:pygls.protocol:Cancel notification for unknown message id "356"

2024-09-04 15:10:12.709 [info] WARNING:pygls.protocol:Cancel notification for unknown message id "358"

2024-09-04 15:10:12.712 [info] WARNING:pygls.protocol:Cancel notification for unknown message id "360"

2024-09-04 15:10:13.123 [info] WARNING:pygls.protocol:Cancel notification for unknown message id "359"

2024-09-04 15:10:13.130 [info] WARNING:pygls.protocol:Cancel notification for unknown message id "361"

2024-09-04 15:10:13.319 [info] WARNING:pygls.protocol:Cancel notification for unknown message id "363"

2024-09-04 15:10:13.338 [info] WARNING:pygls.protocol:Cancel notification for unknown message id "362"

2024-09-04 15:10:17.216 [info] WARNING:pygls.protocol:Cancel notification for unknown message id "375"

2024-09-04 15:10:17.220 [info] WARNING:pygls.protocol:Cancel notification for unknown message id "378"

2024-09-04 15:11:01.497 [info] WARNING:pygls.protocol:Cancel notification for unknown message id "431"

2024-09-04 15:11:01.503 [info] WARNING:pygls.protocol:Cancel notification for unknown message id "432"

2024-09-04 15:11:01.808 [info] WARNING:pygls.protocol:Cancel notification for unknown message id "433"

2024-09-04 15:11:02.094 [info] WARNING:pygls.protocol:Cancel notification for unknown message id "435"

2024-09-04 15:11:02.687 [info] WARNING:pygls.protocol:Cancel notification for unknown message id "440"

2024-09-04 15:11:06.220 [info] WARNING:pygls.protocol:Cancel notification for unknown message id "445"

2024-09-04 15:11:06.805 [info] WARNING:pygls.protocol:Cancel notification for unknown message id "447"

2024-09-04 15:11:06.812 [info] WARNING:pygls.protocol:Cancel notification for unknown message id "448"

2024-09-04 15:11:07.210 [info] WARNING:pygls.protocol:Cancel notification for unknown message id "449"

2024-09-04 15:11:12.394 [info] WARNING:pygls.protocol:Cancel notification for unknown message id "453"

2024-09-04 15:11:12.396 [info] WARNING:pygls.protocol:Cancel notification for unknown message id "454"

2024-09-04 15:11:13.417 [info] WARNING:pygls.protocol:Cancel notification for unknown message id "455"

2024-09-04 15:11:13.424 [info] WARNING:pygls.protocol:Cancel notification for unknown message id "457"

2024-09-04 15:11:13.428 [info] WARNING:pygls.protocol:Cancel notification for unknown message id "460"

2024-09-04 15:11:13.626 [info] WARNING:pygls.protocol:Cancel notification for unknown message id "459"

2024-09-04 15:11:13.628 [info] WARNING:pygls.protocol:Cancel notification for unknown message id "456"

2024-09-04 15:11:13.816 [info] WARNING:pygls.protocol:Cancel notification for unknown message id "458"

2024-09-04 15:11:13.823 [info] WARNING:pygls.protocol:Cancel notification for unknown message id "463"

2024-09-04 15:11:13.825 [info] WARNING:pygls.protocol:Cancel notification for unknown message id "465"

2024-09-04 15:11:13.826 [info] WARNING:pygls.protocol:Cancel notification for unknown message id "462"

2024-09-04 15:11:14.020 [info] WARNING:pygls.protocol:Cancel notification for unknown message id "464"

2024-09-04 15:11:14.024 [info] WARNING:pygls.protocol:Cancel notification for unknown message id "466"

2024-09-04 15:11:14.265 [info] WARNING:pygls.protocol:Cancel notification for unknown message id "467"

2024-09-04 15:11:14.273 [info] WARNING:pygls.protocol:Cancel notification for unknown message id "470"

2024-09-04 15:11:14.285 [info] WARNING:pygls.protocol:Cancel notification for unknown message id "471"

2024-09-04 15:11:14.291 [info] WARNING:pygls.protocol:Cancel notification for unknown message id "473"

2024-09-04 15:11:14.294 [info] WARNING:pygls.protocol:Cancel notification for unknown message id "468"

2024-09-04 15:11:14.295 [info] WARNING:pygls.protocol:Cancel notification for unknown message id "472"

2024-09-04 15:11:14.301 [info] WARNING:pygls.protocol:Cancel notification for unknown message id "461"

2024-09-04 15:11:14.304 [info] WARNING:pygls.protocol:Cancel notification for unknown message id "474"

2024-09-04 15:11:14.334 [info] WARNING:pygls.protocol:Cancel notification for unknown message id "469"

2024-09-04 15:11:14.339 [info] WARNING:pygls.protocol:Cancel notification for unknown message id "476"

2024-09-04 15:11:14.343 [info] WARNING:pygls.protocol:Cancel notification for unknown message id "479"

2024-09-04 15:11:27.555 [info] WARNING:pygls.protocol:Cancel notification for unknown message id "512"

2024-09-04 15:11:30.817 [info] WARNING:pygls.protocol:Cancel notification for unknown message id "522"

2024-09-04 15:11:30.824 [info] WARNING:pygls.protocol:Cancel notification for unknown message id "523"

2024-09-04 15:11:31.414 [info] WARNING:pygls.protocol:Cancel notification for unknown message id "525"

2024-09-04 15:11:31.599 [info] WARNING:pygls.protocol:Cancel notification for unknown message id "527"

2024-09-04 15:11:31.599 [info] WARNING:pygls.protocol:Cancel notification for unknown message id "526"

2024-09-04 15:11:32.384 [info] WARNING:pygls.protocol:Cancel notification for unknown message id "529"

2024-09-04 15:11:32.386 [info] WARNING:pygls.protocol:Cancel notification for unknown message id "530"

2024-09-04 15:11:49.753 [info] WARNING:pygls.protocol:Cancel notification for unknown message id "553"

2024-09-04 15:11:50.926 [info] WARNING:pygls.protocol:Cancel notification for unknown message id "554"

2024-09-04 15:11:54.862 [info] WARNING:pygls.protocol:Cancel notification for unknown message id "557"

2024-09-04 15:11:55.324 [info] WARNING:pygls.protocol:Cancel notification for unknown message id "559"

2024-09-04 15:11:55.504 [info] WARNING:pygls.protocol:Cancel notification for unknown message id "560"

2024-09-04 15:11:55.679 [info] WARNING:pygls.protocol:Cancel notification for unknown message id "561"

2024-09-04 15:11:55.856 [info] WARNING:pygls.protocol:Cancel notification for unknown message id "562"

2024-09-04 15:11:56.575 [info] WARNING:pygls.protocol:Cancel notification for unknown message id "565"

2024-09-04 15:11:57.664 [info] WARNING:pygls.protocol:Cancel notification for unknown message id "570"

2024-09-04 15:11:57.848 [info] WARNING:pygls.protocol:Cancel notification for unknown message id "572"

2024-09-04 15:12:33.735 [info] WARNING:pygls.protocol:Cancel notification for unknown message id "600"

2024-09-04 15:13:01.466 [info] WARNING:pygls.protocol:Cancel notification for unknown message id "642"

2024-09-04 15:13:02.715 [info] ERROR:pygls.protocol:Failed to handle request 650 textDocument/codeAction CodeActionParams(text_document=TextDocumentIdentifier(uri='file:///home/ardyop7/discord.py/main.py'), range=10:12-10:12, context=CodeActionContext(diagnostics=[], only=None, trigger_kind=<CodeActionTriggerKind.Automatic: 2>), work_done_token=None, partial_result_token=None)
Traceback (most recent call last):
  File "/google/devshell/editor/code-oss-for-cloud-shell/extensions/ms-python.python/python_files/lib/jedilsp/pygls/protocol.py", line 340, in _handle_request
    self._execute_request(msg_id, handler, params)
  File "/google/devshell/editor/code-oss-for-cloud-shell/extensions/ms-python.python/python_files/lib/jedilsp/pygls/protocol.py", line 264, in _execute_request
    self._send_response(msg_id, handler(params))
  File "/google/devshell/editor/code-oss-for-cloud-shell/extensions/ms-python.python/python_files/lib/jedilsp/jedi_language_server/server.py", line 580, in code_action
    extract_variable_refactoring = jedi_script.extract_variable(
  File "/google/devshell/editor/code-oss-for-cloud-shell/extensions/ms-python.python/python_files/lib/jedilsp/jedi/api/helpers.py", line 487, in wrapper
    return func(self, line, column, *args, **kwargs)
  File "/google/devshell/editor/code-oss-for-cloud-shell/extensions/ms-python.python/python_files/lib/jedilsp/jedi/api/__init__.py", line 628, in extract_variable
    return extract_variable(
  File "/google/devshell/editor/code-oss-for-cloud-shell/extensions/ms-python.python/python_files/lib/jedilsp/jedi/api/refactoring/extract.py", line 19, in extract_variable
    nodes = _find_nodes(module_node, pos, until_pos)
  File "/google/devshell/editor/code-oss-for-cloud-shell/extensions/ms-python.python/python_files/lib/jedilsp/jedi/api/refactoring/extract.py", line 87, in _find_nodes
    nodes = _remove_unwanted_expression_nodes(parent_node, pos, until_pos)
  File "/google/devshell/editor/code-oss-for-cloud-shell/extensions/ms-python.python/python_files/lib/jedilsp/jedi/api/refactoring/extract.py", line 196, in _remove_unwanted_expression_nodes
    nodes = nodes[start_index:end_index + 1]
UnboundLocalError: local variable 'end_index' referenced before assignment

2024-09-04 15:13:02.717 [info] [Error - 3:13:02 PM] Request textDocument/codeAction failed.
2024-09-04 15:13:02.717 [info]   Message: UnboundLocalError: local variable 'end_index' referenced before assignment
  Code: -32602 
{'traceback': ['  File "/google/devshell/editor/code-oss-for-cloud-shell/extensions/ms-python.python/python_files/lib/jedilsp/pygls/protocol.py", line 340, in _handle_request\n    self._execute_request(msg_id, handler, params)\n', '  File "/google/devshell/editor/code-oss-for-cloud-shell/extensions/ms-python.python/python_files/lib/jedilsp/pygls/protocol.py", line 264, in _execute_request\n    self._send_response(msg_id, handler(params))\n', '  File "/google/devshell/editor/code-oss-for-cloud-shell/extensions/ms-python.python/python_files/lib/jedilsp/jedi_language_server/server.py", line 580, in code_action\n    extract_variable_refactoring = jedi_script.extract_variable(\n', '  File "/google/devshell/editor/code-oss-for-cloud-shell/extensions/ms-python.python/python_files/lib/jedilsp/jedi/api/helpers.py", line 487, in wrapper\n    return func(self, line, column, *args, **kwargs)\n', '  File "/google/devshell/editor/code-oss-for-cloud-shell/extensions/ms-python.python/python_files/lib/jedilsp/jedi/api/__init__.py", line 628, in extract_variable\n    return extract_variable(\n', '  File "/google/devshell/editor/code-oss-for-cloud-shell/extensions/ms-python.python/python_files/lib/jedilsp/jedi/api/refactoring/extract.py", line 19, in extract_variable\n    nodes = _find_nodes(module_node, pos, until_pos)\n', '  File "/google/devshell/editor/code-oss-for-cloud-shell/extensions/ms-python.python/python_files/lib/jedilsp/jedi/api/refactoring/extract.py", line 87, in _find_nodes\n    nodes = _remove_unwanted_expression_nodes(parent_node, pos, until_pos)\n', '  File "/google/devshell/editor/code-oss-for-cloud-shell/extensions/ms-python.python/python_files/lib/jedilsp/jedi/api/refactoring/extract.py", line 196, in _remove_unwanted_expression_nodes\n    nodes = nodes[start_index:end_index + 1]\n']}
2024-09-04 15:13:02.983 [info] ERROR:pygls.protocol:Failed to handle request 651 textDocument/codeAction CodeActionParams(text_document=TextDocumentIdentifier(uri='file:///home/ardyop7/discord.py/main.py'), range=10:8-10:8, context=CodeActionContext(diagnostics=[], only=None, trigger_kind=<CodeActionTriggerKind.Automatic: 2>), work_done_token=None, partial_result_token=None)
Traceback (most recent call last):
  File "/google/devshell/editor/code-oss-for-cloud-shell/extensions/ms-python.python/python_files/lib/jedilsp/pygls/protocol.py", line 340, in _handle_request
    self._execute_request(msg_id, handler, params)
  File "/google/devshell/editor/code-oss-for-cloud-shell/extensions/ms-python.python/python_files/lib/jedilsp/pygls/protocol.py", line 264, in _execute_request
    self._send_response(msg_id, handler(params))
  File "/google/devshell/editor/code-oss-for-cloud-shell/extensions/ms-python.python/python_files/lib/jedilsp/jedi_language_server/server.py", line 580, in code_action
    extract_variable_refactoring = jedi_script.extract_variable(
  File "/google/devshell/editor/code-oss-for-cloud-shell/extensions/ms-python.python/python_files/lib/jedilsp/jedi/api/helpers.py", line 487, in wrapper
    return func(self, line, column, *args, **kwargs)
  File "/google/devshell/editor/code-oss-for-cloud-shell/extensions/ms-python.python/python_files/lib/jedilsp/jedi/api/__init__.py", line 628, in extract_variable
    return extract_variable(
  File "/google/devshell/editor/code-oss-for-cloud-shell/extensions/ms-python.python/python_files/lib/jedilsp/jedi/api/refactoring/extract.py", line 19, in extract_variable
    nodes = _find_nodes(module_node, pos, until_pos)
  File "/google/devshell/editor/code-oss-for-cloud-shell/extensions/ms-python.python/python_files/lib/jedilsp/jedi/api/refactoring/extract.py", line 87, in _find_nodes
    nodes = _remove_unwanted_expression_nodes(parent_node, pos, until_pos)
  File "/google/devshell/editor/code-oss-for-cloud-shell/extensions/ms-python.python/python_files/lib/jedilsp/jedi/api/refactoring/extract.py", line 196, in _remove_unwanted_expression_nodes
    nodes = nodes[start_index:end_index + 1]
UnboundLocalError: local variable 'end_index' referenced before assignment

2024-09-04 15:13:02.985 [info] [Error - 3:13:02 PM] Request textDocument/codeAction failed.
2024-09-04 15:13:02.985 [info]   Message: UnboundLocalError: local variable 'end_index' referenced before assignment
  Code: -32602 
{'traceback': ['  File "/google/devshell/editor/code-oss-for-cloud-shell/extensions/ms-python.python/python_files/lib/jedilsp/pygls/protocol.py", line 340, in _handle_request\n    self._execute_request(msg_id, handler, params)\n', '  File "/google/devshell/editor/code-oss-for-cloud-shell/extensions/ms-python.python/python_files/lib/jedilsp/pygls/protocol.py", line 264, in _execute_request\n    self._send_response(msg_id, handler(params))\n', '  File "/google/devshell/editor/code-oss-for-cloud-shell/extensions/ms-python.python/python_files/lib/jedilsp/jedi_language_server/server.py", line 580, in code_action\n    extract_variable_refactoring = jedi_script.extract_variable(\n', '  File "/google/devshell/editor/code-oss-for-cloud-shell/extensions/ms-python.python/python_files/lib/jedilsp/jedi/api/helpers.py", line 487, in wrapper\n    return func(self, line, column, *args, **kwargs)\n', '  File "/google/devshell/editor/code-oss-for-cloud-shell/extensions/ms-python.python/python_files/lib/jedilsp/jedi/api/__init__.py", line 628, in extract_variable\n    return extract_variable(\n', '  File "/google/devshell/editor/code-oss-for-cloud-shell/extensions/ms-python.python/python_files/lib/jedilsp/jedi/api/refactoring/extract.py", line 19, in extract_variable\n    nodes = _find_nodes(module_node, pos, until_pos)\n', '  File "/google/devshell/editor/code-oss-for-cloud-shell/extensions/ms-python.python/python_files/lib/jedilsp/jedi/api/refactoring/extract.py", line 87, in _find_nodes\n    nodes = _remove_unwanted_expression_nodes(parent_node, pos, until_pos)\n', '  File "/google/devshell/editor/code-oss-for-cloud-shell/extensions/ms-python.python/python_files/lib/jedilsp/jedi/api/refactoring/extract.py", line 196, in _remove_unwanted_expression_nodes\n    nodes = nodes[start_index:end_index + 1]\n']}
2024-09-04 15:13:15.491 [info] WARNING:pygls.protocol:Cancel notification for unknown message id "678"

2024-09-04 15:13:18.770 [info] WARNING:pygls.protocol:Cancel notification for unknown message id "685"

2024-09-04 15:13:19.265 [info] WARNING:pygls.protocol:Cancel notification for unknown message id "687"

2024-09-04 15:13:29.744 [info] WARNING:pygls.protocol:Cancel notification for unknown message id "717"

2024-09-04 15:14:29.432 [info] WARNING:pygls.protocol:Cancel notification for unknown message id "737"

2024-09-04 15:14:29.434 [info] WARNING:pygls.protocol:Cancel notification for unknown message id "738"

2024-09-04 15:14:32.103 [info] WARNING:pygls.protocol:Cancel notification for unknown message id "748"

2024-09-04 15:14:32.535 [info] WARNING:pygls.protocol:Cancel notification for unknown message id "751"

2024-09-04 15:14:32.557 [info] WARNING:pygls.protocol:Cancel notification for unknown message id "753"

2024-09-04 15:14:44.866 [info] WARNING:pygls.protocol:Cancel notification for unknown message id "789"

2024-09-04 15:14:44.984 [info] WARNING:pygls.protocol:Cancel notification for unknown message id "790"

2024-09-04 15:14:54.073 [info] WARNING:pygls.protocol:Cancel notification for unknown message id "802"

2024-09-04 15:15:02.886 [info] WARNING:pygls.protocol:Cancel notification for unknown message id "805"

2024-09-04 15:15:02.889 [info] WARNING:pygls.protocol:Cancel notification for unknown message id "806"

2024-09-04 15:15:03.115 [info] WARNING:pygls.protocol:Cancel notification for unknown message id "807"

2024-09-04 15:15:03.119 [info] WARNING:pygls.protocol:Cancel notification for unknown message id "808"

2024-09-04 15:15:03.121 [info] WARNING:pygls.protocol:Cancel notification for unknown message id "812"

2024-09-04 15:15:03.122 [info] WARNING:pygls.protocol:Cancel notification for unknown message id "809"

2024-09-04 15:15:03.123 [info] WARNING:pygls.protocol:Cancel notification for unknown message id "810"

2024-09-04 15:15:03.350 [info] WARNING:pygls.protocol:Cancel notification for unknown message id "811"

2024-09-04 15:15:03.361 [info] WARNING:pygls.protocol:Cancel notification for unknown message id "816"

2024-09-04 15:15:03.367 [info] WARNING:pygls.protocol:Cancel notification for unknown message id "813"

2024-09-04 15:15:03.595 [info] WARNING:pygls.protocol:Cancel notification for unknown message id "819"

2024-09-04 15:15:03.603 [info] WARNING:pygls.protocol:Cancel notification for unknown message id "820"

2024-09-04 15:15:03.610 [info] WARNING:pygls.protocol:Cancel notification for unknown message id "821"

2024-09-04 15:15:03.618 [info] WARNING:pygls.protocol:Cancel notification for unknown message id "822"

2024-09-04 15:15:04.958 [info] WARNING:pygls.protocol:Cancel notification for unknown message id "824"

2024-09-04 15:15:04.977 [info] WARNING:pygls.protocol:Cancel notification for unknown message id "825"

2024-09-04 15:15:06.102 [info] WARNING:pygls.protocol:Cancel notification for unknown message id "832"

2024-09-04 15:16:30.273 [info] WARNING:pygls.protocol:Cancel notification for unknown message id "917"

2024-09-04 15:16:41.766 [info] WARNING:pygls.protocol:Cancel notification for unknown message id "949"

2024-09-04 15:16:42.220 [info] WARNING:pygls.protocol:Cancel notification for unknown message id "950"

2024-09-04 15:17:40.647 [info] WARNING:pygls.protocol:Cancel notification for unknown message id "971"

2024-09-04 15:17:40.656 [info] WARNING:pygls.protocol:Cancel notification for unknown message id "973"

2024-09-04 15:18:47.306 [info] WARNING:pygls.protocol:Cancel notification for unknown message id "998"

2024-09-04 15:18:47.308 [info] WARNING:pygls.protocol:Cancel notification for unknown message id "1000"

2024-09-04 15:18:47.319 [info] WARNING:pygls.protocol:Cancel notification for unknown message id "1002"

2024-09-04 15:18:47.328 [info] WARNING:pygls.protocol:Cancel notification for unknown message id "1004"

2024-09-04 15:18:47.328 [info] WARNING:pygls.protocol:Cancel notification for unknown message id "1001"

2024-09-04 15:18:47.337 [info] WARNING:pygls.protocol:Cancel notification for unknown message id "1006"

2024-09-04 15:18:47.343 [info] WARNING:pygls.protocol:Cancel notification for unknown message id "1007"

2024-09-04 15:18:47.345 [info] WARNING:pygls.protocol:Cancel notification for unknown message id "1005"

2024-09-04 15:18:47.352 [info] WARNING:pygls.protocol:Cancel notification for unknown message id "1008"

2024-09-04 15:23:29.780 [info] WARNING:pygls.protocol:Cancel notification for unknown message id "1086"

2024-09-04 15:23:31.396 [info] WARNING:pygls.protocol:Cancel notification for unknown message id "1091"

2024-09-04 15:23:31.666 [info] WARNING:pygls.protocol:Cancel notification for unknown message id "1092"

2024-09-04 15:23:33.181 [info] WARNING:pygls.protocol:Cancel notification for unknown message id "1094"

2024-09-04 15:23:33.187 [info] WARNING:pygls.protocol:Cancel notification for unknown message id "1095"

2024-09-04 15:23:33.512 [info] WARNING:pygls.protocol:Cancel notification for unknown message id "1096"

2024-09-04 15:23:33.512 [info] WARNING:pygls.protocol:Cancel notification for unknown message id "1098"

2024-09-04 15:23:33.916 [info] WARNING:pygls.protocol:Cancel notification for unknown message id "1099"

2024-09-04 15:23:34.637 [info] WARNING:pygls.protocol:Cancel notification for unknown message id "1103"

2024-09-04 15:23:49.357 [info] WARNING:pygls.protocol:Cancel notification for unknown message id "1123"

2024-09-04 15:23:49.360 [info] WARNING:pygls.protocol:Cancel notification for unknown message id "1124"

2024-09-04 15:23:49.361 [info] WARNING:pygls.protocol:Cancel notification for unknown message id "1126"

2024-09-04 15:23:49.365 [info] WARNING:pygls.protocol:Cancel notification for unknown message id "1127"

2024-09-04 15:23:49.626 [info] WARNING:pygls.protocol:Cancel notification for unknown message id "1125"

2024-09-04 15:23:49.630 [info] WARNING:pygls.protocol:Cancel notification for unknown message id "1129"

2024-09-04 15:23:49.871 [info] WARNING:pygls.protocol:Cancel notification for unknown message id "1132"

2024-09-04 15:23:49.872 [info] WARNING:pygls.protocol:Cancel notification for unknown message id "1128"

2024-09-04 15:23:49.873 [info] WARNING:pygls.protocol:Cancel notification for unknown message id "1130"

2024-09-04 15:23:49.891 [info] WARNING:pygls.protocol:Cancel notification for unknown message id "1131"

2024-09-04 15:23:49.900 [info] WARNING:pygls.protocol:Cancel notification for unknown message id "1134"

2024-09-04 15:23:49.916 [info] WARNING:pygls.protocol:Cancel notification for unknown message id "1136"

2024-09-04 15:23:49.917 [info] WARNING:pygls.protocol:Cancel notification for unknown message id "1133"

2024-09-04 15:23:49.934 [info] WARNING:pygls.protocol:Cancel notification for unknown message id "1135"

2024-09-04 15:23:49.938 [info] WARNING:pygls.protocol:Cancel notification for unknown message id "1139"

2024-09-04 15:23:49.940 [info] WARNING:pygls.protocol:Cancel notification for unknown message id "1140"

2024-09-04 15:23:49.941 [info] WARNING:pygls.protocol:Cancel notification for unknown message id "1138"

2024-09-04 15:23:49.958 [info] WARNING:pygls.protocol:Cancel notification for unknown message id "1141"

2024-09-04 15:23:49.962 [info] WARNING:pygls.protocol:Cancel notification for unknown message id "1143"

2024-09-04 15:23:49.963 [info] WARNING:pygls.protocol:Cancel notification for unknown message id "1144"

2024-09-04 15:23:49.964 [info] WARNING:pygls.protocol:Cancel notification for unknown message id "1142"

2024-09-04 15:23:49.974 [info] WARNING:pygls.protocol:Cancel notification for unknown message id "1146"

2024-09-04 15:23:49.986 [info] WARNING:pygls.protocol:Cancel notification for unknown message id "1147"

2024-09-04 15:23:50.004 [info] WARNING:pygls.protocol:Cancel notification for unknown message id "1145"

2024-09-04 15:23:50.009 [info] WARNING:pygls.protocol:Cancel notification for unknown message id "1148"

2024-09-04 15:23:50.010 [info] WARNING:pygls.protocol:Cancel notification for unknown message id "1137"

2024-09-04 15:24:16.777 [info] WARNING:pygls.protocol:Cancel notification for unknown message id "1176"

2024-09-04 15:24:17.475 [info] WARNING:pygls.protocol:Cancel notification for unknown message id "1177"

2024-09-04 15:24:17.480 [info] WARNING:pygls.protocol:Cancel notification for unknown message id "1178"

2024-09-04 15:24:17.795 [info] WARNING:pygls.protocol:Cancel notification for unknown message id "1179"

2024-09-04 15:24:18.678 [info] WARNING:pygls.protocol:Cancel notification for unknown message id "1182"

2024-09-04 15:24:18.687 [info] ERROR:pygls.protocol:Failed to handle request 1183 textDocument/definition DefinitionParams(text_document=TextDocumentIdentifier(uri='file:///home/ardyop7/discord.py/main.py'), position=13:44, work_done_token=None, partial_result_token=None)
Traceback (most recent call last):
  File "/google/devshell/editor/code-oss-for-cloud-shell/extensions/ms-python.python/python_files/lib/jedilsp/pygls/protocol.py", line 340, in _handle_request
    self._execute_request(msg_id, handler, params)
  File "/google/devshell/editor/code-oss-for-cloud-shell/extensions/ms-python.python/python_files/lib/jedilsp/pygls/protocol.py", line 264, in _execute_request
    self._send_response(msg_id, handler(params))
  File "/google/devshell/editor/code-oss-for-cloud-shell/extensions/ms-python.python/python_files/lib/jedilsp/jedi_language_server/server.py", line 316, in definition
    names = jedi_script.goto(
  File "/google/devshell/editor/code-oss-for-cloud-shell/extensions/ms-python.python/python_files/lib/jedilsp/jedi/api/helpers.py", line 484, in wrapper
    raise ValueError('`column` parameter (%d) is not in a valid range '
ValueError: `column` parameter (44) is not in a valid range (0-32) for line 14 ("client.run('my token goes here')\n").

2024-09-04 15:24:18.688 [info] [Error - 3:24:18 PM] Request textDocument/definition failed.
2024-09-04 15:24:18.688 [info]   Message: ValueError: `column` parameter (44) is not in a valid range (0-32) for line 14 ("client.run('my token goes here')\n").
  Code: -32602 
{'traceback': ['  File "/google/devshell/editor/code-oss-for-cloud-shell/extensions/ms-python.python/python_files/lib/jedilsp/pygls/protocol.py", line 340, in _handle_request\n    self._execute_request(msg_id, handler, params)\n', '  File "/google/devshell/editor/code-oss-for-cloud-shell/extensions/ms-python.python/python_files/lib/jedilsp/pygls/protocol.py", line 264, in _execute_request\n    self._send_response(msg_id, handler(params))\n', '  File "/google/devshell/editor/code-oss-for-cloud-shell/extensions/ms-python.python/python_files/lib/jedilsp/jedi_language_server/server.py", line 316, in definition\n    names = jedi_script.goto(\n', '  File "/google/devshell/editor/code-oss-for-cloud-shell/extensions/ms-python.python/python_files/lib/jedilsp/jedi/api/helpers.py", line 484, in wrapper\n    raise ValueError(\'`column` parameter (%d) is not in a valid range \'\n']}
2024-09-04 15:24:53.628 [info] WARNING:pygls.protocol:Cancel notification for unknown message id "1224"

2024-09-04 15:26:04.955 [info] WARNING:pygls.protocol:Cancel notification for unknown message id "1263"

2024-09-04 15:26:21.235 [info] WARNING:pygls.protocol:Cancel notification for unknown message id "1281"

2024-09-04 15:26:21.241 [info] WARNING:pygls.protocol:Cancel notification for unknown message id "1282"

2024-09-04 15:26:21.496 [info] WARNING:pygls.protocol:Cancel notification for unknown message id "1284"

2024-09-04 15:26:21.735 [info] WARNING:pygls.protocol:Cancel notification for unknown message id "1287"

2024-09-04 15:26:21.737 [info] WARNING:pygls.protocol:Cancel notification for unknown message id "1285"

2024-09-04 15:26:21.746 [info] WARNING:pygls.protocol:Cancel notification for unknown message id "1286"

2024-09-04 15:26:21.754 [info] WARNING:pygls.protocol:Cancel notification for unknown message id "1288"

2024-09-04 15:26:21.767 [info] WARNING:pygls.protocol:Cancel notification for unknown message id "1289"

2024-09-04 15:26:21.773 [info] WARNING:pygls.protocol:Cancel notification for unknown message id "1292"

2024-09-04 15:26:21.778 [info] WARNING:pygls.protocol:Cancel notification for unknown message id "1293"

2024-09-04 15:26:21.781 [info] WARNING:pygls.protocol:Cancel notification for unknown message id "1294"

2024-09-04 15:26:21.793 [info] WARNING:pygls.protocol:Cancel notification for unknown message id "1295"

2024-09-04 15:26:21.795 [info] WARNING:pygls.protocol:Cancel notification for unknown message id "1291"

2024-09-04 15:26:21.796 [info] WARNING:pygls.protocol:Cancel notification for unknown message id "1296"

2024-09-04 15:26:21.806 [info] WARNING:pygls.protocol:Cancel notification for unknown message id "1290"

2024-09-04 15:26:21.814 [info] WARNING:pygls.protocol:Cancel notification for unknown message id "1297"

2024-09-04 15:26:21.818 [info] WARNING:pygls.protocol:Cancel notification for unknown message id "1302"

2024-09-04 15:26:21.822 [info] WARNING:pygls.protocol:Cancel notification for unknown message id "1303"

2024-09-04 15:26:21.825 [info] WARNING:pygls.protocol:Cancel notification for unknown message id "1304"

2024-09-04 15:26:21.830 [info] WARNING:pygls.protocol:Cancel notification for unknown message id "1298"

2024-09-04 15:26:21.835 [info] WARNING:pygls.protocol:Cancel notification for unknown message id "1305"

2024-09-04 15:26:21.840 [info] WARNING:pygls.protocol:Cancel notification for unknown message id "1306"

2024-09-04 15:26:21.843 [info] WARNING:pygls.protocol:Cancel notification for unknown message id "1301"

2024-09-04 15:26:21.844 [info] WARNING:pygls.protocol:Cancel notification for unknown message id "1307"

2024-09-04 15:26:21.848 [info] WARNING:pygls.protocol:Cancel notification for unknown message id "1308"

2024-09-04 15:26:21.851 [info] WARNING:pygls.protocol:Cancel notification for unknown message id "1310"

2024-09-04 15:26:21.853 [info] WARNING:pygls.protocol:Cancel notification for unknown message id "1300"

2024-09-04 15:26:21.854 [info] WARNING:pygls.protocol:Cancel notification for unknown message id "1309"

2024-09-04 15:26:21.876 [info] WARNING:pygls.protocol:Cancel notification for unknown message id "1299"

2024-09-04 15:26:21.880 [info] WARNING:pygls.protocol:Cancel notification for unknown message id "1311"

2024-09-04 15:26:21.881 [info] WARNING:pygls.protocol:Cancel notification for unknown message id "1283"

2024-09-04 15:26:21.886 [info] WARNING:pygls.protocol:Cancel notification for unknown message id "1312"

2024-09-04 15:26:21.931 [info] WARNING:pygls.protocol:Cancel notification for unknown message id "1316"

2024-09-04 15:26:21.932 [info] WARNING:pygls.protocol:Cancel notification for unknown message id "1315"

2024-09-04 15:26:21.934 [info] WARNING:pygls.protocol:Cancel notification for unknown message id "1313"

2024-09-04 15:28:11.372 [info] WARNING:pygls.protocol:Cancel notification for unknown message id "1358"

2024-09-04 15:28:12.468 [info] WARNING:pygls.protocol:Cancel notification for unknown message id "1363"

2024-09-04 15:28:14.706 [info] WARNING:pygls.protocol:Cancel notification for unknown message id "1373"

2024-09-04 15:28:17.045 [info] WARNING:pygls.protocol:Cancel notification for unknown message id "1379"

2024-09-04 15:28:17.051 [info] WARNING:pygls.protocol:Cancel notification for unknown message id "1380"

2024-09-04 15:28:57.207 [info] WARNING:pygls.protocol:Cancel notification for unknown message id "1415"

2024-09-04 15:28:57.225 [info] WARNING:pygls.protocol:Cancel notification for unknown message id "1417"

2024-09-04 15:28:57.574 [info] WARNING:pygls.protocol:Cancel notification for unknown message id "1419"

2024-09-04 15:28:57.597 [info] WARNING:pygls.protocol:Cancel notification for unknown message id "1421"

2024-09-04 15:28:58.189 [info] WARNING:pygls.protocol:Cancel notification for unknown message id "1423"

2024-09-04 15:28:58.214 [info] WARNING:pygls.protocol:Cancel notification for unknown message id "1425"

2024-09-04 15:28:59.598 [info] WARNING:pygls.protocol:Cancel notification for unknown message id "1430"

2024-09-04 15:28:59.605 [info] WARNING:pygls.protocol:Cancel notification for unknown message id "1431"

2024-09-04 15:30:29.859 [info] WARNING:pygls.protocol:Cancel notification for unknown message id "1504"

2024-09-04 15:30:37.781 [info] WARNING:pygls.protocol:Cancel notification for unknown message id "1510"

2024-09-04 15:30:38.053 [info] WARNING:pygls.protocol:Cancel notification for unknown message id "1512"

2024-09-04 15:30:38.055 [info] WARNING:pygls.protocol:Cancel notification for unknown message id "1514"

2024-09-04 15:30:38.687 [info] WARNING:pygls.protocol:Cancel notification for unknown message id "1515"

2024-09-04 15:30:39.002 [info] WARNING:pygls.protocol:Cancel notification for unknown message id "1516"

2024-09-04 15:30:39.011 [info] WARNING:pygls.protocol:Cancel notification for unknown message id "1517"

2024-09-04 15:30:44.901 [info] WARNING:pygls.protocol:Cancel notification for unknown message id "1532"

2024-09-04 15:30:44.907 [info] WARNING:pygls.protocol:Cancel notification for unknown message id "1533"

2024-09-04 15:31:17.888 [info] WARNING:pygls.protocol:Cancel notification for unknown message id "1584"

2024-09-04 15:31:17.894 [info] WARNING:pygls.protocol:Cancel notification for unknown message id "1586"

2024-09-04 15:31:19.914 [info] WARNING:pygls.protocol:Cancel notification for unknown message id "1593"

2024-09-04 15:31:20.665 [info] WARNING:pygls.protocol:Cancel notification for unknown message id "1596"

2024-09-04 15:31:21.808 [info] WARNING:pygls.protocol:Cancel notification for unknown message id "1601"

2024-09-04 15:31:22.080 [info] WARNING:pygls.protocol:Cancel notification for unknown message id "1603"

2024-09-04 15:31:22.083 [info] WARNING:pygls.protocol:Cancel notification for unknown message id "1605"

2024-09-04 15:31:23.094 [info] WARNING:pygls.protocol:Cancel notification for unknown message id "1610"

2024-09-04 15:31:30.310 [info] WARNING:pygls.protocol:Cancel notification for unknown message id "1619"

2024-09-04 15:31:30.591 [info] WARNING:pygls.protocol:Cancel notification for unknown message id "1620"

2024-09-04 15:31:30.846 [info] WARNING:pygls.protocol:Cancel notification for unknown message id "1621"

2024-09-04 15:31:30.852 [info] WARNING:pygls.protocol:Cancel notification for unknown message id "1622"

2024-09-04 15:31:38.441 [info] WARNING:pygls.protocol:Cancel notification for unknown message id "1649"

2024-09-04 15:31:38.668 [info] WARNING:pygls.protocol:Cancel notification for unknown message id "1650"

2024-09-04 15:31:38.676 [info] WARNING:pygls.protocol:Cancel notification for unknown message id "1651"

2024-09-04 15:31:56.660 [info] WARNING:pygls.protocol:Cancel notification for unknown message id "1687"

2024-09-04 15:31:56.914 [info] WARNING:pygls.protocol:Cancel notification for unknown message id "1689"

2024-09-04 15:31:56.915 [info] WARNING:pygls.protocol:Cancel notification for unknown message id "1688"

2024-09-04 15:31:56.918 [info] WARNING:pygls.protocol:Cancel notification for unknown message id "1690"

2024-09-04 15:31:57.240 [info] WARNING:pygls.protocol:Cancel notification for unknown message id "1691"

2024-09-04 15:31:57.251 [info] WARNING:pygls.protocol:Cancel notification for unknown message id "1693"

2024-09-04 15:31:57.252 [info] WARNING:pygls.protocol:Cancel notification for unknown message id "1692"

2024-09-04 15:31:57.255 [info] WARNING:pygls.protocol:Cancel notification for unknown message id "1694"

2024-09-04 15:31:57.256 [info] WARNING:pygls.protocol:Cancel notification for unknown message id "1696"

2024-09-04 15:31:57.500 [info] WARNING:pygls.protocol:Cancel notification for unknown message id "1695"

2024-09-04 15:31:57.527 [info] WARNING:pygls.protocol:Cancel notification for unknown message id "1701"

2024-09-04 15:31:57.531 [info] WARNING:pygls.protocol:Cancel notification for unknown message id "1697"

2024-09-04 15:31:57.532 [info] WARNING:pygls.protocol:Cancel notification for unknown message id "1702"

2024-09-04 15:31:57.538 [info] WARNING:pygls.protocol:Cancel notification for unknown message id "1698"

2024-09-04 15:31:57.773 [info] WARNING:pygls.protocol:Cancel notification for unknown message id "1703"

2024-09-04 15:31:57.774 [info] WARNING:pygls.protocol:Cancel notification for unknown message id "1704"

2024-09-04 15:31:57.784 [info] WARNING:pygls.protocol:Cancel notification for unknown message id "1705"

2024-09-04 15:31:57.786 [info] WARNING:pygls.protocol:Cancel notification for unknown message id "1699"

2024-09-04 15:31:58.056 [info] WARNING:pygls.protocol:Cancel notification for unknown message id "1700"

2024-09-04 15:32:54.137 [info] WARNING:pygls.protocol:Cancel notification for unknown message id "1710"

2024-09-04 15:33:01.716 [info] WARNING:pygls.protocol:Cancel notification for unknown message id "1717"

2024-09-04 15:33:05.264 [info] WARNING:pygls.protocol:Cancel notification for unknown message id "1728"

2024-09-04 15:33:05.464 [info] WARNING:pygls.protocol:Cancel notification for unknown message id "1730"

2024-09-04 15:33:05.914 [info] WARNING:pygls.protocol:Cancel notification for unknown message id "1731"

2024-09-04 15:33:05.928 [info] WARNING:pygls.protocol:Cancel notification for unknown message id "1732"

2024-09-04 15:33:07.106 [info] WARNING:pygls.protocol:Cancel notification for unknown message id "1733"

2024-09-04 15:33:07.121 [info] WARNING:pygls.protocol:Cancel notification for unknown message id "1734"

2024-09-04 15:33:07.319 [info] WARNING:pygls.protocol:Cancel notification for unknown message id "1735"

2024-09-04 15:33:07.700 [info] WARNING:pygls.protocol:Cancel notification for unknown message id "1738"

2024-09-04 15:33:07.701 [info] WARNING:pygls.protocol:Cancel notification for unknown message id "1736"

2024-09-04 15:33:07.703 [info] WARNING:pygls.protocol:Cancel notification for unknown message id "1737"

2024-09-04 15:33:19.226 [info] WARNING:pygls.protocol:Cancel notification for unknown message id "1768"

2024-09-04 15:33:36.111 [info] WARNING:pygls.protocol:Cancel notification for unknown message id "1793"

2024-09-04 15:33:36.347 [info] WARNING:pygls.protocol:Cancel notification for unknown message id "1794"

2024-09-04 15:33:36.661 [info] WARNING:pygls.protocol:Cancel notification for unknown message id "1796"

2024-09-04 15:33:44.729 [info] WARNING:pygls.protocol:Cancel notification for unknown message id "1812"

2024-09-04 15:34:08.123 [info] WARNING:pygls.protocol:Cancel notification for unknown message id "1846"

2024-09-04 15:34:08.129 [info] WARNING:pygls.protocol:Cancel notification for unknown message id "1847"

2024-09-04 15:34:11.628 [info] WARNING:pygls.protocol:Cancel notification for unknown message id "1855"

2024-09-04 15:34:11.808 [info] WARNING:pygls.protocol:Cancel notification for unknown message id "1857"

2024-09-04 15:34:13.060 [info] WARNING:pygls.protocol:Cancel notification for unknown message id "1861"

2024-09-04 15:34:13.062 [info] WARNING:pygls.protocol:Cancel notification for unknown message id "1862"

2024-09-04 15:34:14.018 [info] WARNING:pygls.protocol:Cancel notification for unknown message id "1864"

2024-09-04 15:34:18.504 [info] WARNING:pygls.protocol:Cancel notification for unknown message id "1866"

2024-09-04 15:34:18.510 [info] WARNING:pygls.protocol:Cancel notification for unknown message id "1867"

2024-09-04 15:34:18.694 [info] WARNING:pygls.protocol:Cancel notification for unknown message id "1868"

2024-09-04 15:34:18.703 [info] WARNING:pygls.protocol:Cancel notification for unknown message id "1870"

2024-09-04 15:34:18.886 [info] WARNING:pygls.protocol:Cancel notification for unknown message id "1871"

2024-09-04 15:34:18.887 [info] WARNING:pygls.protocol:Cancel notification for unknown message id "1869"

2024-09-04 15:34:19.080 [info] WARNING:pygls.protocol:Cancel notification for unknown message id "1872"

2024-09-04 15:34:19.089 [info] WARNING:pygls.protocol:Cancel notification for unknown message id "1875"

2024-09-04 15:34:19.091 [info] WARNING:pygls.protocol:Cancel notification for unknown message id "1876"

2024-09-04 15:34:19.092 [info] WARNING:pygls.protocol:Cancel notification for unknown message id "1874"

2024-09-04 15:34:19.358 [info] WARNING:pygls.protocol:Cancel notification for unknown message id "1877"

2024-09-04 15:34:19.368 [info] WARNING:pygls.protocol:Cancel notification for unknown message id "1878"

2024-09-04 15:34:19.549 [info] WARNING:pygls.protocol:Cancel notification for unknown message id "1882"

2024-09-04 15:34:19.551 [info] WARNING:pygls.protocol:Cancel notification for unknown message id "1879"

2024-09-04 15:34:19.556 [info] WARNING:pygls.protocol:Cancel notification for unknown message id "1884"

2024-09-04 15:34:19.557 [info] WARNING:pygls.protocol:Cancel notification for unknown message id "1880"

2024-09-04 15:34:19.558 [info] WARNING:pygls.protocol:Cancel notification for unknown message id "1883"

2024-09-04 15:34:19.561 [info] WARNING:pygls.protocol:Cancel notification for unknown message id "1873"

2024-09-04 15:34:19.563 [info] WARNING:pygls.protocol:Cancel notification for unknown message id "1885"

2024-09-04 15:34:19.579 [info] WARNING:pygls.protocol:Cancel notification for unknown message id "1881"

2024-09-04 15:34:20.590 [info] Exception in thread Thread-1267:
Traceback (most recent call last):
  File "/google/devshell/editor/code-oss-for-cloud-shell/extensions/ms-python.python/python_files/lib/jedilsp/jedi_language_server/jedi_utils.py", line 299, in lsp_python_diagnostic

2024-09-04 15:34:20.590 [info]     compile(source, uri, "exec", PyCF_ONLY_AST)
  File "file:///home/ardyop7/discord.py/main.py", line 16
    intents = discord.Intents.default()
IndentationError: expected an indented block after 'if' statement on line 13

2024-09-04 15:34:20.590 [info] 
During handling of the above exception, another exception occurred:


2024-09-04 15:34:20.591 [info] Traceback (most recent call last):

2024-09-04 15:34:20.591 [info]   File "/usr/lib/python3.10/threading.py", line 1016, in _bootstrap_inner

2024-09-04 15:34:20.593 [info]     self.run()
  File "/usr/lib/python3.10/threading.py", line 1378, in run

2024-09-04 15:34:20.593 [info]     self.function(*self.args, **self.kwargs)
  File "/google/devshell/editor/code-oss-for-cloud-shell/extensions/ms-python.python/python_files/lib/jedilsp/jedi_language_server/jedi_utils.py", line 71, in run

2024-09-04 15:34:20.593 [info]     return func(*args, **kwargs)
  File "/google/devshell/editor/code-oss-for-cloud-shell/extensions/ms-python.python/python_files/lib/jedilsp/jedi_language_server/server.py", line 653, in _publish_diagnostics
    diagnostic = jedi_utils.lsp_python_diagnostic(uri, doc.source)

2024-09-04 15:34:20.594 [info]   File "/google/devshell/editor/code-oss-for-cloud-shell/extensions/ms-python.python/python_files/lib/jedilsp/jedi_language_server/jedi_utils.py", line 320, in lsp_python_diagnostic
    end=Position(line=until_line, character=until_column),
  File "<attrs generated init lsprotocol.types.Position>", line 7, in __init__

2024-09-04 15:34:20.594 [info]   File "/google/devshell/editor/code-oss-for-cloud-shell/extensions/ms-python.python/python_files/lib/jedilsp/lsprotocol/validators.py", line 44, in uinteger_validator
    raise ValueError(
ValueError: Position.character should be in range [0:2147483647], but was -1.

2024-09-04 15:35:23.310 [info] WARNING:pygls.protocol:Cancel notification for unknown message id "1895"

2024-09-04 15:35:26.141 [info] WARNING:pygls.protocol:Cancel notification for unknown message id "1904"

2024-09-04 15:35:26.334 [info] WARNING:pygls.protocol:Cancel notification for unknown message id "1906"

2024-09-04 15:35:26.780 [info] WARNING:pygls.protocol:Cancel notification for unknown message id "1907"

2024-09-04 15:35:26.781 [info] WARNING:pygls.protocol:Cancel notification for unknown message id "1908"

2024-09-04 15:35:43.344 [info] WARNING:pygls.protocol:Cancel notification for unknown message id "1941"

2024-09-04 15:36:01.245 [info] WARNING:pygls.protocol:Cancel notification for unknown message id "1980"

2024-09-04 15:37:00.598 [info] WARNING:pygls.protocol:Cancel notification for unknown message id "1990"

2024-09-04 15:37:34.298 [info] WARNING:pygls.protocol:Cancel notification for unknown message id "2004"

2024-09-04 15:37:50.730 [info] WARNING:pygls.protocol:Cancel notification for unknown message id "2012"

2024-09-04 15:38:01.112 [info] WARNING:pygls.protocol:Cancel notification for unknown message id "2038"

2024-09-04 15:38:06.219 [info] WARNING:pygls.protocol:Cancel notification for unknown message id "2049"

2024-09-04 15:38:08.762 [info] WARNING:pygls.protocol:Cancel notification for unknown message id "2052"

2024-09-04 15:38:08.788 [info] WARNING:pygls.protocol:Cancel notification for unknown message id "2053"

2024-09-04 15:38:08.809 [info] WARNING:pygls.protocol:Cancel notification for unknown message id "2054"

2024-09-04 15:38:08.813 [info] WARNING:pygls.protocol:Cancel notification for unknown message id "2056"

2024-09-04 15:38:08.835 [info] WARNING:pygls.protocol:Cancel notification for unknown message id "2055"

2024-09-04 15:38:09.768 [info] WARNING:pygls.protocol:Cancel notification for unknown message id "2064"

2024-09-04 15:38:09.782 [info] WARNING:pygls.protocol:Cancel notification for unknown message id "2065"

2024-09-04 15:39:18.586 [info] WARNING:pygls.protocol:Cancel notification for unknown message id "2088"

2024-09-04 15:39:25.188 [info] WARNING:pygls.protocol:Cancel notification for unknown message id "2098"

2024-09-04 15:45:59.118 [info] WARNING:pygls.protocol:Cancel notification for unknown message id "2179"

2024-09-04 15:45:59.391 [info] WARNING:pygls.protocol:Cancel notification for unknown message id "2180"

2024-09-04 15:45:59.393 [info] WARNING:pygls.protocol:Cancel notification for unknown message id "2181"

2024-09-04 15:46:04.089 [info] WARNING:pygls.protocol:Cancel notification for unknown message id "2199"

2024-09-04 15:46:04.090 [info] WARNING:pygls.protocol:Cancel notification for unknown message id "2200"

2024-09-04 15:46:05.471 [info] WARNING:pygls.protocol:Cancel notification for unknown message id "2207"

2024-09-04 15:46:05.477 [info] WARNING:pygls.protocol:Cancel notification for unknown message id "2209"

2024-09-04 15:46:06.660 [info] WARNING:pygls.protocol:Cancel notification for unknown message id "2216"

2024-09-04 15:46:06.661 [info] WARNING:pygls.protocol:Cancel notification for unknown message id "2218"

2024-09-04 15:46:24.495 [info] WARNING:pygls.protocol:Cancel notification for unknown message id "2260"

2024-09-04 15:46:24.934 [info] WARNING:pygls.protocol:Cancel notification for unknown message id "2261"

2024-09-04 15:46:27.776 [info] WARNING:pygls.protocol:Cancel notification for unknown message id "2271"

2024-09-04 15:46:29.847 [info] WARNING:pygls.protocol:Cancel notification for unknown message id "2283"

2024-09-04 15:46:30.129 [info] WARNING:pygls.protocol:Cancel notification for unknown message id "2284"

2024-09-04 15:46:30.135 [info] WARNING:pygls.protocol:Cancel notification for unknown message id "2285"

2024-09-04 15:46:45.533 [info] WARNING:pygls.protocol:Cancel notification for unknown message id "2316"

2024-09-04 15:46:45.814 [info] WARNING:pygls.protocol:Cancel notification for unknown message id "2317"

2024-09-04 15:46:45.838 [info] WARNING:pygls.protocol:Cancel notification for unknown message id "2319"

2024-09-04 15:46:46.170 [info] WARNING:pygls.protocol:Cancel notification for unknown message id "2320"

2024-09-04 15:46:46.544 [info] WARNING:pygls.protocol:Cancel notification for unknown message id "2322"

2024-09-04 15:46:49.419 [info] WARNING:pygls.protocol:Cancel notification for unknown message id "2339"

2024-09-04 15:46:49.712 [info] WARNING:pygls.protocol:Cancel notification for unknown message id "2340"

2024-09-04 15:47:09.654 [info] WARNING:pygls.protocol:Cancel notification for unknown message id "2370"

2024-09-04 15:47:09.656 [info] WARNING:pygls.protocol:Cancel notification for unknown message id "2372"

2024-09-04 15:47:10.335 [info] WARNING:pygls.protocol:Cancel notification for unknown message id "2375"

2024-09-04 15:47:11.907 [info] WARNING:pygls.protocol:Cancel notification for unknown message id "2382"

2024-09-04 15:47:11.913 [info] WARNING:pygls.protocol:Cancel notification for unknown message id "2384"

2024-09-04 15:47:13.057 [info] WARNING:pygls.protocol:Cancel notification for unknown message id "2389"

2024-09-04 15:47:13.059 [info] WARNING:pygls.protocol:Cancel notification for unknown message id "2391"

2024-09-04 15:47:34.329 [info] WARNING:pygls.protocol:Cancel notification for unknown message id "2455"

2024-09-04 15:47:34.336 [info] WARNING:pygls.protocol:Cancel notification for unknown message id "2456"

2024-09-04 15:47:34.667 [info] WARNING:pygls.protocol:Cancel notification for unknown message id "2457"

2024-09-04 15:47:37.565 [info] WARNING:pygls.protocol:Cancel notification for unknown message id "2467"

2024-09-04 15:47:37.571 [info] WARNING:pygls.protocol:Cancel notification for unknown message id "2468"

2024-09-04 15:47:39.973 [info] WARNING:pygls.protocol:Cancel notification for unknown message id "2479"

2024-09-04 15:47:42.944 [info] WARNING:pygls.protocol:Cancel notification for unknown message id "2488"

2024-09-04 15:47:42.950 [info] WARNING:pygls.protocol:Cancel notification for unknown message id "2489"

2024-09-04 15:47:52.180 [info] WARNING:pygls.protocol:Cancel notification for unknown message id "2534"

2024-09-04 15:47:55.012 [info] WARNING:pygls.protocol:Cancel notification for unknown message id "2554"

2024-09-04 15:47:55.034 [info] WARNING:pygls.protocol:Cancel notification for unknown message id "2556"

2024-09-04 15:47:56.288 [info] WARNING:pygls.protocol:Cancel notification for unknown message id "2563"

2024-09-04 15:47:56.532 [info] WARNING:pygls.protocol:Cancel notification for unknown message id "2565"

2024-09-04 15:48:04.674 [info] WARNING:pygls.protocol:Cancel notification for unknown message id "2585"

2024-09-04 15:48:04.694 [info] WARNING:pygls.protocol:Cancel notification for unknown message id "2586"

2024-09-04 15:48:05.032 [info] WARNING:pygls.protocol:Cancel notification for unknown message id "2589"

2024-09-04 15:48:05.054 [info] WARNING:pygls.protocol:Cancel notification for unknown message id "2591"

2024-09-04 15:48:05.475 [info] WARNING:pygls.protocol:Cancel notification for unknown message id "2594"

2024-09-04 15:48:06.319 [info] WARNING:pygls.protocol:Cancel notification for unknown message id "2599"

2024-09-04 15:48:06.601 [info] WARNING:pygls.protocol:Cancel notification for unknown message id "2601"

2024-09-04 15:48:09.430 [info] WARNING:pygls.protocol:Cancel notification for unknown message id "2622"

2024-09-04 15:48:13.908 [info] WARNING:pygls.protocol:Cancel notification for unknown message id "2641"

2024-09-04 15:48:13.910 [info] WARNING:pygls.protocol:Cancel notification for unknown message id "2643"

2024-09-04 15:48:14.934 [info] WARNING:pygls.protocol:Cancel notification for unknown message id "2647"

2024-09-04 15:48:14.936 [info] WARNING:pygls.protocol:Cancel notification for unknown message id "2649"

2024-09-04 15:48:23.715 [info] WARNING:pygls.protocol:Cancel notification for unknown message id "2664"

2024-09-04 15:48:24.629 [info] WARNING:pygls.protocol:Cancel notification for unknown message id "2670"

2024-09-04 15:48:26.606 [info] WARNING:pygls.protocol:Cancel notification for unknown message id "2676"

2024-09-04 15:48:26.615 [info] WARNING:pygls.protocol:Cancel notification for unknown message id "2677"

2024-09-04 15:48:28.075 [info] Exception in thread Thread-1801:
Traceback (most recent call last):
  File "/google/devshell/editor/code-oss-for-cloud-shell/extensions/ms-python.python/python_files/lib/jedilsp/jedi_language_server/jedi_utils.py", line 299, in lsp_python_diagnostic

2024-09-04 15:48:28.075 [info]     compile(source, uri, "exec", PyCF_ONLY_AST)
  File "file:///home/ardyop7/discord.py/main.py", line 9
    @client.event
SyntaxError: invalid syntax

During handling of the above exception, another exception occurred:

Traceback (most recent call last):
  File "/usr/lib/python3.10/threading.py", line 1016, in _bootstrap_inner
    self.run()
  File "/usr/lib/python3.10/threading.py", line 1378, in run

2024-09-04 15:48:28.076 [info]     self.function(*self.args, **self.kwargs)
  File "/google/devshell/editor/code-oss-for-cloud-shell/extensions/ms-python.python/python_files/lib/jedilsp/jedi_language_server/jedi_utils.py", line 71, in run
    return func(*args, **kwargs)
  File "/google/devshell/editor/code-oss-for-cloud-shell/extensions/ms-python.python/python_files/lib/jedilsp/jedi_language_server/server.py", line 653, in _publish_diagnostics

2024-09-04 15:48:28.076 [info]     diagnostic = jedi_utils.lsp_python_diagnostic(uri, doc.source)
  File "/google/devshell/editor/code-oss-for-cloud-shell/extensions/ms-python.python/python_files/lib/jedilsp/jedi_language_server/jedi_utils.py", line 320, in lsp_python_diagnostic
    end=Position(line=until_line, character=until_column),
  File "<attrs generated init lsprotocol.types.Position>", line 7, in __init__

2024-09-04 15:48:28.076 [info]   File "/google/devshell/editor/code-oss-for-cloud-shell/extensions/ms-python.python/python_files/lib/jedilsp/lsprotocol/validators.py", line 44, in uinteger_validator
    raise ValueError(
ValueError: Position.character should be in range [0:2147483647], but was -1.

2024-09-04 15:48:29.748 [info] WARNING:pygls.protocol:Cancel notification for unknown message id "2691"

2024-09-04 15:48:29.770 [info] WARNING:pygls.protocol:Cancel notification for unknown message id "2693"

2024-09-04 15:48:31.360 [info] WARNING:pygls.protocol:Cancel notification for unknown message id "2697"

2024-09-04 15:48:31.360 [info] WARNING:pygls.protocol:Cancel notification for unknown message id "2698"

2024-09-04 15:48:34.270 [info] WARNING:pygls.protocol:Cancel notification for unknown message id "2709"

2024-09-04 15:48:34.498 [info] WARNING:pygls.protocol:Cancel notification for unknown message id "2711"

2024-09-04 15:48:44.829 [info] WARNING:pygls.protocol:Cancel notification for unknown message id "2735"

2024-09-04 15:48:44.838 [info] WARNING:pygls.protocol:Cancel notification for unknown message id "2736"

2024-09-04 15:48:46.767 [info] WARNING:pygls.protocol:Cancel notification for unknown message id "2737"

2024-09-04 15:48:46.995 [info] WARNING:pygls.protocol:Cancel notification for unknown message id "2739"

2024-09-04 15:48:46.997 [info] WARNING:pygls.protocol:Cancel notification for unknown message id "2741"

2024-09-04 15:48:47.007 [info] WARNING:pygls.protocol:Cancel notification for unknown message id "2740"

2024-09-04 15:48:47.015 [info] WARNING:pygls.protocol:Cancel notification for unknown message id "2743"

2024-09-04 15:48:47.016 [info] WARNING:pygls.protocol:Cancel notification for unknown message id "2738"

2024-09-04 15:48:47.025 [info] WARNING:pygls.protocol:Cancel notification for unknown message id "2745"

2024-09-04 15:48:47.026 [info] WARNING:pygls.protocol:Cancel notification for unknown message id "2742"

2024-09-04 15:48:47.037 [info] WARNING:pygls.protocol:Cancel notification for unknown message id "2744"

2024-09-04 15:48:47.046 [info] WARNING:pygls.protocol:Cancel notification for unknown message id "2748"

2024-09-04 15:49:12.844 [info] WARNING:pygls.protocol:Cancel notification for unknown message id "2838"

2024-09-04 15:49:14.956 [info] WARNING:pygls.protocol:Cancel notification for unknown message id "2849"

2024-09-04 15:49:14.958 [info] WARNING:pygls.protocol:Cancel notification for unknown message id "2850"

2024-09-04 15:49:15.352 [info] WARNING:pygls.protocol:Cancel notification for unknown message id "2852"

2024-09-04 15:49:15.377 [info] WARNING:pygls.protocol:Cancel notification for unknown message id "2854"

2024-09-04 15:49:17.519 [info] Exception in thread Thread-1888:
Traceback (most recent call last):
  File "/google/devshell/editor/code-oss-for-cloud-shell/extensions/ms-python.python/python_files/lib/jedilsp/jedi_language_server/jedi_utils.py", line 299, in lsp_python_diagnostic

2024-09-04 15:49:17.520 [info]     compile(source, uri, "exec", PyCF_ONLY_AST)
  File "file:///home/ardyop7/discord.py/main.py", line 13
    @client.user
SyntaxError: invalid syntax

During handling of the above exception, another exception occurred:

Traceback (most recent call last):
  File "/usr/lib/python3.10/threading.py", line 1016, in _bootstrap_inner

2024-09-04 15:49:17.520 [info]     self.run()
  File "/usr/lib/python3.10/threading.py", line 1378, in run

2024-09-04 15:49:17.520 [info]     self.function(*self.args, **self.kwargs)
  File "/google/devshell/editor/code-oss-for-cloud-shell/extensions/ms-python.python/python_files/lib/jedilsp/jedi_language_server/jedi_utils.py", line 71, in run
    return func(*args, **kwargs)
  File "/google/devshell/editor/code-oss-for-cloud-shell/extensions/ms-python.python/python_files/lib/jedilsp/jedi_language_server/server.py", line 653, in _publish_diagnostics

2024-09-04 15:49:17.521 [info]     diagnostic = jedi_utils.lsp_python_diagnostic(uri, doc.source)
  File "/google/devshell/editor/code-oss-for-cloud-shell/extensions/ms-python.python/python_files/lib/jedilsp/jedi_language_server/jedi_utils.py", line 320, in lsp_python_diagnostic

2024-09-04 15:49:17.521 [info]     end=Position(line=until_line, character=until_column),
  File "<attrs generated init lsprotocol.types.Position>", line 7, in __init__
  File "/google/devshell/editor/code-oss-for-cloud-shell/extensions/ms-python.python/python_files/lib/jedilsp/lsprotocol/validators.py", line 44, in uinteger_validator
    raise ValueError(
ValueError: Position.character should be in range [0:2147483647], but was -1.

2024-09-04 15:49:19.565 [info] Exception in thread Thread-1891:
Traceback (most recent call last):
  File "/google/devshell/editor/code-oss-for-cloud-shell/extensions/ms-python.python/python_files/lib/jedilsp/jedi_language_server/jedi_utils.py", line 299, in lsp_python_diagnostic

2024-09-04 15:49:19.566 [info]     compile(source, uri, "exec", PyCF_ONLY_AST)
  File "file:///home/ardyop7/discord.py/main.py", line 13
    @client.user
SyntaxError: invalid syntax

During handling of the above exception, another exception occurred:

Traceback (most recent call last):
  File "/usr/lib/python3.10/threading.py", line 1016, in _bootstrap_inner
    self.run()
  File "/usr/lib/python3.10/threading.py", line 1378, in run

2024-09-04 15:49:19.566 [info]     self.function(*self.args, **self.kwargs)
  File "/google/devshell/editor/code-oss-for-cloud-shell/extensions/ms-python.python/python_files/lib/jedilsp/jedi_language_server/jedi_utils.py", line 71, in run

2024-09-04 15:49:19.566 [info]     return func(*args, **kwargs)
  File "/google/devshell/editor/code-oss-for-cloud-shell/extensions/ms-python.python/python_files/lib/jedilsp/jedi_language_server/server.py", line 653, in _publish_diagnostics

2024-09-04 15:49:19.568 [info]     diagnostic = jedi_utils.lsp_python_diagnostic(uri, doc.source)
  File "/google/devshell/editor/code-oss-for-cloud-shell/extensions/ms-python.python/python_files/lib/jedilsp/jedi_language_server/jedi_utils.py", line 320, in lsp_python_diagnostic
    end=Position(line=until_line, character=until_column),
  File "<attrs generated init lsprotocol.types.Position>", line 7, in __init__
  File "/google/devshell/editor/code-oss-for-cloud-shell/extensions/ms-python.python/python_files/lib/jedilsp/lsprotocol/validators.py", line 44, in uinteger_validator
    raise ValueError(
ValueError: Position.character should be in range [0:2147483647], but was -1.

2024-09-04 15:49:20.935 [info] Exception in thread Thread-1892:
Traceback (most recent call last):
  File "/google/devshell/editor/code-oss-for-cloud-shell/extensions/ms-python.python/python_files/lib/jedilsp/jedi_language_server/jedi_utils.py", line 299, in lsp_python_diagnostic

2024-09-04 15:49:20.935 [info]     compile(source, uri, "exec", PyCF_ONLY_AST)
  File "file:///home/ardyop7/discord.py/main.py", line 13
    @client.user
SyntaxError: invalid syntax

During handling of the above exception, another exception occurred:

Traceback (most recent call last):
  File "/usr/lib/python3.10/threading.py", line 1016, in _bootstrap_inner
    self.run()
  File "/usr/lib/python3.10/threading.py", line 1378, in run

2024-09-04 15:49:20.936 [info]     self.function(*self.args, **self.kwargs)
  File "/google/devshell/editor/code-oss-for-cloud-shell/extensions/ms-python.python/python_files/lib/jedilsp/jedi_language_server/jedi_utils.py", line 71, in run

2024-09-04 15:49:20.936 [info]     return func(*args, **kwargs)
  File "/google/devshell/editor/code-oss-for-cloud-shell/extensions/ms-python.python/python_files/lib/jedilsp/jedi_language_server/server.py", line 653, in _publish_diagnostics
    diagnostic = jedi_utils.lsp_python_diagnostic(uri, doc.source)
  File "/google/devshell/editor/code-oss-for-cloud-shell/extensions/ms-python.python/python_files/lib/jedilsp/jedi_language_server/jedi_utils.py", line 320, in lsp_python_diagnostic

2024-09-04 15:49:20.936 [info]     end=Position(line=until_line, character=until_column),
  File "<attrs generated init lsprotocol.types.Position>", line 7, in __init__
  File "/google/devshell/editor/code-oss-for-cloud-shell/extensions/ms-python.python/python_files/lib/jedilsp/lsprotocol/validators.py", line 44, in uinteger_validator
    raise ValueError(
ValueError: Position.character should be in range [0:2147483647], but was -1.

2024-09-04 15:49:27.424 [info] WARNING:pygls.protocol:Cancel notification for unknown message id "2893"

2024-09-04 15:49:29.060 [info] WARNING:pygls.protocol:Cancel notification for unknown message id "2898"

2024-09-04 15:49:29.065 [info] WARNING:pygls.protocol:Cancel notification for unknown message id "2900"

2024-09-04 15:49:39.780 [info] WARNING:pygls.protocol:Cancel notification for unknown message id "2936"

2024-09-04 15:49:39.781 [info] WARNING:pygls.protocol:Cancel notification for unknown message id "2935"

2024-09-04 15:49:41.583 [info] WARNING:pygls.protocol:Cancel notification for unknown message id "2943"

2024-09-04 15:49:41.585 [info] WARNING:pygls.protocol:Cancel notification for unknown message id "2945"

2024-09-04 15:49:42.167 [info] WARNING:pygls.protocol:Cancel notification for unknown message id "2946"

2024-09-04 15:49:42.175 [info] WARNING:pygls.protocol:Cancel notification for unknown message id "2947"

2024-09-04 15:49:42.574 [info] WARNING:pygls.protocol:Cancel notification for unknown message id "2949"

2024-09-04 15:49:45.796 [info] WARNING:pygls.protocol:Cancel notification for unknown message id "2956"

2024-09-04 15:49:47.804 [info] WARNING:pygls.protocol:Cancel notification for unknown message id "2961"

2024-09-04 15:49:49.368 [info] WARNING:pygls.protocol:Cancel notification for unknown message id "2966"

2024-09-04 15:49:49.370 [info] WARNING:pygls.protocol:Cancel notification for unknown message id "2967"

2024-09-04 15:49:53.167 [info] WARNING:pygls.protocol:Cancel notification for unknown message id "2975"

2024-09-04 15:49:53.169 [info] WARNING:pygls.protocol:Cancel notification for unknown message id "2976"

2024-09-04 15:49:56.225 [info] WARNING:pygls.protocol:Cancel notification for unknown message id "2982"

2024-09-04 15:49:56.227 [info] WARNING:pygls.protocol:Cancel notification for unknown message id "2983"

2024-09-04 15:50:03.308 [info] WARNING:pygls.protocol:Cancel notification for unknown message id "3001"

2024-09-04 15:50:04.629 [info] WARNING:pygls.protocol:Cancel notification for unknown message id "3004"

2024-09-04 15:50:04.637 [info] WARNING:pygls.protocol:Cancel notification for unknown message id "3005"

2024-09-04 15:50:17.928 [info] WARNING:pygls.protocol:Cancel notification for unknown message id "3045"

2024-09-04 15:50:30.081 [info] WARNING:pygls.protocol:Cancel notification for unknown message id "3082"

2024-09-04 15:50:32.703 [info] WARNING:pygls.protocol:Cancel notification for unknown message id "3094"

2024-09-04 15:50:32.706 [info] WARNING:pygls.protocol:Cancel notification for unknown message id "3096"

2024-09-04 15:50:33.473 [info] WARNING:pygls.protocol:Cancel notification for unknown message id "3097"

2024-09-04 15:50:34.504 [info] WARNING:pygls.protocol:Cancel notification for unknown message id "3098"

2024-09-04 15:50:34.690 [info] WARNING:pygls.protocol:Cancel notification for unknown message id "3099"

2024-09-04 15:50:35.643 [info] WARNING:pygls.protocol:Cancel notification for unknown message id "3103"

2024-09-04 15:50:35.645 [info] WARNING:pygls.protocol:Cancel notification for unknown message id "3105"

2024-09-04 15:50:36.898 [info] WARNING:pygls.protocol:Cancel notification for unknown message id "3112"

2024-09-04 15:50:37.081 [info] WARNING:pygls.protocol:Cancel notification for unknown message id "3113"

2024-09-04 15:50:39.978 [info] WARNING:pygls.protocol:Cancel notification for unknown message id "3116"

2024-09-04 15:50:39.986 [info] WARNING:pygls.protocol:Cancel notification for unknown message id "3117"

2024-09-04 15:50:40.188 [info] WARNING:pygls.protocol:Cancel notification for unknown message id "3119"

2024-09-04 15:50:40.372 [info] WARNING:pygls.protocol:Cancel notification for unknown message id "3120"

2024-09-04 15:50:40.373 [info] WARNING:pygls.protocol:Cancel notification for unknown message id "3118"

2024-09-04 15:50:40.556 [info] WARNING:pygls.protocol:Cancel notification for unknown message id "3121"

2024-09-04 15:50:40.560 [info] WARNING:pygls.protocol:Cancel notification for unknown message id "3124"

2024-09-04 15:50:40.564 [info] WARNING:pygls.protocol:Cancel notification for unknown message id "3127"

2024-09-04 15:50:40.566 [info] WARNING:pygls.protocol:Cancel notification for unknown message id "3125"

2024-09-04 15:50:40.566 [info] WARNING:pygls.protocol:Cancel notification for unknown message id "3123"

2024-09-04 15:50:40.758 [info] WARNING:pygls.protocol:Cancel notification for unknown message id "3129"

2024-09-04 15:50:40.759 [info] WARNING:pygls.protocol:Cancel notification for unknown message id "3128"

2024-09-04 15:50:40.987 [info] WARNING:pygls.protocol:Cancel notification for unknown message id "3130"

2024-09-04 15:50:41.219 [info] WARNING:pygls.protocol:Cancel notification for unknown message id "3131"

2024-09-04 15:50:41.408 [info] WARNING:pygls.protocol:Cancel notification for unknown message id "3132"

2024-09-04 15:50:41.605 [info] WARNING:pygls.protocol:Cancel notification for unknown message id "3133"

2024-09-04 15:50:41.607 [info] WARNING:pygls.protocol:Cancel notification for unknown message id "3126"

2024-09-04 15:50:41.611 [info] WARNING:pygls.protocol:Cancel notification for unknown message id "3134"

2024-09-04 15:50:41.614 [info] WARNING:pygls.protocol:Cancel notification for unknown message id "3138"

2024-09-04 15:50:41.616 [info] WARNING:pygls.protocol:Cancel notification for unknown message id "3135"

2024-09-04 15:50:41.616 [info] WARNING:pygls.protocol:Cancel notification for unknown message id "3136"

2024-09-04 15:50:41.626 [info] WARNING:pygls.protocol:Cancel notification for unknown message id "3140"

2024-09-04 15:50:41.628 [info] WARNING:pygls.protocol:Cancel notification for unknown message id "3141"

2024-09-04 15:50:41.629 [info] WARNING:pygls.protocol:Cancel notification for unknown message id "3139"

2024-09-04 15:50:42.579 [info] WARNING:pygls.protocol:Cancel notification for unknown message id "3147"

2024-09-04 15:50:44.260 [info] WARNING:pygls.protocol:Cancel notification for unknown message id "3155"

2024-09-04 15:50:44.281 [info] WARNING:pygls.protocol:Cancel notification for unknown message id "3156"

2024-09-04 15:50:47.895 [info] WARNING:pygls.protocol:Cancel notification for unknown message id "3170"

2024-09-04 15:50:47.903 [info] WARNING:pygls.protocol:Cancel notification for unknown message id "3171"

2024-09-04 15:50:48.250 [info] WARNING:pygls.protocol:Cancel notification for unknown message id "3172"

2024-09-04 15:50:49.735 [info] WARNING:pygls.protocol:Cancel notification for unknown message id "3178"

2024-09-04 15:50:51.133 [info] WARNING:pygls.protocol:Cancel notification for unknown message id "3181"

2024-09-04 15:50:51.318 [info] WARNING:pygls.protocol:Cancel notification for unknown message id "3183"

2024-09-04 15:50:53.392 [info] WARNING:pygls.protocol:Cancel notification for unknown message id "3187"

2024-09-04 15:50:53.583 [info] WARNING:pygls.protocol:Cancel notification for unknown message id "3188"

2024-09-04 15:50:53.977 [info] WARNING:pygls.protocol:Cancel notification for unknown message id "3190"

2024-09-04 15:50:53.985 [info] WARNING:pygls.protocol:Cancel notification for unknown message id "3191"

2024-09-04 15:50:54.347 [info] WARNING:pygls.protocol:Cancel notification for unknown message id "3193"

2024-09-04 15:50:55.765 [info] WARNING:pygls.protocol:Cancel notification for unknown message id "3198"

2024-09-04 15:50:55.767 [info] WARNING:pygls.protocol:Cancel notification for unknown message id "3199"

2024-09-04 15:50:56.435 [info] WARNING:pygls.protocol:Cancel notification for unknown message id "3200"

2024-09-04 15:50:56.437 [info] WARNING:pygls.protocol:Cancel notification for unknown message id "3201"

2024-09-04 15:51:26.627 [info] WARNING:pygls.protocol:Cancel notification for unknown message id "3262"

2024-09-04 15:51:26.629 [info] WARNING:pygls.protocol:Cancel notification for unknown message id "3264"

2024-09-04 15:51:27.172 [info] WARNING:pygls.protocol:Cancel notification for unknown message id "3265"

2024-09-04 15:51:27.450 [info] WARNING:pygls.protocol:Cancel notification for unknown message id "3267"

2024-09-04 15:51:30.790 [info] WARNING:pygls.protocol:Cancel notification for unknown message id "3288"

2024-09-04 15:52:10.979 [info] WARNING:pygls.protocol:Cancel notification for unknown message id "3324"

2024-09-04 15:52:10.988 [info] WARNING:pygls.protocol:Cancel notification for unknown message id "3325"

2024-09-04 15:52:12.911 [info] WARNING:pygls.protocol:Cancel notification for unknown message id "3330"

2024-09-04 15:52:12.913 [info] WARNING:pygls.protocol:Cancel notification for unknown message id "3332"

2024-09-04 15:52:13.534 [info] WARNING:pygls.protocol:Cancel notification for unknown message id "3333"

2024-09-04 15:52:13.558 [info] WARNING:pygls.protocol:Cancel notification for unknown message id "3335"

2024-09-04 15:52:18.826 [info] WARNING:pygls.protocol:Cancel notification for unknown message id "3353"

2024-09-04 15:52:20.298 [info] WARNING:pygls.protocol:Cancel notification for unknown message id "3363"

2024-09-04 15:53:21.262 [info] WARNING:pygls.protocol:Cancel notification for unknown message id "3416"

2024-09-04 15:55:55.001 [info] WARNING:pygls.protocol:Cancel notification for unknown message id "3510"

2024-09-04 15:56:33.109 [info] WARNING:pygls.protocol:Cancel notification for unknown message id "3557"

2024-09-04 15:56:33.786 [info] WARNING:pygls.protocol:Cancel notification for unknown message id "3559"

2024-09-04 15:57:09.950 [info] WARNING:pygls.protocol:Cancel notification for unknown message id "3579"

2024-09-04 15:57:12.673 [info] ERROR:pygls.protocol:Failed to handle request 3580 textDocument/codeAction CodeActionParams(text_document=TextDocumentIdentifier(uri='file:///home/ardyop7/discord.py/main.py'), range=17:23-17:33, context=CodeActionContext(diagnostics=[], only=None, trigger_kind=<CodeActionTriggerKind.Automatic: 2>), work_done_token=None, partial_result_token=None)
Traceback (most recent call last):
  File "/google/devshell/editor/code-oss-for-cloud-shell/extensions/ms-python.python/python_files/lib/jedilsp/pygls/protocol.py", line 340, in _handle_request
    self._execute_request(msg_id, handler, params)
  File "/google/devshell/editor/code-oss-for-cloud-shell/extensions/ms-python.python/python_files/lib/jedilsp/pygls/protocol.py", line 264, in _execute_request
    self._send_response(msg_id, handler(params))
  File "/google/devshell/editor/code-oss-for-cloud-shell/extensions/ms-python.python/python_files/lib/jedilsp/jedi_language_server/server.py", line 580, in code_action
    extract_variable_refactoring = jedi_script.extract_variable(
  File "/google/devshell/editor/code-oss-for-cloud-shell/extensions/ms-python.python/python_files/lib/jedilsp/jedi/api/helpers.py", line 487, in wrapper
    return func(self, line, column, *args, **kwargs)
  File "/google/devshell/editor/code-oss-for-cloud-shell/extensions/ms-python.python/python_files/lib/jedilsp/jedi/api/__init__.py", line 628, in extract_variable
    return extract_variable(
  File "/google/devshell/editor/code-oss-for-cloud-shell/extensions/ms-python.python/python_files/lib/jedilsp/jedi/api/refactoring/extract.py", line 19, in extract_variable
    nodes = _find_nodes(module_node, pos, until_pos)
  File "/google/devshell/editor/code-oss-for-cloud-shell/extensions/ms-python.python/python_files/lib/jedilsp/jedi/api/refactoring/extract.py", line 87, in _find_nodes
    nodes = _remove_unwanted_expression_nodes(parent_node, pos, until_pos)
  File "/google/devshell/editor/code-oss-for-cloud-shell/extensions/ms-python.python/python_files/lib/jedilsp/jedi/api/refactoring/extract.py", line 198, in _remove_unwanted_expression_nodes
    nodes[0:1] = _remove_unwanted_expression_nodes(nodes[0], pos, until_pos)
  File "/google/devshell/editor/code-oss-for-cloud-shell/extensions/ms-python.python/python_files/lib/jedilsp/jedi/api/refactoring/extract.py", line 196, in _remove_unwanted_expression_nodes
    nodes = nodes[start_index:end_index + 1]
UnboundLocalError: local variable 'start_index' referenced before assignment

2024-09-04 15:57:12.677 [info] WARNING:pygls.protocol:Cancel notification for unknown message id "3580"

2024-09-04 15:57:12.678 [info] [Error - 3:57:12 PM] Request textDocument/codeAction failed.
2024-09-04 15:57:12.678 [info]   Message: UnboundLocalError: local variable 'start_index' referenced before assignment
  Code: -32602 
{'traceback': ['  File "/google/devshell/editor/code-oss-for-cloud-shell/extensions/ms-python.python/python_files/lib/jedilsp/pygls/protocol.py", line 340, in _handle_request\n    self._execute_request(msg_id, handler, params)\n', '  File "/google/devshell/editor/code-oss-for-cloud-shell/extensions/ms-python.python/python_files/lib/jedilsp/pygls/protocol.py", line 264, in _execute_request\n    self._send_response(msg_id, handler(params))\n', '  File "/google/devshell/editor/code-oss-for-cloud-shell/extensions/ms-python.python/python_files/lib/jedilsp/jedi_language_server/server.py", line 580, in code_action\n    extract_variable_refactoring = jedi_script.extract_variable(\n', '  File "/google/devshell/editor/code-oss-for-cloud-shell/extensions/ms-python.python/python_files/lib/jedilsp/jedi/api/helpers.py", line 487, in wrapper\n    return func(self, line, column, *args, **kwargs)\n', '  File "/google/devshell/editor/code-oss-for-cloud-shell/extensions/ms-python.python/python_files/lib/jedilsp/jedi/api/__init__.py", line 628, in extract_variable\n    return extract_variable(\n', '  File "/google/devshell/editor/code-oss-for-cloud-shell/extensions/ms-python.python/python_files/lib/jedilsp/jedi/api/refactoring/extract.py", line 19, in extract_variable\n    nodes = _find_nodes(module_node, pos, until_pos)\n', '  File "/google/devshell/editor/code-oss-for-cloud-shell/extensions/ms-python.python/python_files/lib/jedilsp/jedi/api/refactoring/extract.py", line 87, in _find_nodes\n    nodes = _remove_unwanted_expression_nodes(parent_node, pos, until_pos)\n', '  File "/google/devshell/editor/code-oss-for-cloud-shell/extensions/ms-python.python/python_files/lib/jedilsp/jedi/api/refactoring/extract.py", line 198, in _remove_unwanted_expression_nodes\n    nodes[0:1] = _remove_unwanted_expression_nodes(nodes[0], pos, until_pos)\n', '  File "/google/devshell/editor/code-oss-for-cloud-shell/extensions/ms-python.python/python_files/lib/jedilsp/jedi/api/refactoring/extract.py", line 196, in _remove_unwanted_expression_nodes\n    nodes = nodes[start_index:end_index + 1]\n']}
2024-09-04 15:57:12.695 [info] WARNING:pygls.protocol:Cancel notification for unknown message id "3581"

2024-09-04 15:57:12.697 [info] WARNING:pygls.protocol:Cancel notification for unknown message id "3583"

2024-09-04 15:57:13.918 [info] WARNING:pygls.protocol:Cancel notification for unknown message id "3582"

2024-09-04 15:57:13.928 [info] WARNING:pygls.protocol:Cancel notification for unknown message id "3584"

2024-09-04 15:57:13.930 [info] WARNING:pygls.protocol:Cancel notification for unknown message id "3586"

2024-09-04 15:57:13.943 [info] WARNING:pygls.protocol:Cancel notification for unknown message id "3585"

2024-09-04 15:57:13.953 [info] WARNING:pygls.protocol:Cancel notification for unknown message id "3587"

2024-09-04 15:57:13.961 [info] WARNING:pygls.protocol:Cancel notification for unknown message id "3590"

2024-09-04 15:57:13.963 [info] WARNING:pygls.protocol:Cancel notification for unknown message id "3589"

2024-09-04 15:57:13.977 [info] WARNING:pygls.protocol:Cancel notification for unknown message id "3588"

2024-09-04 15:57:58.061 [info] WARNING:pygls.protocol:Cancel notification for unknown message id "3625"

2024-09-04 15:58:00.042 [info] WARNING:pygls.protocol:Cancel notification for unknown message id "3626"

2024-09-04 15:58:00.236 [info] WARNING:pygls.protocol:Cancel notification for unknown message id "3627"

2024-09-04 15:58:03.590 [info] WARNING:pygls.protocol:Cancel notification for unknown message id "3633"

2024-09-04 15:58:03.592 [info] WARNING:pygls.protocol:Cancel notification for unknown message id "3634"

2024-09-04 15:58:03.787 [info] WARNING:pygls.protocol:Cancel notification for unknown message id "3635"

2024-09-04 15:58:03.790 [info] WARNING:pygls.protocol:Cancel notification for unknown message id "3636"

2024-09-04 15:58:03.793 [info] WARNING:pygls.protocol:Cancel notification for unknown message id "3639"

2024-09-04 15:58:03.795 [info] WARNING:pygls.protocol:Cancel notification for unknown message id "3640"

2024-09-04 15:58:03.799 [info] WARNING:pygls.protocol:Cancel notification for unknown message id "3642"

2024-09-04 15:58:03.800 [info] WARNING:pygls.protocol:Cancel notification for unknown message id "3637"

2024-09-04 15:58:03.801 [info] WARNING:pygls.protocol:Cancel notification for unknown message id "3641"

2024-09-04 15:58:03.806 [info] WARNING:pygls.protocol:Cancel notification for unknown message id "3643"

2024-09-04 15:58:04.285 [info] WARNING:pygls.protocol:Cancel notification for unknown message id "3646"

2024-09-04 15:58:04.287 [info] WARNING:pygls.protocol:Cancel notification for unknown message id "3647"

2024-09-04 15:58:04.700 [info] WARNING:pygls.protocol:Cancel notification for unknown message id "3649"

2024-09-04 15:58:06.290 [info] WARNING:pygls.protocol:Cancel notification for unknown message id "3656"

2024-09-04 15:58:33.507 [info] WARNING:pygls.protocol:Cancel notification for unknown message id "3666"

2024-09-04 15:58:33.684 [info] WARNING:pygls.protocol:Cancel notification for unknown message id "3667"

2024-09-04 15:58:33.865 [info] WARNING:pygls.protocol:Cancel notification for unknown message id "3668"

2024-09-04 15:58:35.056 [info] ERROR:pygls.protocol:Failed to handle request 3669 textDocument/codeAction CodeActionParams(text_document=TextDocumentIdentifier(uri='file:///home/ardyop7/discord.py/main.py'), range=18:22-18:22, context=CodeActionContext(diagnostics=[], only=None, trigger_kind=<CodeActionTriggerKind.Automatic: 2>), work_done_token=None, partial_result_token=None)
Traceback (most recent call last):
  File "/google/devshell/editor/code-oss-for-cloud-shell/extensions/ms-python.python/python_files/lib/jedilsp/pygls/protocol.py", line 340, in _handle_request
    self._execute_request(msg_id, handler, params)
  File "/google/devshell/editor/code-oss-for-cloud-shell/extensions/ms-python.python/python_files/lib/jedilsp/pygls/protocol.py", line 264, in _execute_request
    self._send_response(msg_id, handler(params))
  File "/google/devshell/editor/code-oss-for-cloud-shell/extensions/ms-python.python/python_files/lib/jedilsp/jedi_language_server/server.py", line 580, in code_action
    extract_variable_refactoring = jedi_script.extract_variable(
  File "/google/devshell/editor/code-oss-for-cloud-shell/extensions/ms-python.python/python_files/lib/jedilsp/jedi/api/helpers.py", line 487, in wrapper
    return func(self, line, column, *args, **kwargs)
  File "/google/devshell/editor/code-oss-for-cloud-shell/extensions/ms-python.python/python_files/lib/jedilsp/jedi/api/__init__.py", line 628, in extract_variable
    return extract_variable(
  File "/google/devshell/editor/code-oss-for-cloud-shell/extensions/ms-python.python/python_files/lib/jedilsp/jedi/api/refactoring/extract.py", line 19, in extract_variable
    nodes = _find_nodes(module_node, pos, until_pos)
  File "/google/devshell/editor/code-oss-for-cloud-shell/extensions/ms-python.python/python_files/lib/jedilsp/jedi/api/refactoring/extract.py", line 87, in _find_nodes
    nodes = _remove_unwanted_expression_nodes(parent_node, pos, until_pos)
  File "/google/devshell/editor/code-oss-for-cloud-shell/extensions/ms-python.python/python_files/lib/jedilsp/jedi/api/refactoring/extract.py", line 198, in _remove_unwanted_expression_nodes
    nodes[0:1] = _remove_unwanted_expression_nodes(nodes[0], pos, until_pos)
  File "/google/devshell/editor/code-oss-for-cloud-shell/extensions/ms-python.python/python_files/lib/jedilsp/jedi/api/refactoring/extract.py", line 196, in _remove_unwanted_expression_nodes
    nodes = nodes[start_index:end_index + 1]
UnboundLocalError: local variable 'start_index' referenced before assignment

2024-09-04 15:58:35.056 [info] [Error - 3:58:35 PM] Request textDocument/codeAction failed.
2024-09-04 15:58:35.056 [info]   Message: UnboundLocalError: local variable 'start_index' referenced before assignment
  Code: -32602 
{'traceback': ['  File "/google/devshell/editor/code-oss-for-cloud-shell/extensions/ms-python.python/python_files/lib/jedilsp/pygls/protocol.py", line 340, in _handle_request\n    self._execute_request(msg_id, handler, params)\n', '  File "/google/devshell/editor/code-oss-for-cloud-shell/extensions/ms-python.python/python_files/lib/jedilsp/pygls/protocol.py", line 264, in _execute_request\n    self._send_response(msg_id, handler(params))\n', '  File "/google/devshell/editor/code-oss-for-cloud-shell/extensions/ms-python.python/python_files/lib/jedilsp/jedi_language_server/server.py", line 580, in code_action\n    extract_variable_refactoring = jedi_script.extract_variable(\n', '  File "/google/devshell/editor/code-oss-for-cloud-shell/extensions/ms-python.python/python_files/lib/jedilsp/jedi/api/helpers.py", line 487, in wrapper\n    return func(self, line, column, *args, **kwargs)\n', '  File "/google/devshell/editor/code-oss-for-cloud-shell/extensions/ms-python.python/python_files/lib/jedilsp/jedi/api/__init__.py", line 628, in extract_variable\n    return extract_variable(\n', '  File "/google/devshell/editor/code-oss-for-cloud-shell/extensions/ms-python.python/python_files/lib/jedilsp/jedi/api/refactoring/extract.py", line 19, in extract_variable\n    nodes = _find_nodes(module_node, pos, until_pos)\n', '  File "/google/devshell/editor/code-oss-for-cloud-shell/extensions/ms-python.python/python_files/lib/jedilsp/jedi/api/refactoring/extract.py", line 87, in _find_nodes\n    nodes = _remove_unwanted_expression_nodes(parent_node, pos, until_pos)\n', '  File "/google/devshell/editor/code-oss-for-cloud-shell/extensions/ms-python.python/python_files/lib/jedilsp/jedi/api/refactoring/extract.py", line 198, in _remove_unwanted_expression_nodes\n    nodes[0:1] = _remove_unwanted_expression_nodes(nodes[0], pos, until_pos)\n', '  File "/google/devshell/editor/code-oss-for-cloud-shell/extensions/ms-python.python/python_files/lib/jedilsp/jedi/api/refactoring/extract.py", line 196, in _remove_unwanted_expression_nodes\n    nodes = nodes[start_index:end_index + 1]\n']}
2024-09-04 15:58:35.058 [info] WARNING:pygls.protocol:Cancel notification for unknown message id "3669"

2024-09-04 15:58:36.276 [info] WARNING:pygls.protocol:Cancel notification for unknown message id "3670"

2024-09-04 15:58:37.460 [info] WARNING:pygls.protocol:Cancel notification for unknown message id "3671"

2024-09-04 15:58:37.646 [info] WARNING:pygls.protocol:Cancel notification for unknown message id "3673"

2024-09-04 15:58:37.647 [info] WARNING:pygls.protocol:Cancel notification for unknown message id "3672"

2024-09-04 15:58:37.980 [info] WARNING:pygls.protocol:Cancel notification for unknown message id "3675"

2024-09-04 15:58:39.698 [info] WARNING:pygls.protocol:Cancel notification for unknown message id "3683"

2024-09-04 15:59:07.441 [info] WARNING:pygls.protocol:Cancel notification for unknown message id "3696"

2024-09-04 15:59:44.688 [info] WARNING:pygls.protocol:Cancel notification for unknown message id "3720"

2024-09-04 15:59:44.974 [info] WARNING:pygls.protocol:Cancel notification for unknown message id "3722"

2024-09-04 15:59:47.363 [info] WARNING:pygls.protocol:Cancel notification for unknown message id "3733"

2024-09-04 15:59:49.430 [info] WARNING:pygls.protocol:Cancel notification for unknown message id "3734"

2024-09-04 15:59:49.628 [info] WARNING:pygls.protocol:Cancel notification for unknown message id "3736"

2024-09-04 15:59:49.630 [info] WARNING:pygls.protocol:Cancel notification for unknown message id "3737"

2024-09-04 15:59:52.315 [info] WARNING:pygls.protocol:Cancel notification for unknown message id "3745"

2024-09-04 15:59:55.202 [info] WARNING:pygls.protocol:Cancel notification for unknown message id "3747"

2024-09-04 15:59:57.871 [info] WARNING:pygls.protocol:Cancel notification for unknown message id "3750"
WARNING:pygls.protocol:Cancel notification for unknown message id "3749"

2024-09-04 15:59:58.128 [info] WARNING:pygls.protocol:Cancel notification for unknown message id "3752"

2024-09-04 15:59:58.312 [info] WARNING:pygls.protocol:Cancel notification for unknown message id "3753"

2024-09-04 15:59:58.313 [info] WARNING:pygls.protocol:Cancel notification for unknown message id "3751"

2024-09-04 15:59:58.502 [info] WARNING:pygls.protocol:Cancel notification for unknown message id "3754"

2024-09-04 15:59:58.508 [info] WARNING:pygls.protocol:Cancel notification for unknown message id "3757"

2024-09-04 15:59:58.509 [info] WARNING:pygls.protocol:Cancel notification for unknown message id "3760"

2024-09-04 15:59:58.511 [info] WARNING:pygls.protocol:Cancel notification for unknown message id "3758"

2024-09-04 16:00:02.395 [info] Exception in thread Thread-2413:
Traceback (most recent call last):
  File "/google/devshell/editor/code-oss-for-cloud-shell/extensions/ms-python.python/python_files/lib/jedilsp/jedi_language_server/jedi_utils.py", line 299, in lsp_python_diagnostic

2024-09-04 16:00:02.396 [info]     compile(source, uri, "exec", PyCF_ONLY_AST)
  File "file:///home/ardyop7/discord.py/main.py", line 25
    load_dotenv()
IndentationError: expected an indented block after 'if' statement on line 22

During handling of the above exception, another exception occurred:

Traceback (most recent call last):
  File "/usr/lib/python3.10/threading.py", line 1016, in _bootstrap_inner

2024-09-04 16:00:02.396 [info]     self.run()
  File "/usr/lib/python3.10/threading.py", line 1378, in run

2024-09-04 16:00:02.397 [info]     self.function(*self.args, **self.kwargs)
  File "/google/devshell/editor/code-oss-for-cloud-shell/extensions/ms-python.python/python_files/lib/jedilsp/jedi_language_server/jedi_utils.py", line 71, in run
    return func(*args, **kwargs)
  File "/google/devshell/editor/code-oss-for-cloud-shell/extensions/ms-python.python/python_files/lib/jedilsp/jedi_language_server/server.py", line 653, in _publish_diagnostics

2024-09-04 16:00:02.397 [info]     diagnostic = jedi_utils.lsp_python_diagnostic(uri, doc.source)
  File "/google/devshell/editor/code-oss-for-cloud-shell/extensions/ms-python.python/python_files/lib/jedilsp/jedi_language_server/jedi_utils.py", line 320, in lsp_python_diagnostic
    end=Position(line=until_line, character=until_column),
  File "<attrs generated init lsprotocol.types.Position>", line 7, in __init__
  File "/google/devshell/editor/code-oss-for-cloud-shell/extensions/ms-python.python/python_files/lib/jedilsp/lsprotocol/validators.py", line 44, in uinteger_validator
    raise ValueError(
ValueError: Position.character should be in range [0:2147483647], but was -1.

2024-09-04 16:00:03.725 [info] Exception in thread Thread-2414:
Traceback (most recent call last):
  File "/google/devshell/editor/code-oss-for-cloud-shell/extensions/ms-python.python/python_files/lib/jedilsp/jedi_language_server/jedi_utils.py", line 299, in lsp_python_diagnostic

2024-09-04 16:00:03.726 [info]     compile(source, uri, "exec", PyCF_ONLY_AST)
  File "file:///home/ardyop7/discord.py/main.py", line 25
    load_dotenv()
IndentationError: expected an indented block after 'if' statement on line 22

During handling of the above exception, another exception occurred:

Traceback (most recent call last):
  File "/usr/lib/python3.10/threading.py", line 1016, in _bootstrap_inner
    self.run()
  File "/usr/lib/python3.10/threading.py", line 1378, in run
    self.function(*self.args, **self.kwargs)
  File "/google/devshell/editor/code-oss-for-cloud-shell/extensions/ms-python.python/python_files/lib/jedilsp/jedi_language_server/jedi_utils.py", line 71, in run

2024-09-04 16:00:03.726 [info]     return func(*args, **kwargs)
  File "/google/devshell/editor/code-oss-for-cloud-shell/extensions/ms-python.python/python_files/lib/jedilsp/jedi_language_server/server.py", line 653, in _publish_diagnostics
    diagnostic = jedi_utils.lsp_python_diagnostic(uri, doc.source)
  File "/google/devshell/editor/code-oss-for-cloud-shell/extensions/ms-python.python/python_files/lib/jedilsp/jedi_language_server/jedi_utils.py", line 320, in lsp_python_diagnostic
    end=Position(line=until_line, character=until_column),

2024-09-04 16:00:03.727 [info]   File "<attrs generated init lsprotocol.types.Position>", line 7, in __init__
  File "/google/devshell/editor/code-oss-for-cloud-shell/extensions/ms-python.python/python_files/lib/jedilsp/lsprotocol/validators.py", line 44, in uinteger_validator
    raise ValueError(
ValueError: Position.character should be in range [0:2147483647], but was -1.

2024-09-04 16:00:09.529 [info] WARNING:pygls.protocol:Cancel notification for unknown message id "3790"

2024-09-04 16:00:11.665 [info] WARNING:pygls.protocol:Cancel notification for unknown message id "3791"

2024-09-04 16:00:11.667 [info] WARNING:pygls.protocol:Cancel notification for unknown message id "3792"

