Initializing document watcher...
Document watcher initialized
/User/settings.json: Using EditorConfig core...
/User/settings.json: Using EditorConfig core...
/User/settings.json: Using EditorConfig core...
/User/settings.json: {}
/User/settings.json: Using EditorConfig core...
/User/settings.json: Using EditorConfig core...
ardyop7/discord.py/main.py: {}
ardyop7/discord.py/main.py: {}
ardyop7/discord.py/main.py: {}
ardyop7/discord.py/main.py: {}
ardyop7/discord.py/sample.py: {}
ardyop7/discord.py/thehell.py: {}
ardyop7/discord.py/thehell.py: Using EditorConfig core...
ardyop7/discord.py/app.py: {}
ardyop7/discord.py/thehell.py: {}
ardyop7/discord.py/thehell.py: Using EditorConfig core...
ardyop7/discord.py/thehell.py: Using EditorConfig core...
ardyop7/discord.py/app.py: {}
ardyop7/discord.py/app.py: Using EditorConfig core...
ardyop7/discord.py/app.py: Using EditorConfig core...
ardyop7/discord.py/app.py: Using EditorConfig core...
ardyop7/discord.py/thehell.py: {}
ardyop7/discord.py/thehell.py: Using EditorConfig core...
ardyop7/discord.py/thehell.py: Using EditorConfig core...
ardyop7/discord.py/thehell.py: Using EditorConfig core...
ardyop7/discord.py/thehell.py: Using EditorConfig core...
ardyop7/discord.py/thehell.py: Using EditorConfig core...
ardyop7/discord.py/thehell.py: Using EditorConfig core...
ardyop7/discord.py/thehell.py: {}
ardyop7/discord.py/app.py: {}
ardyop7/Untitled-1: {}
ardyop7/discord.py/thehell.py: {}
ardyop7/Untitled-1: {}
ardyop7/discord.py/main.py: {}
ardyop7/discord.py/main.py: Using EditorConfig core...
ardyop7/discord.py/main.py: Using EditorConfig core...
ardyop7/discord.py/main.py: Using EditorConfig core...
ardyop7/discord.py/main.py: Using EditorConfig core...
ardyop7/discord.py/main.py: Using EditorConfig core...
ardyop7/discord.py/main.py: Using EditorConfig core...
ardyop7/discord.py/main.py: Using EditorConfig core...
ardyop7/discord.py/main.py: Using EditorConfig core...
ardyop7/discord.py/main.py: Using EditorConfig core...
ardyop7/discord.py/main.py: Using EditorConfig core...
ardyop7/discord.py/main.py: Using EditorConfig core...
ardyop7/discord.py/main.py: Using EditorConfig core...
ardyop7/discord.py/main.py: Using EditorConfig core...
ardyop7/discord.py/main.py: Using EditorConfig core...
ardyop7/discord.py/main.py: Using EditorConfig core...
ardyop7/discord.py/main.py: Using EditorConfig core...
ardyop7/discord.py/getapi.py: {}
ardyop7/discord.py/getapi.py: Using EditorConfig core...
ardyop7/discord.py/getapi.py: Using EditorConfig core...
ardyop7/discord.py/getapi.py: Using EditorConfig core...
ardyop7/discord.py/getapi.py: Using EditorConfig core...
ardyop7/discord.py/getapi.py: Using EditorConfig core...
ardyop7/discord.py/getapi.py: Using EditorConfig core...
ardyop7/discord.py/getapi.py: Using EditorConfig core...
ardyop7/discord.py/getapi.py: Using EditorConfig core...
ardyop7/discord.py/main.py: {}
ardyop7/discord.py/getapi.py: {}
ardyop7/discord.py/getapi.py: Using EditorConfig core...
ardyop7/discord.py/app.py: {}
ardyop7/discord.py/main.py: {}
ardyop7/discord.py/getapi.py: {}
ardyop7/discord.py/getapi.py: Using EditorConfig core...
ardyop7/discord.py/app.py: {}
ardyop7/discord.py/app.py: Using EditorConfig core...
ardyop7/discord.py/app.py: Using EditorConfig core...
ardyop7/discord.py/app.py: Using EditorConfig core...
ardyop7/discord.py/app.py: Using EditorConfig core...
ardyop7/discord.py/getapi.py: {}
ardyop7/discord.py/getapi.py: Using EditorConfig core...
ardyop7/discord.py/getapi.py: Using EditorConfig core...
ardyop7/discord.py/getapi.py: Using EditorConfig core...
ardyop7/discord.py/getapi.py: {}
ardyop7/discord.py/app.py: {}
ardyop7/discord.py/app.py: {}
ardyop7/discord.py/main.py: {}
ardyop7/discord.py/main.py: {}
ardyop7/discord.py/main.py: {}
ardyop7/discord.py/main.py: {}
ardyop7/discord.py/main.py: {}
ardyop7/discord.py/main.py: {}
ardyop7/discord.py/main.py: {}
ardyop7/discord.py/main.py: {}
ardyop7/discord.py/main.py: Using EditorConfig core...
ardyop7/discord.py/main.py: Using EditorConfig core...
ardyop7/discord.py/main.py: Using EditorConfig core...
ardyop7/discord.py/main.py: Using EditorConfig core...
ardyop7/discord.py/main.py: Using EditorConfig core...
ardyop7/discord.py/main.py: Using EditorConfig core...
ardyop7/discord.py/main.py: Using EditorConfig core...
ardyop7/discord.py/main.py: Using EditorConfig core...
ardyop7/discord.py/main.py: Using EditorConfig core...
ardyop7/discord.py/main.py: Using EditorConfig core...
ardyop7/discord.py/main.py: Using EditorConfig core...
ardyop7/discord.py/main.py: Using EditorConfig core...
ardyop7/discord.py/main.py: Using EditorConfig core...
ardyop7/discord.py/main.py: Using EditorConfig core...
ardyop7/discord.py/main.py: Using EditorConfig core...
ardyop7/discord.py/main.py: Using EditorConfig core...
ardyop7/discord.py/main.py: Using EditorConfig core...
ardyop7/discord.py/main.py: Using EditorConfig core...
ardyop7/discord.py/main.py: Using EditorConfig core...
ardyop7/discord.py/main.py: Using EditorConfig core...
ardyop7/discord.py/main.py: Using EditorConfig core...
ardyop7/discord.py/main.py: Using EditorConfig core...
ardyop7/discord.py/main.py: Using EditorConfig core...
ardyop7/discord.py/main.py: Using EditorConfig core...
ardyop7/discord.py/main.py: Using EditorConfig core...
ardyop7/discord.py/main.py: Using EditorConfig core...
ardyop7/discord.py/main.py: Using EditorConfig core...
ardyop7/discord.py/main.py: Using EditorConfig core...
ardyop7/discord.py/main.py: Using EditorConfig core...
ardyop7/discord.py/main.py: Using EditorConfig core...
ardyop7/discord.py/main.py: {}
ardyop7/discord.py/main.py: {}
ardyop7/discord.py/main.py: {}
ardyop7/discord.py/main.py: {}
