2024-08-29 15:27:26.716 [info] Extension host with pid 1650 started
2024-08-29 15:27:26.736 [info] Lock '/home/ardyop7/.codeoss/data/User/workspaceStorage/36433bbf/vscode.lock': Lock acquired.
2024-08-29 15:27:26.839 [info] ExtensionService#_doActivateExtension vscode.emmet, startup: false, activationEvent: 'onLanguage'
2024-08-29 15:27:27.034 [info] ExtensionService#_doActivateExtension vscode.git-base, startup: true, activationEvent: '*', root cause: vscode.git
2024-08-29 15:27:27.168 [info] ExtensionService#_doActivateExtension vscode.git, startup: true, activationEvent: '*'
2024-08-29 15:27:27.169 [info] ExtensionService#_doActivateExtension vscode.github, startup: true, activationEvent: '*'
2024-08-29 15:27:27.537 [info] ExtensionService#_doActivateExtension redhat.fabric8-analytics, startup: true, activationEvent: 'workspaceContains:**/package.json,**/pom.xml,**/go.mod,**/requirements.txt'
2024-08-29 15:27:27.986 [info] Eager extensions activated
2024-08-29 15:27:27.987 [info] ExtensionService#_doActivateExtension EditorConfig.EditorConfig, startup: false, activationEvent: 'onStartupFinished'
2024-08-29 15:27:27.988 [info] ExtensionService#_doActivateExtension google.cloud-shell, startup: false, activationEvent: 'onStartupFinished'
2024-08-29 15:27:27.988 [info] ExtensionService#_doActivateExtension googlecloudtools.cloudcode, startup: false, activationEvent: 'onStartupFinished'
2024-08-29 15:27:27.989 [info] ExtensionService#_doActivateExtension vscode.debug-auto-launch, startup: false, activationEvent: 'onStartupFinished'
2024-08-29 15:27:27.989 [info] ExtensionService#_doActivateExtension vscode.merge-conflict, startup: false, activationEvent: 'onStartupFinished'
2024-08-29 15:27:27.990 [info] ExtensionService#_doActivateExtension PKief.material-icon-theme, startup: false, activationEvent: 'onStartupFinished'
2024-08-29 15:27:30.938 [info] ExtensionService#_doActivateExtension vscode.json-language-features, startup: false, activationEvent: 'onLanguage:jsonc'
2024-08-29 15:27:30.939 [info] ExtensionService#_doActivateExtension vscode.typescript-language-features, startup: false, activationEvent: 'onLanguage:jsonc'
2024-08-29 15:27:32.450 [info] ExtensionService#_doActivateExtension vscode.github-authentication, startup: false, activationEvent: 'onAuthenticationRequest:github'
2024-08-29 15:27:49.085 [info] ExtensionService#_doActivateExtension ms-python.python, startup: false, activationEvent: 'onLanguage:python'
2024-08-29 15:35:14.825 [error] [ms-python.python] provider FAILED
2024-08-29 15:35:14.851 [error] Error: UnboundLocalError: local variable 'end_index' referenced before assignment
    at ae (/google/devshell/editor/code-oss-for-cloud-shell/extensions/ms-python.python/out/client/extension.js:2:2306827)
    at oe (/google/devshell/editor/code-oss-for-cloud-shell/extensions/ms-python.python/out/client/extension.js:2:2304787)
    at Immediate.<anonymous> (/google/devshell/editor/code-oss-for-cloud-shell/extensions/ms-python.python/out/client/extension.js:2:2301081)
    at processImmediate (node:internal/timers:476:21)
2024-08-29 15:42:42.242 [info] ExtensionService#_doActivateExtension redhat.java, startup: false, activationEvent: 'onLanguage:java'
2024-08-29 15:42:42.243 [info] ExtensionService#_doActivateExtension vscjava.vscode-java-debug, startup: false, activationEvent: 'onLanguage:java'
2024-08-29 15:42:42.244 [info] ExtensionService#_doActivateExtension vscjava.vscode-java-dependency, startup: false, activationEvent: 'onLanguage:java'
2024-08-29 15:42:43.324 [warning] [redhat.java] Accessing a resource scoped configuration without providing a resource is not expected. To get the effective value for '[java]', provide the URI of a resource or 'null' for any resource.
2024-08-29 15:42:43.395 [info] ExtensionService#_doActivateExtension vscjava.vscode-java-test, startup: false, activationEvent: 'onLanguage:java'
2024-08-29 15:42:43.904 [warning] [redhat.java] Accessing a resource scoped configuration without providing a resource is not expected. To get the effective value for '[java]', provide the URI of a resource or 'null' for any resource.
2024-08-29 15:43:10.351 [error] [redhat.java] provider FAILED
2024-08-29 15:43:10.405 [error] Error: The request (id: 18, method: 'textDocument/documentSymbol') has been cancelled
    at /google/devshell/editor/code-oss-for-cloud-shell/extensions/redhat.java/dist/extension.js:2:1106325
    at ie (/google/devshell/editor/code-oss-for-cloud-shell/extensions/redhat.java/dist/extension.js:2:1106619)
    at /google/devshell/editor/code-oss-for-cloud-shell/extensions/redhat.java/dist/extension.js:2:1101403
    at Immediate.<anonymous> (/google/devshell/editor/code-oss-for-cloud-shell/extensions/redhat.java/dist/extension.js:2:1101423)
    at processImmediate (node:internal/timers:476:21)
2024-08-29 15:43:13.152 [error] [redhat.java] provider FAILED
2024-08-29 15:43:13.153 [error] Error: Internal error.
    at /google/devshell/editor/code-oss-for-cloud-shell/extensions/redhat.java/dist/extension.js:2:1106325
    at ie (/google/devshell/editor/code-oss-for-cloud-shell/extensions/redhat.java/dist/extension.js:2:1106619)
    at /google/devshell/editor/code-oss-for-cloud-shell/extensions/redhat.java/dist/extension.js:2:1101403
    at Immediate.<anonymous> (/google/devshell/editor/code-oss-for-cloud-shell/extensions/redhat.java/dist/extension.js:2:1101423)
    at processImmediate (node:internal/timers:476:21)
2024-08-29 15:43:14.604 [error] [redhat.java] provider FAILED
2024-08-29 15:43:14.605 [error] Error: Internal error.
    at /google/devshell/editor/code-oss-for-cloud-shell/extensions/redhat.java/dist/extension.js:2:1106325
    at ie (/google/devshell/editor/code-oss-for-cloud-shell/extensions/redhat.java/dist/extension.js:2:1106619)
    at /google/devshell/editor/code-oss-for-cloud-shell/extensions/redhat.java/dist/extension.js:2:1101403
    at Immediate.<anonymous> (/google/devshell/editor/code-oss-for-cloud-shell/extensions/redhat.java/dist/extension.js:2:1101423)
    at processImmediate (node:internal/timers:476:21)
2024-08-29 15:43:15.237 [error] [redhat.java] provider FAILED
2024-08-29 15:43:15.237 [error] Error: Internal error.
    at /google/devshell/editor/code-oss-for-cloud-shell/extensions/redhat.java/dist/extension.js:2:1106325
    at ie (/google/devshell/editor/code-oss-for-cloud-shell/extensions/redhat.java/dist/extension.js:2:1106619)
    at /google/devshell/editor/code-oss-for-cloud-shell/extensions/redhat.java/dist/extension.js:2:1101403
    at Immediate.<anonymous> (/google/devshell/editor/code-oss-for-cloud-shell/extensions/redhat.java/dist/extension.js:2:1101423)
    at processImmediate (node:internal/timers:476:21)
2024-08-29 15:43:28.231 [error] [redhat.java] provider FAILED
2024-08-29 15:43:28.232 [error] Error: The request (id: 131, method: 'textDocument/documentSymbol') has been cancelled
    at /google/devshell/editor/code-oss-for-cloud-shell/extensions/redhat.java/dist/extension.js:2:1106325
    at ie (/google/devshell/editor/code-oss-for-cloud-shell/extensions/redhat.java/dist/extension.js:2:1106619)
    at /google/devshell/editor/code-oss-for-cloud-shell/extensions/redhat.java/dist/extension.js:2:1101403
    at Immediate.<anonymous> (/google/devshell/editor/code-oss-for-cloud-shell/extensions/redhat.java/dist/extension.js:2:1101423)
    at processImmediate (node:internal/timers:476:21)
2024-08-29 15:43:30.479 [error] [redhat.java] provider FAILED
2024-08-29 15:43:30.480 [error] Error: Internal error.
    at /google/devshell/editor/code-oss-for-cloud-shell/extensions/redhat.java/dist/extension.js:2:1106325
    at ie (/google/devshell/editor/code-oss-for-cloud-shell/extensions/redhat.java/dist/extension.js:2:1106619)
    at /google/devshell/editor/code-oss-for-cloud-shell/extensions/redhat.java/dist/extension.js:2:1101403
    at Immediate.<anonymous> (/google/devshell/editor/code-oss-for-cloud-shell/extensions/redhat.java/dist/extension.js:2:1101423)
    at processImmediate (node:internal/timers:476:21)
2024-08-29 15:43:30.871 [error] [redhat.java] provider FAILED
2024-08-29 15:43:30.871 [error] Error: Internal error.
    at /google/devshell/editor/code-oss-for-cloud-shell/extensions/redhat.java/dist/extension.js:2:1106325
    at ie (/google/devshell/editor/code-oss-for-cloud-shell/extensions/redhat.java/dist/extension.js:2:1106619)
    at /google/devshell/editor/code-oss-for-cloud-shell/extensions/redhat.java/dist/extension.js:2:1101403
    at Immediate.<anonymous> (/google/devshell/editor/code-oss-for-cloud-shell/extensions/redhat.java/dist/extension.js:2:1101423)
    at processImmediate (node:internal/timers:476:21)
2024-08-29 15:44:55.530 [error] [redhat.java] provider FAILED
2024-08-29 15:44:55.531 [error] Error: The request (id: 542, method: 'textDocument/documentSymbol') has been cancelled
    at /google/devshell/editor/code-oss-for-cloud-shell/extensions/redhat.java/dist/extension.js:2:1106325
    at ie (/google/devshell/editor/code-oss-for-cloud-shell/extensions/redhat.java/dist/extension.js:2:1106619)
    at /google/devshell/editor/code-oss-for-cloud-shell/extensions/redhat.java/dist/extension.js:2:1101403
    at Immediate.<anonymous> (/google/devshell/editor/code-oss-for-cloud-shell/extensions/redhat.java/dist/extension.js:2:1101423)
    at processImmediate (node:internal/timers:476:21)
2024-08-29 15:45:08.986 [error] [redhat.java] provider FAILED
2024-08-29 15:45:08.988 [error] Error: The request (id: 636, method: 'textDocument/hover') has been cancelled
    at /google/devshell/editor/code-oss-for-cloud-shell/extensions/redhat.java/dist/extension.js:2:1106325
    at ie (/google/devshell/editor/code-oss-for-cloud-shell/extensions/redhat.java/dist/extension.js:2:1106619)
    at /google/devshell/editor/code-oss-for-cloud-shell/extensions/redhat.java/dist/extension.js:2:1101403
    at Immediate.<anonymous> (/google/devshell/editor/code-oss-for-cloud-shell/extensions/redhat.java/dist/extension.js:2:1101423)
    at processImmediate (node:internal/timers:476:21)
2024-08-29 15:45:23.846 [error] [redhat.java] provider FAILED
2024-08-29 15:45:23.847 [error] Error: The request (id: 713, method: 'textDocument/documentSymbol') has been cancelled
    at /google/devshell/editor/code-oss-for-cloud-shell/extensions/redhat.java/dist/extension.js:2:1106325
    at ie (/google/devshell/editor/code-oss-for-cloud-shell/extensions/redhat.java/dist/extension.js:2:1106619)
    at /google/devshell/editor/code-oss-for-cloud-shell/extensions/redhat.java/dist/extension.js:2:1101403
    at Immediate.<anonymous> (/google/devshell/editor/code-oss-for-cloud-shell/extensions/redhat.java/dist/extension.js:2:1101423)
    at processImmediate (node:internal/timers:476:21)
2024-08-29 15:45:25.170 [error] [redhat.java] provider FAILED
2024-08-29 15:45:25.170 [error] Error: The request (id: 727, method: 'textDocument/documentSymbol') has been cancelled
    at /google/devshell/editor/code-oss-for-cloud-shell/extensions/redhat.java/dist/extension.js:2:1106325
    at ie (/google/devshell/editor/code-oss-for-cloud-shell/extensions/redhat.java/dist/extension.js:2:1106619)
    at /google/devshell/editor/code-oss-for-cloud-shell/extensions/redhat.java/dist/extension.js:2:1101403
    at Immediate.<anonymous> (/google/devshell/editor/code-oss-for-cloud-shell/extensions/redhat.java/dist/extension.js:2:1101423)
    at processImmediate (node:internal/timers:476:21)
2024-08-29 15:45:35.819 [error] [redhat.java] provider FAILED
2024-08-29 15:45:35.820 [error] Error: The request (id: 774, method: 'textDocument/documentSymbol') has been cancelled
    at /google/devshell/editor/code-oss-for-cloud-shell/extensions/redhat.java/dist/extension.js:2:1106325
    at ie (/google/devshell/editor/code-oss-for-cloud-shell/extensions/redhat.java/dist/extension.js:2:1106619)
    at /google/devshell/editor/code-oss-for-cloud-shell/extensions/redhat.java/dist/extension.js:2:1101403
    at Immediate.<anonymous> (/google/devshell/editor/code-oss-for-cloud-shell/extensions/redhat.java/dist/extension.js:2:1101423)
    at processImmediate (node:internal/timers:476:21)
2024-08-29 15:47:05.748 [error] [redhat.java] provider FAILED
2024-08-29 15:47:05.749 [error] Error: The request (id: 1017, method: 'textDocument/documentSymbol') has been cancelled
    at /google/devshell/editor/code-oss-for-cloud-shell/extensions/redhat.java/dist/extension.js:2:1106325
    at ie (/google/devshell/editor/code-oss-for-cloud-shell/extensions/redhat.java/dist/extension.js:2:1106619)
    at /google/devshell/editor/code-oss-for-cloud-shell/extensions/redhat.java/dist/extension.js:2:1101403
    at Immediate.<anonymous> (/google/devshell/editor/code-oss-for-cloud-shell/extensions/redhat.java/dist/extension.js:2:1101423)
    at processImmediate (node:internal/timers:476:21)
2024-08-29 15:49:16.198 [error] [redhat.java] provider FAILED
2024-08-29 15:49:16.204 [error] Error: The request (id: 1249, method: 'textDocument/hover') has been cancelled
    at /google/devshell/editor/code-oss-for-cloud-shell/extensions/redhat.java/dist/extension.js:2:1106325
    at ie (/google/devshell/editor/code-oss-for-cloud-shell/extensions/redhat.java/dist/extension.js:2:1106619)
    at /google/devshell/editor/code-oss-for-cloud-shell/extensions/redhat.java/dist/extension.js:2:1101403
    at Immediate.<anonymous> (/google/devshell/editor/code-oss-for-cloud-shell/extensions/redhat.java/dist/extension.js:2:1101423)
    at processImmediate (node:internal/timers:476:21)
2024-08-29 15:49:16.689 [error] [redhat.java] provider FAILED
2024-08-29 15:49:16.693 [error] Error: The request (id: 1250, method: 'textDocument/hover') has been cancelled
    at /google/devshell/editor/code-oss-for-cloud-shell/extensions/redhat.java/dist/extension.js:2:1106325
    at ie (/google/devshell/editor/code-oss-for-cloud-shell/extensions/redhat.java/dist/extension.js:2:1106619)
    at /google/devshell/editor/code-oss-for-cloud-shell/extensions/redhat.java/dist/extension.js:2:1101403
    at Immediate.<anonymous> (/google/devshell/editor/code-oss-for-cloud-shell/extensions/redhat.java/dist/extension.js:2:1101423)
    at processImmediate (node:internal/timers:476:21)
2024-08-29 15:49:36.648 [error] [redhat.java] provider FAILED
2024-08-29 15:49:36.649 [error] Error: The request (id: 1319, method: 'textDocument/documentSymbol') has been cancelled
    at /google/devshell/editor/code-oss-for-cloud-shell/extensions/redhat.java/dist/extension.js:2:1106325
    at ie (/google/devshell/editor/code-oss-for-cloud-shell/extensions/redhat.java/dist/extension.js:2:1106619)
    at /google/devshell/editor/code-oss-for-cloud-shell/extensions/redhat.java/dist/extension.js:2:1101403
    at Immediate.<anonymous> (/google/devshell/editor/code-oss-for-cloud-shell/extensions/redhat.java/dist/extension.js:2:1101423)
    at processImmediate (node:internal/timers:476:21)
2024-08-29 15:50:11.453 [error] [redhat.java] provider FAILED
2024-08-29 15:50:11.454 [error] Error: The request (id: 1435, method: 'textDocument/documentSymbol') has been cancelled
    at /google/devshell/editor/code-oss-for-cloud-shell/extensions/redhat.java/dist/extension.js:2:1106325
    at ie (/google/devshell/editor/code-oss-for-cloud-shell/extensions/redhat.java/dist/extension.js:2:1106619)
    at /google/devshell/editor/code-oss-for-cloud-shell/extensions/redhat.java/dist/extension.js:2:1101403
    at Immediate.<anonymous> (/google/devshell/editor/code-oss-for-cloud-shell/extensions/redhat.java/dist/extension.js:2:1101423)
    at processImmediate (node:internal/timers:476:21)
2024-08-29 15:50:17.923 [error] [redhat.java] provider FAILED
2024-08-29 15:50:17.924 [error] Error: Internal error.
    at /google/devshell/editor/code-oss-for-cloud-shell/extensions/redhat.java/dist/extension.js:2:1106325
    at ie (/google/devshell/editor/code-oss-for-cloud-shell/extensions/redhat.java/dist/extension.js:2:1106619)
    at /google/devshell/editor/code-oss-for-cloud-shell/extensions/redhat.java/dist/extension.js:2:1101403
    at Immediate.<anonymous> (/google/devshell/editor/code-oss-for-cloud-shell/extensions/redhat.java/dist/extension.js:2:1101423)
    at processImmediate (node:internal/timers:476:21)
2024-08-29 15:50:18.422 [error] [redhat.java] provider FAILED
2024-08-29 15:50:18.422 [error] Error: Internal error.
    at /google/devshell/editor/code-oss-for-cloud-shell/extensions/redhat.java/dist/extension.js:2:1106325
    at ie (/google/devshell/editor/code-oss-for-cloud-shell/extensions/redhat.java/dist/extension.js:2:1106619)
    at /google/devshell/editor/code-oss-for-cloud-shell/extensions/redhat.java/dist/extension.js:2:1101403
    at Immediate.<anonymous> (/google/devshell/editor/code-oss-for-cloud-shell/extensions/redhat.java/dist/extension.js:2:1101423)
    at processImmediate (node:internal/timers:476:21)
2024-08-29 15:50:29.062 [error] [redhat.java] provider FAILED
2024-08-29 15:50:29.062 [error] Error: The request (id: 1563, method: 'textDocument/documentSymbol') has been cancelled
    at /google/devshell/editor/code-oss-for-cloud-shell/extensions/redhat.java/dist/extension.js:2:1106325
    at ie (/google/devshell/editor/code-oss-for-cloud-shell/extensions/redhat.java/dist/extension.js:2:1106619)
    at /google/devshell/editor/code-oss-for-cloud-shell/extensions/redhat.java/dist/extension.js:2:1101403
    at Immediate.<anonymous> (/google/devshell/editor/code-oss-for-cloud-shell/extensions/redhat.java/dist/extension.js:2:1101423)
    at processImmediate (node:internal/timers:476:21)
2024-08-29 15:50:38.871 [error] [redhat.java] provider FAILED
2024-08-29 15:50:38.872 [error] Error: Internal error.
    at /google/devshell/editor/code-oss-for-cloud-shell/extensions/redhat.java/dist/extension.js:2:1106325
    at ie (/google/devshell/editor/code-oss-for-cloud-shell/extensions/redhat.java/dist/extension.js:2:1106619)
    at /google/devshell/editor/code-oss-for-cloud-shell/extensions/redhat.java/dist/extension.js:2:1101403
    at Immediate.<anonymous> (/google/devshell/editor/code-oss-for-cloud-shell/extensions/redhat.java/dist/extension.js:2:1101423)
    at processImmediate (node:internal/timers:476:21)
2024-08-29 15:50:47.638 [error] [redhat.java] provider FAILED
2024-08-29 15:50:47.639 [error] Error: The request (id: 1646, method: 'textDocument/hover') has been cancelled
    at /google/devshell/editor/code-oss-for-cloud-shell/extensions/redhat.java/dist/extension.js:2:1106325
    at ie (/google/devshell/editor/code-oss-for-cloud-shell/extensions/redhat.java/dist/extension.js:2:1106619)
    at /google/devshell/editor/code-oss-for-cloud-shell/extensions/redhat.java/dist/extension.js:2:1101403
    at Immediate.<anonymous> (/google/devshell/editor/code-oss-for-cloud-shell/extensions/redhat.java/dist/extension.js:2:1101423)
    at processImmediate (node:internal/timers:476:21)
2024-08-29 15:50:49.049 [error] [redhat.java] provider FAILED
2024-08-29 15:50:49.049 [error] Error: Internal error.
    at /google/devshell/editor/code-oss-for-cloud-shell/extensions/redhat.java/dist/extension.js:2:1106325
    at ie (/google/devshell/editor/code-oss-for-cloud-shell/extensions/redhat.java/dist/extension.js:2:1106619)
    at /google/devshell/editor/code-oss-for-cloud-shell/extensions/redhat.java/dist/extension.js:2:1101403
    at Immediate.<anonymous> (/google/devshell/editor/code-oss-for-cloud-shell/extensions/redhat.java/dist/extension.js:2:1101423)
    at processImmediate (node:internal/timers:476:21)
2024-08-29 15:50:49.546 [error] [redhat.java] provider FAILED
2024-08-29 15:50:49.547 [error] Error: Internal error.
    at /google/devshell/editor/code-oss-for-cloud-shell/extensions/redhat.java/dist/extension.js:2:1106325
    at ie (/google/devshell/editor/code-oss-for-cloud-shell/extensions/redhat.java/dist/extension.js:2:1106619)
    at /google/devshell/editor/code-oss-for-cloud-shell/extensions/redhat.java/dist/extension.js:2:1101403
    at Immediate.<anonymous> (/google/devshell/editor/code-oss-for-cloud-shell/extensions/redhat.java/dist/extension.js:2:1101423)
    at processImmediate (node:internal/timers:476:21)
2024-08-29 15:51:03.957 [error] [redhat.java] provider FAILED
2024-08-29 15:51:03.957 [error] Error: The request (id: 1671, method: 'textDocument/documentSymbol') has been cancelled
    at /google/devshell/editor/code-oss-for-cloud-shell/extensions/redhat.java/dist/extension.js:2:1106325
    at ie (/google/devshell/editor/code-oss-for-cloud-shell/extensions/redhat.java/dist/extension.js:2:1106619)
    at /google/devshell/editor/code-oss-for-cloud-shell/extensions/redhat.java/dist/extension.js:2:1101403
    at Immediate.<anonymous> (/google/devshell/editor/code-oss-for-cloud-shell/extensions/redhat.java/dist/extension.js:2:1101423)
    at processImmediate (node:internal/timers:476:21)
2024-08-29 15:51:04.264 [error] [redhat.java] provider FAILED
2024-08-29 15:51:04.264 [error] Error: The request (id: 1675, method: 'textDocument/documentSymbol') has been cancelled
    at /google/devshell/editor/code-oss-for-cloud-shell/extensions/redhat.java/dist/extension.js:2:1106325
    at ie (/google/devshell/editor/code-oss-for-cloud-shell/extensions/redhat.java/dist/extension.js:2:1106619)
    at /google/devshell/editor/code-oss-for-cloud-shell/extensions/redhat.java/dist/extension.js:2:1101403
    at Immediate.<anonymous> (/google/devshell/editor/code-oss-for-cloud-shell/extensions/redhat.java/dist/extension.js:2:1101423)
    at processImmediate (node:internal/timers:476:21)
2024-08-29 15:51:08.522 [error] [redhat.java] provider FAILED
2024-08-29 15:51:08.522 [error] Error: The request (id: 1703, method: 'textDocument/documentSymbol') has been cancelled
    at /google/devshell/editor/code-oss-for-cloud-shell/extensions/redhat.java/dist/extension.js:2:1106325
    at ie (/google/devshell/editor/code-oss-for-cloud-shell/extensions/redhat.java/dist/extension.js:2:1106619)
    at /google/devshell/editor/code-oss-for-cloud-shell/extensions/redhat.java/dist/extension.js:2:1101403
    at Immediate.<anonymous> (/google/devshell/editor/code-oss-for-cloud-shell/extensions/redhat.java/dist/extension.js:2:1101423)
    at processImmediate (node:internal/timers:476:21)
2024-08-29 15:51:13.193 [error] [redhat.java] provider FAILED
2024-08-29 15:51:13.193 [error] Error: The request (id: 1734, method: 'textDocument/documentSymbol') has been cancelled
    at /google/devshell/editor/code-oss-for-cloud-shell/extensions/redhat.java/dist/extension.js:2:1106325
    at ie (/google/devshell/editor/code-oss-for-cloud-shell/extensions/redhat.java/dist/extension.js:2:1106619)
    at /google/devshell/editor/code-oss-for-cloud-shell/extensions/redhat.java/dist/extension.js:2:1101403
    at Immediate.<anonymous> (/google/devshell/editor/code-oss-for-cloud-shell/extensions/redhat.java/dist/extension.js:2:1101423)
    at processImmediate (node:internal/timers:476:21)
2024-08-29 15:52:41.081 [error] [redhat.java] provider FAILED
2024-08-29 15:52:41.083 [error] Error: The request (id: 1956, method: 'textDocument/documentSymbol') has been cancelled
    at /google/devshell/editor/code-oss-for-cloud-shell/extensions/redhat.java/dist/extension.js:2:1106325
    at ie (/google/devshell/editor/code-oss-for-cloud-shell/extensions/redhat.java/dist/extension.js:2:1106619)
    at /google/devshell/editor/code-oss-for-cloud-shell/extensions/redhat.java/dist/extension.js:2:1101403
    at Immediate.<anonymous> (/google/devshell/editor/code-oss-for-cloud-shell/extensions/redhat.java/dist/extension.js:2:1101423)
    at processImmediate (node:internal/timers:476:21)
2024-08-29 15:52:58.790 [error] [redhat.java] provider FAILED
2024-08-29 15:52:58.791 [error] Error: The request (id: 2051, method: 'textDocument/documentSymbol') has been cancelled
    at /google/devshell/editor/code-oss-for-cloud-shell/extensions/redhat.java/dist/extension.js:2:1106325
    at ie (/google/devshell/editor/code-oss-for-cloud-shell/extensions/redhat.java/dist/extension.js:2:1106619)
    at /google/devshell/editor/code-oss-for-cloud-shell/extensions/redhat.java/dist/extension.js:2:1101403
    at Immediate.<anonymous> (/google/devshell/editor/code-oss-for-cloud-shell/extensions/redhat.java/dist/extension.js:2:1101423)
    at processImmediate (node:internal/timers:476:21)
2024-08-29 15:53:28.365 [error] [redhat.java] provider FAILED
2024-08-29 15:53:28.365 [error] Error: The request (id: 2241, method: 'textDocument/hover') has been cancelled
    at /google/devshell/editor/code-oss-for-cloud-shell/extensions/redhat.java/dist/extension.js:2:1106325
    at ie (/google/devshell/editor/code-oss-for-cloud-shell/extensions/redhat.java/dist/extension.js:2:1106619)
    at /google/devshell/editor/code-oss-for-cloud-shell/extensions/redhat.java/dist/extension.js:2:1101403
    at Immediate.<anonymous> (/google/devshell/editor/code-oss-for-cloud-shell/extensions/redhat.java/dist/extension.js:2:1101423)
    at processImmediate (node:internal/timers:476:21)
2024-08-29 15:53:28.641 [error] [redhat.java] provider FAILED
2024-08-29 15:53:28.642 [error] Error: The request (id: 2242, method: 'textDocument/hover') has been cancelled
    at /google/devshell/editor/code-oss-for-cloud-shell/extensions/redhat.java/dist/extension.js:2:1106325
    at ie (/google/devshell/editor/code-oss-for-cloud-shell/extensions/redhat.java/dist/extension.js:2:1106619)
    at /google/devshell/editor/code-oss-for-cloud-shell/extensions/redhat.java/dist/extension.js:2:1101403
    at Immediate.<anonymous> (/google/devshell/editor/code-oss-for-cloud-shell/extensions/redhat.java/dist/extension.js:2:1101423)
    at processImmediate (node:internal/timers:476:21)
2024-08-29 15:54:48.520 [error] [redhat.java] provider FAILED
2024-08-29 15:54:48.521 [error] Error: The request (id: 2528, method: 'textDocument/documentSymbol') has been cancelled
    at /google/devshell/editor/code-oss-for-cloud-shell/extensions/redhat.java/dist/extension.js:2:1106325
    at ie (/google/devshell/editor/code-oss-for-cloud-shell/extensions/redhat.java/dist/extension.js:2:1106619)
    at /google/devshell/editor/code-oss-for-cloud-shell/extensions/redhat.java/dist/extension.js:2:1101403
    at Immediate.<anonymous> (/google/devshell/editor/code-oss-for-cloud-shell/extensions/redhat.java/dist/extension.js:2:1101423)
    at processImmediate (node:internal/timers:476:21)
2024-08-29 15:54:57.083 [error] [redhat.java] provider FAILED
2024-08-29 15:54:57.083 [error] Error: The request (id: 2594, method: 'textDocument/documentSymbol') has been cancelled
    at /google/devshell/editor/code-oss-for-cloud-shell/extensions/redhat.java/dist/extension.js:2:1106325
    at ie (/google/devshell/editor/code-oss-for-cloud-shell/extensions/redhat.java/dist/extension.js:2:1106619)
    at /google/devshell/editor/code-oss-for-cloud-shell/extensions/redhat.java/dist/extension.js:2:1101403
    at Immediate.<anonymous> (/google/devshell/editor/code-oss-for-cloud-shell/extensions/redhat.java/dist/extension.js:2:1101423)
    at processImmediate (node:internal/timers:476:21)
2024-08-29 15:54:57.429 [error] [redhat.java] provider FAILED
2024-08-29 15:54:57.432 [error] Error: The request (id: 2598, method: 'textDocument/documentSymbol') has been cancelled
    at /google/devshell/editor/code-oss-for-cloud-shell/extensions/redhat.java/dist/extension.js:2:1106325
    at ie (/google/devshell/editor/code-oss-for-cloud-shell/extensions/redhat.java/dist/extension.js:2:1106619)
    at /google/devshell/editor/code-oss-for-cloud-shell/extensions/redhat.java/dist/extension.js:2:1101403
    at Immediate.<anonymous> (/google/devshell/editor/code-oss-for-cloud-shell/extensions/redhat.java/dist/extension.js:2:1101423)
    at processImmediate (node:internal/timers:476:21)
2024-08-29 15:55:23.575 [error] [redhat.java] provider FAILED
2024-08-29 15:55:23.576 [error] Error: The request (id: 2733, method: 'textDocument/documentSymbol') has been cancelled
    at /google/devshell/editor/code-oss-for-cloud-shell/extensions/redhat.java/dist/extension.js:2:1106325
    at ie (/google/devshell/editor/code-oss-for-cloud-shell/extensions/redhat.java/dist/extension.js:2:1106619)
    at /google/devshell/editor/code-oss-for-cloud-shell/extensions/redhat.java/dist/extension.js:2:1101403
    at Immediate.<anonymous> (/google/devshell/editor/code-oss-for-cloud-shell/extensions/redhat.java/dist/extension.js:2:1101423)
    at processImmediate (node:internal/timers:476:21)
2024-08-29 15:56:43.247 [error] [redhat.java] provider FAILED
2024-08-29 15:56:43.250 [error] Error: The request (id: 2900, method: 'textDocument/documentSymbol') has been cancelled
    at /google/devshell/editor/code-oss-for-cloud-shell/extensions/redhat.java/dist/extension.js:2:1106325
    at ie (/google/devshell/editor/code-oss-for-cloud-shell/extensions/redhat.java/dist/extension.js:2:1106619)
    at /google/devshell/editor/code-oss-for-cloud-shell/extensions/redhat.java/dist/extension.js:2:1101403
    at Immediate.<anonymous> (/google/devshell/editor/code-oss-for-cloud-shell/extensions/redhat.java/dist/extension.js:2:1101423)
    at processImmediate (node:internal/timers:476:21)
2024-08-29 15:56:43.793 [error] [redhat.java] provider FAILED
2024-08-29 15:56:43.794 [error] Error: The request (id: 2905, method: 'textDocument/documentSymbol') has been cancelled
    at /google/devshell/editor/code-oss-for-cloud-shell/extensions/redhat.java/dist/extension.js:2:1106325
    at ie (/google/devshell/editor/code-oss-for-cloud-shell/extensions/redhat.java/dist/extension.js:2:1106619)
    at /google/devshell/editor/code-oss-for-cloud-shell/extensions/redhat.java/dist/extension.js:2:1101403
    at Immediate.<anonymous> (/google/devshell/editor/code-oss-for-cloud-shell/extensions/redhat.java/dist/extension.js:2:1101423)
    at processImmediate (node:internal/timers:476:21)
2024-08-29 15:58:08.571 [error] [redhat.java] provider FAILED
2024-08-29 15:58:08.572 [error] Error: The request (id: 3014, method: 'textDocument/hover') has been cancelled
    at /google/devshell/editor/code-oss-for-cloud-shell/extensions/redhat.java/dist/extension.js:2:1106325
    at ie (/google/devshell/editor/code-oss-for-cloud-shell/extensions/redhat.java/dist/extension.js:2:1106619)
    at /google/devshell/editor/code-oss-for-cloud-shell/extensions/redhat.java/dist/extension.js:2:1101403
    at Immediate.<anonymous> (/google/devshell/editor/code-oss-for-cloud-shell/extensions/redhat.java/dist/extension.js:2:1101423)
    at processImmediate (node:internal/timers:476:21)
2024-08-29 16:03:33.036 [info] ExtensionService#_doActivateExtension vscode.debug-server-ready, startup: false, activationEvent: 'onDebugResolve'
2024-08-29 16:04:14.794 [info] Extension host terminating: received terminate message from renderer
2024-08-29 16:04:14.796 [info] Lock '/home/ardyop7/.codeoss/data/User/workspaceStorage/36433bbf/vscode.lock': Marking the lockfile as scheduled to be released in 6000 ms.
2024-08-29 16:04:14.891 [error] Canceled: Canceled
    at new L (/google/devshell/editor/code-oss-for-cloud-shell/out/vs/workbench/api/node/extensionHostProcess.js:143:47131)
    at c.U (/google/devshell/editor/code-oss-for-cloud-shell/out/vs/workbench/api/node/extensionHostProcess.js:150:5542)
    at Proxy.F.<computed>.z.charCodeAt.F.<computed> (/google/devshell/editor/code-oss-for-cloud-shell/out/vs/workbench/api/node/extensionHostProcess.js:150:2993)
    at r.g (/google/devshell/editor/code-oss-for-cloud-shell/out/vs/workbench/api/node/extensionHostProcess.js:153:188926)
    at r.executeCommand (/google/devshell/editor/code-oss-for-cloud-shell/out/vs/workbench/api/node/extensionHostProcess.js:153:188364)
    at k.registerCommand.description (/google/devshell/editor/code-oss-for-cloud-shell/out/vs/workbench/api/node/extensionHostProcess.js:153:187688)
    at r.h (/google/devshell/editor/code-oss-for-cloud-shell/out/vs/workbench/api/node/extensionHostProcess.js:153:189465)
    at r.g (/google/devshell/editor/code-oss-for-cloud-shell/out/vs/workbench/api/node/extensionHostProcess.js:153:188457)
    at r.executeCommand (/google/devshell/editor/code-oss-for-cloud-shell/out/vs/workbench/api/node/extensionHostProcess.js:153:188364)
    at Object.executeCommand (/google/devshell/editor/code-oss-for-cloud-shell/out/vs/workbench/api/node/extensionHostProcess.js:163:22673)
    at a.O [as value] (/google/devshell/editor/code-oss-for-cloud-shell/extensions/git/dist/main.js:2:167800)
    at o.y (/google/devshell/editor/code-oss-for-cloud-shell/out/vs/workbench/api/node/extensionHostProcess.js:82:660)
    at o.z (/google/devshell/editor/code-oss-for-cloud-shell/out/vs/workbench/api/node/extensionHostProcess.js:82:730)
    at o.fire (/google/devshell/editor/code-oss-for-cloud-shell/out/vs/workbench/api/node/extensionHostProcess.js:82:946)
    at Object.p [as dispose] (/google/devshell/editor/code-oss-for-cloud-shell/extensions/git/dist/main.js:2:186884)
    at /google/devshell/editor/code-oss-for-cloud-shell/extensions/git/dist/main.js:2:192922
    at Array.forEach (<anonymous>)
    at f.dispose (/google/devshell/editor/code-oss-for-cloud-shell/extensions/git/dist/main.js:2:192908)
    at h.<anonymous> (/google/devshell/editor/code-oss-for-cloud-shell/out/vs/workbench/api/node/extensionHostProcess.js:151:3955)
    at h.dispose (/google/devshell/editor/code-oss-for-cloud-shell/out/vs/workbench/api/node/extensionHostProcess.js:151:4052)
    at h.<anonymous> (/google/devshell/editor/code-oss-for-cloud-shell/extensions/git/dist/main.js:2:170057)
    at h.dispose (/google/devshell/editor/code-oss-for-cloud-shell/out/vs/workbench/api/node/extensionHostProcess.js:151:4052)
    at a (/google/devshell/editor/code-oss-for-cloud-shell/out/vs/workbench/api/node/extensionHostProcess.js:30:744)
    at f.eb (/google/devshell/editor/code-oss-for-cloud-shell/out/vs/workbench/api/node/extensionHostProcess.js:159:9975)
    at /google/devshell/editor/code-oss-for-cloud-shell/out/vs/workbench/api/node/extensionHostProcess.js:159:7824
    at Array.map (<anonymous>)
    at f.$ (/google/devshell/editor/code-oss-for-cloud-shell/out/vs/workbench/api/node/extensionHostProcess.js:159:7811)
    at f.terminate (/google/devshell/editor/code-oss-for-cloud-shell/out/vs/workbench/api/node/extensionHostProcess.js:159:8085)
    at a.terminate (/google/devshell/editor/code-oss-for-cloud-shell/out/vs/workbench/api/node/extensionHostProcess.js:163:1513)
    at t (/google/devshell/editor/code-oss-for-cloud-shell/out/vs/workbench/api/node/extensionHostProcess.js:176:9922)
    at a.value (/google/devshell/editor/code-oss-for-cloud-shell/out/vs/workbench/api/node/extensionHostProcess.js:176:7969)
    at o.y (/google/devshell/editor/code-oss-for-cloud-shell/out/vs/workbench/api/node/extensionHostProcess.js:82:660)
    at o.fire (/google/devshell/editor/code-oss-for-cloud-shell/out/vs/workbench/api/node/extensionHostProcess.js:82:877)
    at u.fire (/google/devshell/editor/code-oss-for-cloud-shell/out/vs/workbench/api/node/extensionHostProcess.js:107:14175)
    at r.z (/google/devshell/editor/code-oss-for-cloud-shell/out/vs/workbench/api/node/extensionHostProcess.js:107:17240)
    at a.value (/google/devshell/editor/code-oss-for-cloud-shell/out/vs/workbench/api/node/extensionHostProcess.js:107:15692)
    at o.y (/google/devshell/editor/code-oss-for-cloud-shell/out/vs/workbench/api/node/extensionHostProcess.js:82:660)
    at o.fire (/google/devshell/editor/code-oss-for-cloud-shell/out/vs/workbench/api/node/extensionHostProcess.js:82:877)
    at f.acceptChunk (/google/devshell/editor/code-oss-for-cloud-shell/out/vs/workbench/api/node/extensionHostProcess.js:107:11949)
    at a.value (/google/devshell/editor/code-oss-for-cloud-shell/out/vs/workbench/api/node/extensionHostProcess.js:107:11236)
    at o.y (/google/devshell/editor/code-oss-for-cloud-shell/out/vs/workbench/api/node/extensionHostProcess.js:82:660)
    at o.fire (/google/devshell/editor/code-oss-for-cloud-shell/out/vs/workbench/api/node/extensionHostProcess.js:82:877)
    at i.z (/google/devshell/editor/code-oss-for-cloud-shell/out/vs/workbench/api/node/extensionHostProcess.js:173:19732)
    at i.acceptFrame (/google/devshell/editor/code-oss-for-cloud-shell/out/vs/workbench/api/node/extensionHostProcess.js:173:19538)
    at n (/google/devshell/editor/code-oss-for-cloud-shell/out/vs/workbench/api/node/extensionHostProcess.js:173:18037)
    at /google/devshell/editor/code-oss-for-cloud-shell/out/vs/workbench/api/node/extensionHostProcess.js:173:15257
    at Socket.S (/google/devshell/editor/code-oss-for-cloud-shell/out/vs/workbench/api/node/extensionHostProcess.js:173:13162)
    at Socket.emit (node:events:517:28)
    at addChunk (node:internal/streams/readable:335:12)
    at readableAddChunk (node:internal/streams/readable:308:9)
    at Socket.Readable.push (node:internal/streams/readable:245:10)
    at TCP.onStreamRead (node:internal/stream_base_commons:190:23) setContext undefined
2024-08-29 16:04:14.898 [error] Canceled: Canceled
    at new L (/google/devshell/editor/code-oss-for-cloud-shell/out/vs/workbench/api/node/extensionHostProcess.js:143:47131)
    at c.U (/google/devshell/editor/code-oss-for-cloud-shell/out/vs/workbench/api/node/extensionHostProcess.js:150:5542)
    at Proxy.F.<computed>.z.charCodeAt.F.<computed> (/google/devshell/editor/code-oss-for-cloud-shell/out/vs/workbench/api/node/extensionHostProcess.js:150:2993)
    at r.g (/google/devshell/editor/code-oss-for-cloud-shell/out/vs/workbench/api/node/extensionHostProcess.js:153:188926)
    at r.executeCommand (/google/devshell/editor/code-oss-for-cloud-shell/out/vs/workbench/api/node/extensionHostProcess.js:153:188364)
    at k.registerCommand.description (/google/devshell/editor/code-oss-for-cloud-shell/out/vs/workbench/api/node/extensionHostProcess.js:153:187688)
    at r.h (/google/devshell/editor/code-oss-for-cloud-shell/out/vs/workbench/api/node/extensionHostProcess.js:153:189465)
    at r.g (/google/devshell/editor/code-oss-for-cloud-shell/out/vs/workbench/api/node/extensionHostProcess.js:153:188457)
    at r.executeCommand (/google/devshell/editor/code-oss-for-cloud-shell/out/vs/workbench/api/node/extensionHostProcess.js:153:188364)
    at Object.executeCommand (/google/devshell/editor/code-oss-for-cloud-shell/out/vs/workbench/api/node/extensionHostProcess.js:163:22673)
    at a.O [as value] (/google/devshell/editor/code-oss-for-cloud-shell/extensions/git/dist/main.js:2:167800)
    at o.y (/google/devshell/editor/code-oss-for-cloud-shell/out/vs/workbench/api/node/extensionHostProcess.js:82:660)
    at o.z (/google/devshell/editor/code-oss-for-cloud-shell/out/vs/workbench/api/node/extensionHostProcess.js:82:730)
    at o.fire (/google/devshell/editor/code-oss-for-cloud-shell/out/vs/workbench/api/node/extensionHostProcess.js:82:946)
    at Object.p [as dispose] (/google/devshell/editor/code-oss-for-cloud-shell/extensions/git/dist/main.js:2:186884)
    at /google/devshell/editor/code-oss-for-cloud-shell/extensions/git/dist/main.js:2:192922
    at Array.forEach (<anonymous>)
    at f.dispose (/google/devshell/editor/code-oss-for-cloud-shell/extensions/git/dist/main.js:2:192908)
    at h.<anonymous> (/google/devshell/editor/code-oss-for-cloud-shell/out/vs/workbench/api/node/extensionHostProcess.js:151:3955)
    at h.dispose (/google/devshell/editor/code-oss-for-cloud-shell/out/vs/workbench/api/node/extensionHostProcess.js:151:4052)
    at h.<anonymous> (/google/devshell/editor/code-oss-for-cloud-shell/extensions/git/dist/main.js:2:170057)
    at h.dispose (/google/devshell/editor/code-oss-for-cloud-shell/out/vs/workbench/api/node/extensionHostProcess.js:151:4052)
    at a (/google/devshell/editor/code-oss-for-cloud-shell/out/vs/workbench/api/node/extensionHostProcess.js:30:744)
    at f.eb (/google/devshell/editor/code-oss-for-cloud-shell/out/vs/workbench/api/node/extensionHostProcess.js:159:9975)
    at /google/devshell/editor/code-oss-for-cloud-shell/out/vs/workbench/api/node/extensionHostProcess.js:159:7824
    at Array.map (<anonymous>)
    at f.$ (/google/devshell/editor/code-oss-for-cloud-shell/out/vs/workbench/api/node/extensionHostProcess.js:159:7811)
    at f.terminate (/google/devshell/editor/code-oss-for-cloud-shell/out/vs/workbench/api/node/extensionHostProcess.js:159:8085)
    at a.terminate (/google/devshell/editor/code-oss-for-cloud-shell/out/vs/workbench/api/node/extensionHostProcess.js:163:1513)
    at t (/google/devshell/editor/code-oss-for-cloud-shell/out/vs/workbench/api/node/extensionHostProcess.js:176:9922)
    at a.value (/google/devshell/editor/code-oss-for-cloud-shell/out/vs/workbench/api/node/extensionHostProcess.js:176:7969)
    at o.y (/google/devshell/editor/code-oss-for-cloud-shell/out/vs/workbench/api/node/extensionHostProcess.js:82:660)
    at o.fire (/google/devshell/editor/code-oss-for-cloud-shell/out/vs/workbench/api/node/extensionHostProcess.js:82:877)
    at u.fire (/google/devshell/editor/code-oss-for-cloud-shell/out/vs/workbench/api/node/extensionHostProcess.js:107:14175)
    at r.z (/google/devshell/editor/code-oss-for-cloud-shell/out/vs/workbench/api/node/extensionHostProcess.js:107:17240)
    at a.value (/google/devshell/editor/code-oss-for-cloud-shell/out/vs/workbench/api/node/extensionHostProcess.js:107:15692)
    at o.y (/google/devshell/editor/code-oss-for-cloud-shell/out/vs/workbench/api/node/extensionHostProcess.js:82:660)
    at o.fire (/google/devshell/editor/code-oss-for-cloud-shell/out/vs/workbench/api/node/extensionHostProcess.js:82:877)
    at f.acceptChunk (/google/devshell/editor/code-oss-for-cloud-shell/out/vs/workbench/api/node/extensionHostProcess.js:107:11949)
    at a.value (/google/devshell/editor/code-oss-for-cloud-shell/out/vs/workbench/api/node/extensionHostProcess.js:107:11236)
    at o.y (/google/devshell/editor/code-oss-for-cloud-shell/out/vs/workbench/api/node/extensionHostProcess.js:82:660)
    at o.fire (/google/devshell/editor/code-oss-for-cloud-shell/out/vs/workbench/api/node/extensionHostProcess.js:82:877)
    at i.z (/google/devshell/editor/code-oss-for-cloud-shell/out/vs/workbench/api/node/extensionHostProcess.js:173:19732)
    at i.acceptFrame (/google/devshell/editor/code-oss-for-cloud-shell/out/vs/workbench/api/node/extensionHostProcess.js:173:19538)
    at n (/google/devshell/editor/code-oss-for-cloud-shell/out/vs/workbench/api/node/extensionHostProcess.js:173:18037)
    at /google/devshell/editor/code-oss-for-cloud-shell/out/vs/workbench/api/node/extensionHostProcess.js:173:15257
    at Socket.S (/google/devshell/editor/code-oss-for-cloud-shell/out/vs/workbench/api/node/extensionHostProcess.js:173:13162)
    at Socket.emit (node:events:517:28)
    at addChunk (node:internal/streams/readable:335:12)
    at readableAddChunk (node:internal/streams/readable:308:9)
    at Socket.Readable.push (node:internal/streams/readable:245:10)
    at TCP.onStreamRead (node:internal/stream_base_commons:190:23) setContext undefined
2024-08-29 16:04:14.905 [error] Canceled: Canceled
    at new L (/google/devshell/editor/code-oss-for-cloud-shell/out/vs/workbench/api/node/extensionHostProcess.js:143:47131)
    at c.U (/google/devshell/editor/code-oss-for-cloud-shell/out/vs/workbench/api/node/extensionHostProcess.js:150:5542)
    at Proxy.F.<computed>.z.charCodeAt.F.<computed> (/google/devshell/editor/code-oss-for-cloud-shell/out/vs/workbench/api/node/extensionHostProcess.js:150:2993)
    at r.g (/google/devshell/editor/code-oss-for-cloud-shell/out/vs/workbench/api/node/extensionHostProcess.js:153:188926)
    at r.executeCommand (/google/devshell/editor/code-oss-for-cloud-shell/out/vs/workbench/api/node/extensionHostProcess.js:153:188364)
    at k.registerCommand.description (/google/devshell/editor/code-oss-for-cloud-shell/out/vs/workbench/api/node/extensionHostProcess.js:153:187688)
    at r.h (/google/devshell/editor/code-oss-for-cloud-shell/out/vs/workbench/api/node/extensionHostProcess.js:153:189465)
    at r.g (/google/devshell/editor/code-oss-for-cloud-shell/out/vs/workbench/api/node/extensionHostProcess.js:153:188457)
    at r.executeCommand (/google/devshell/editor/code-oss-for-cloud-shell/out/vs/workbench/api/node/extensionHostProcess.js:153:188364)
    at Object.executeCommand (/google/devshell/editor/code-oss-for-cloud-shell/out/vs/workbench/api/node/extensionHostProcess.js:163:22673)
    at a.VscodeDevShareProvider.set hasGitHubRepositories [as hasGitHubRepositories] (/google/devshell/editor/code-oss-for-cloud-shell/extensions/github/dist/extension.js:2:25681)
    at /google/devshell/editor/code-oss-for-cloud-shell/extensions/github/dist/extension.js:2:26640
    at a.value (/google/devshell/editor/code-oss-for-cloud-shell/extensions/git/dist/main.js:2:273373)
    at o.y (/google/devshell/editor/code-oss-for-cloud-shell/out/vs/workbench/api/node/extensionHostProcess.js:82:660)
    at o.z (/google/devshell/editor/code-oss-for-cloud-shell/out/vs/workbench/api/node/extensionHostProcess.js:82:730)
    at o.fire (/google/devshell/editor/code-oss-for-cloud-shell/out/vs/workbench/api/node/extensionHostProcess.js:82:946)
    at Object.p [as dispose] (/google/devshell/editor/code-oss-for-cloud-shell/extensions/git/dist/main.js:2:186884)
    at /google/devshell/editor/code-oss-for-cloud-shell/extensions/git/dist/main.js:2:192922
    at Array.forEach (<anonymous>)
    at f.dispose (/google/devshell/editor/code-oss-for-cloud-shell/extensions/git/dist/main.js:2:192908)
    at h.<anonymous> (/google/devshell/editor/code-oss-for-cloud-shell/out/vs/workbench/api/node/extensionHostProcess.js:151:3955)
    at h.dispose (/google/devshell/editor/code-oss-for-cloud-shell/out/vs/workbench/api/node/extensionHostProcess.js:151:4052)
    at h.<anonymous> (/google/devshell/editor/code-oss-for-cloud-shell/extensions/git/dist/main.js:2:170057)
    at h.dispose (/google/devshell/editor/code-oss-for-cloud-shell/out/vs/workbench/api/node/extensionHostProcess.js:151:4052)
    at a (/google/devshell/editor/code-oss-for-cloud-shell/out/vs/workbench/api/node/extensionHostProcess.js:30:744)
    at f.eb (/google/devshell/editor/code-oss-for-cloud-shell/out/vs/workbench/api/node/extensionHostProcess.js:159:9975)
    at /google/devshell/editor/code-oss-for-cloud-shell/out/vs/workbench/api/node/extensionHostProcess.js:159:7824
    at Array.map (<anonymous>)
    at f.$ (/google/devshell/editor/code-oss-for-cloud-shell/out/vs/workbench/api/node/extensionHostProcess.js:159:7811)
    at f.terminate (/google/devshell/editor/code-oss-for-cloud-shell/out/vs/workbench/api/node/extensionHostProcess.js:159:8085)
    at a.terminate (/google/devshell/editor/code-oss-for-cloud-shell/out/vs/workbench/api/node/extensionHostProcess.js:163:1513)
    at t (/google/devshell/editor/code-oss-for-cloud-shell/out/vs/workbench/api/node/extensionHostProcess.js:176:9922)
    at a.value (/google/devshell/editor/code-oss-for-cloud-shell/out/vs/workbench/api/node/extensionHostProcess.js:176:7969)
    at o.y (/google/devshell/editor/code-oss-for-cloud-shell/out/vs/workbench/api/node/extensionHostProcess.js:82:660)
    at o.fire (/google/devshell/editor/code-oss-for-cloud-shell/out/vs/workbench/api/node/extensionHostProcess.js:82:877)
    at u.fire (/google/devshell/editor/code-oss-for-cloud-shell/out/vs/workbench/api/node/extensionHostProcess.js:107:14175)
    at r.z (/google/devshell/editor/code-oss-for-cloud-shell/out/vs/workbench/api/node/extensionHostProcess.js:107:17240)
    at a.value (/google/devshell/editor/code-oss-for-cloud-shell/out/vs/workbench/api/node/extensionHostProcess.js:107:15692)
    at o.y (/google/devshell/editor/code-oss-for-cloud-shell/out/vs/workbench/api/node/extensionHostProcess.js:82:660)
    at o.fire (/google/devshell/editor/code-oss-for-cloud-shell/out/vs/workbench/api/node/extensionHostProcess.js:82:877)
    at f.acceptChunk (/google/devshell/editor/code-oss-for-cloud-shell/out/vs/workbench/api/node/extensionHostProcess.js:107:11949)
    at a.value (/google/devshell/editor/code-oss-for-cloud-shell/out/vs/workbench/api/node/extensionHostProcess.js:107:11236)
    at o.y (/google/devshell/editor/code-oss-for-cloud-shell/out/vs/workbench/api/node/extensionHostProcess.js:82:660)
    at o.fire (/google/devshell/editor/code-oss-for-cloud-shell/out/vs/workbench/api/node/extensionHostProcess.js:82:877)
    at i.z (/google/devshell/editor/code-oss-for-cloud-shell/out/vs/workbench/api/node/extensionHostProcess.js:173:19732)
    at i.acceptFrame (/google/devshell/editor/code-oss-for-cloud-shell/out/vs/workbench/api/node/extensionHostProcess.js:173:19538)
    at n (/google/devshell/editor/code-oss-for-cloud-shell/out/vs/workbench/api/node/extensionHostProcess.js:173:18037)
    at /google/devshell/editor/code-oss-for-cloud-shell/out/vs/workbench/api/node/extensionHostProcess.js:173:15257
    at Socket.S (/google/devshell/editor/code-oss-for-cloud-shell/out/vs/workbench/api/node/extensionHostProcess.js:173:13162)
    at Socket.emit (node:events:517:28)
    at addChunk (node:internal/streams/readable:335:12)
    at readableAddChunk (node:internal/streams/readable:308:9)
    at Socket.Readable.push (node:internal/streams/readable:245:10)
    at TCP.onStreamRead (node:internal/stream_base_commons:190:23) setContext undefined
2024-08-29 16:04:15.034 [info] Extension host with pid 1650 exiting with code 0
